Component: ARM Compiler 5.06 update 5 (build 528) Tool: armlink [4d35e2]

==============================================================================

Section Cross References

    startup_stm32f427xx.o(RESET) refers to startup_stm32f427xx.o(STACK) for __initial_sp
    startup_stm32f427xx.o(RESET) refers to startup_stm32f427xx.o(.text) for Reset_Handler
    startup_stm32f427xx.o(RESET) refers to stm32f4xx_it.o(i.NMI_Handler) for NMI_Handler
    startup_stm32f427xx.o(RESET) refers to stm32f4xx_it.o(i.HardFault_Handler) for HardFault_Handler
    startup_stm32f427xx.o(RESET) refers to stm32f4xx_it.o(i.MemManage_Handler) for MemManage_Handler
    startup_stm32f427xx.o(RESET) refers to stm32f4xx_it.o(i.BusFault_Handler) for BusFault_Handler
    startup_stm32f427xx.o(RESET) refers to stm32f4xx_it.o(i.UsageFault_Handler) for UsageFault_Handler
    startup_stm32f427xx.o(RESET) refers to port.o(.emb_text) for SVC_Handler
    startup_stm32f427xx.o(RESET) refers to stm32f4xx_it.o(i.DebugMon_Handler) for DebugMon_Handler
    startup_stm32f427xx.o(RESET) refers to port.o(i.SysTick_Handler) for SysTick_Handler
    startup_stm32f427xx.o(RESET) refers to stm32f4xx_it.o(i.DMA1_Stream1_IRQHandler) for DMA1_Stream1_IRQHandler
    startup_stm32f427xx.o(RESET) refers to stm32f4xx_it.o(i.DMA1_Stream3_IRQHandler) for DMA1_Stream3_IRQHandler
    startup_stm32f427xx.o(RESET) refers to stm32f4xx_it.o(i.DMA1_Stream6_IRQHandler) for DMA1_Stream6_IRQHandler
    startup_stm32f427xx.o(RESET) refers to stm32f4xx_it.o(i.CAN1_RX0_IRQHandler) for CAN1_RX0_IRQHandler
    startup_stm32f427xx.o(RESET) refers to stm32f4xx_it.o(i.CAN1_RX1_IRQHandler) for CAN1_RX1_IRQHandler
    startup_stm32f427xx.o(RESET) refers to remote_task.o(i.USART1_IRQHandler) for USART1_IRQHandler
    startup_stm32f427xx.o(RESET) refers to stm32f4xx_it.o(i.TIM6_DAC_IRQHandler) for TIM6_DAC_IRQHandler
    startup_stm32f427xx.o(RESET) refers to stm32f4xx_it.o(i.TIM7_IRQHandler) for TIM7_IRQHandler
    startup_stm32f427xx.o(RESET) refers to stm32f4xx_it.o(i.DMA2_Stream2_IRQHandler) for DMA2_Stream2_IRQHandler
    startup_stm32f427xx.o(RESET) refers to stm32f4xx_it.o(i.CAN2_RX0_IRQHandler) for CAN2_RX0_IRQHandler
    startup_stm32f427xx.o(RESET) refers to stm32f4xx_it.o(i.CAN2_RX1_IRQHandler) for CAN2_RX1_IRQHandler
    startup_stm32f427xx.o(RESET) refers to stm32f4xx_it.o(i.USART6_IRQHandler) for USART6_IRQHandler
    startup_stm32f427xx.o(RESET) refers to stm32f4xx_it.o(i.UART7_IRQHandler) for UART7_IRQHandler
    startup_stm32f427xx.o(RESET) refers to stm32f4xx_it.o(i.UART8_IRQHandler) for UART8_IRQHandler
    startup_stm32f427xx.o(.text) refers to system_stm32f4xx.o(i.SystemInit) for SystemInit
    startup_stm32f427xx.o(.text) refers to entry.o(.ARM.Collect$$$$00000000) for __main
    bsp_rc.o(i.RC_init) refers to usart.o(.bss) for huart1
    bsp_rc.o(i.RC_restart) refers to usart.o(.bss) for huart1
    pid.o(i.PID_Calc_Ecd) refers to pid.o(i.ecd_zero) for ecd_zero
    can_recive.o(i.CAN_cmd_Lift) refers to stm32f4xx_hal_can.o(i.HAL_CAN_AddTxMessage) for HAL_CAN_AddTxMessage
    can_recive.o(i.CAN_cmd_Lift) refers to can_recive.o(.bss) for .bss
    can_recive.o(i.CAN_cmd_Lift) refers to can_recive.o(.data) for .data
    can_recive.o(i.CAN_cmd_Lift) refers to can.o(.bss) for hcan1
    can_recive.o(i.CAN_cmd_chassis) refers to stm32f4xx_hal_can.o(i.HAL_CAN_AddTxMessage) for HAL_CAN_AddTxMessage
    can_recive.o(i.CAN_cmd_chassis) refers to can_recive.o(.bss) for .bss
    can_recive.o(i.CAN_cmd_chassis) refers to can_recive.o(.data) for .data
    can_recive.o(i.CAN_cmd_chassis) refers to can.o(.bss) for hcan1
    can_recive.o(i.CAN_cmd_gimbal) refers to stm32f4xx_hal_can.o(i.HAL_CAN_AddTxMessage) for HAL_CAN_AddTxMessage
    can_recive.o(i.CAN_cmd_gimbal) refers to can_recive.o(.bss) for .bss
    can_recive.o(i.CAN_cmd_gimbal) refers to can_recive.o(.data) for .data
    can_recive.o(i.CAN_cmd_gimbal) refers to can.o(.bss) for hcan2
    can_recive.o(i.C_yaw_caculate) refers to can_recive.o(.data) for .data
    can_recive.o(i.Cha_Get_Motor_Data) refers to can_recive.o(.bss) for .bss
    can_recive.o(i.Gim_Get_Motor_Data) refers to can_recive.o(.bss) for .bss
    can_recive.o(i.HAL_CAN_RxFifo0MsgPendingCallback) refers to stm32f4xx_hal_can.o(i.HAL_CAN_GetRxMessage) for HAL_CAN_GetRxMessage
    can_recive.o(i.HAL_CAN_RxFifo0MsgPendingCallback) refers to can_recive.o(i.Cha_Get_Motor_Data) for Cha_Get_Motor_Data
    can_recive.o(i.HAL_CAN_RxFifo0MsgPendingCallback) refers to can_recive.o(i.Lift_Get_Motor_Data) for Lift_Get_Motor_Data
    can_recive.o(i.HAL_CAN_RxFifo0MsgPendingCallback) refers to can_recive.o(i.Gim_Get_Motor_Data) for Gim_Get_Motor_Data
    can_recive.o(i.HAL_CAN_RxFifo0MsgPendingCallback) refers to can_recive.o(.data) for .data
    can_recive.o(i.HAL_CAN_RxFifo0MsgPendingCallback) refers to can.o(.bss) for hcan1
    can_recive.o(i.HAL_CAN_RxFifo0MsgPendingCallback) refers to can_recive.o(.bss) for .bss
[...]
    TIM1_UP_TIM10_IRQHandler                 0x0800029b   Thumb Code     0  startup_stm32f427xx.o(.text)
    TIM2_IRQHandler                          0x0800029b   Thumb Code     0  startup_stm32f427xx.o(.text)
    TIM3_IRQHandler                          0x0800029b   Thumb Code     0  startup_stm32f427xx.o(.text)
    TIM4_IRQHandler                          0x0800029b   Thumb Code     0  startup_stm32f427xx.o(.text)
    TIM5_IRQHandler                          0x0800029b   Thumb Code     0  startup_stm32f427xx.o(.text)
    TIM8_BRK_TIM12_IRQHandler                0x0800029b   Thumb Code     0  startup_stm32f427xx.o(.text)
    TIM8_CC_IRQHandler                       0x0800029b   Thumb Code     0  startup_stm32f427xx.o(.text)
    TIM8_TRG_COM_TIM14_IRQHandler            0x0800029b   Thumb Code     0  startup_stm32f427xx.o(.text)
    TIM8_UP_TIM13_IRQHandler                 0x0800029b   Thumb Code     0  startup_stm32f427xx.o(.text)
    UART4_IRQHandler                         0x0800029b   Thumb Code     0  startup_stm32f427xx.o(.text)
    UART5_IRQHandler                         0x0800029b   Thumb Code     0  startup_stm32f427xx.o(.text)
    USART2_IRQHandler                        0x0800029b   Thumb Code     0  startup_stm32f427xx.o(.text)
    USART3_IRQHandler                        0x0800029b   Thumb Code     0  startup_stm32f427xx.o(.text)
    WWDG_IRQHandler                          0x0800029b   Thumb Code     0  startup_stm32f427xx.o(.text)
    __aeabi_uldivmod                         0x080002a5   Thumb Code    98  uldiv.o(.text)
    __aeabi_memcpy                           0x08000307   Thumb Code    36  memcpya.o(.text)
    __aeabi_memcpy4                          0x08000307   Thumb Code     0  memcpya.o(.text)
    __aeabi_memcpy8                          0x08000307   Thumb Code     0  memcpya.o(.text)
    __aeabi_memset                           0x0800032b   Thumb Code    14  memseta.o(.text)
    __aeabi_memset4                          0x0800032b   Thumb Code     0  memseta.o(.text)
    __aeabi_memset8                          0x0800032b   Thumb Code     0  memseta.o(.text)
    __aeabi_memclr                           0x08000339   Thumb Code     4  memseta.o(.text)
    __aeabi_memclr4                          0x08000339   Thumb Code     0  memseta.o(.text)
    __aeabi_memclr8                          0x08000339   Thumb Code     0  memseta.o(.text)
    memset                                   0x0800033d   Thumb Code    18  memseta.o(.text)
    __aeabi_dadd                             0x0800034f   Thumb Code   322  dadd.o(.text)
    __aeabi_dsub                             0x08000491   Thumb Code     6  dadd.o(.text)
    __aeabi_drsub                            0x08000497   Thumb Code     6  dadd.o(.text)
    __aeabi_dmul                             0x0800049d   Thumb Code   228  dmul.o(.text)
    __aeabi_ddiv                             0x08000581   Thumb Code   222  ddiv.o(.text)
    __aeabi_l2f                              0x0800065f   Thumb Code    44  ffltl.o(.text)
    __aeabi_i2d                              0x0800068b   Thumb Code    34  dflti.o(.text)
    __aeabi_l2d                              0x080006ad   Thumb Code    40  dfltl.o(.text)
    __aeabi_d2iz                             0x080006d5   Thumb Code    62  dfixi.o(.text)
    __aeabi_f2d                              0x08000713   Thumb Code    38  f2d.o(.text)
    __aeabi_cdcmpeq                          0x08000739   Thumb Code     0  cdcmple.o(.text)
    __aeabi_cdcmple                          0x08000739   Thumb Code    48  cdcmple.o(.text)
    __aeabi_cdrcmple                         0x08000769   Thumb Code    48  cdrcmple.o(.text)
    __aeabi_d2f                              0x08000799   Thumb Code    56  d2f.o(.text)
    __aeabi_llsl                             0x080007d1   Thumb Code    30  llshl.o(.text)
    _ll_shift_l                              0x080007d1   Thumb Code     0  llshl.o(.text)
    __aeabi_llsr                             0x080007ef   Thumb Code    32  llushr.o(.text)
    _ll_ushift_r                             0x080007ef   Thumb Code     0  llushr.o(.text)
    __aeabi_lasr                             0x0800080f   Thumb Code    36  llsshr.o(.text)
    _ll_sshift_r                             0x0800080f   Thumb Code     0  llsshr.o(.text)
    __I$use$fp                               0x08000833   Thumb Code     0  iusefp.o(.text)
    _float_round                             0x08000833   Thumb Code    18  fepilogue.o(.text)
    _float_epilogue                          0x08000845   Thumb Code    92  fepilogue.o(.text)
    _double_round                            0x080008a1   Thumb Code    30  depilogue.o(.text)
    _double_epilogue                         0x080008bf   Thumb Code   156  depilogue.o(.text)
    __ARM_scalbn                             0x0800095b   Thumb Code    46  dscalb.o(.text)
    scalbn                                   0x0800095b   Thumb Code     0  dscalb.o(.text)
    _dsqrt                                   0x08000989   Thumb Code   162  dsqrt.o(.text)
    __scatterload                            0x08000a2d   Thumb Code    28  init.o(.text)
    __scatterload_rt2                        0x08000a2d   Thumb Code     0  init.o(.text)
    __aeabi_ui2d                             0x08000a51   Thumb Code    26  dfltui.o(.text)
    __decompress                             0x08000a6b   Thumb Code     0  __dczerorl2.o(.text)
    __decompress1                            0x08000a6b   Thumb Code    86  __dczerorl2.o(.text)
    All_Init                                 0x08000ac1   Thumb Code    62  start_task.o(i.All_Init)
    Angle_Limit                              0x08000b11   Thumb Code    30  filter.o(i.Angle_Limit)
    BusFault_Handler                         0x08000de1   Thumb Code     2  stm32f4xx_it.o(i.BusFault_Handler)
    CAN1_RX0_IRQHandler                      0x08000de5   Thumb Code     6  stm32f4xx_it.o(i.CAN1_RX0_IRQHandler)
    CAN1_RX1_IRQHandler                      0x08000df1   Thumb Code     6  stm32f4xx_it.o(i.CAN1_RX1_IRQHandler)
    CAN2_RX0_IRQHandler                      0x08000dfd   Thumb Code     6  stm32f4xx_it.o(i.CAN2_RX0_IRQHandler)
    CAN2_RX1_IRQHandler                      0x08000e09   Thumb Code     6  stm32f4xx_it.o(i.CAN2_RX1_IRQHandler)
    CAN_cmd_Lift                             0x08000e15   Thumb Code    60  can_recive.o(i.CAN_cmd_Lift)
    CAN_cmd_chassis                          0x08000e5d   Thumb Code    60  can_recive.o(i.CAN_cmd_chassis)
    CAN_cmd_gimbal                           0x08000ea5   Thumb Code    60  can_recive.o(i.CAN_cmd_gimbal)
    C_yaw_caculate                           0x08000eed   Thumb Code   372  can_recive.o(i.C_yaw_caculate)
    Cha_Get_Motor_Data                       0x08001075   Thumb Code    56  can_recive.o(i.Cha_Get_Motor_Data)
    Chassis_Me_To_Target_Angle               0x080010b1   Thumb Code    68  chassis_task.o(i.Chassis_Me_To_Target_Angle)
    Chassis_Me_To_Target_Distance            0x080010fd   Thumb Code   118  chassis_task.o(i.Chassis_Me_To_Target_Distance)
    Chassis_Me_To_Target_X_Distance          0x0800117d   Thumb Code    26  chassis_task.o(i.Chassis_Me_To_Target_X_Distance)
    Chassis_Me_To_Target_Y_Distance          0x08001197   Thumb Code    26  chassis_task.o(i.Chassis_Me_To_Target_Y_Distance)
    Chassis_mode_change                      0x080011b1   Thumb Code   170  chassis_task.o(i.Chassis_mode_change)
    DMA1_Stream1_IRQHandler                  0x0800125d   Thumb Code     6  stm32f4xx_it.o(i.DMA1_Stream1_IRQHandler)
    DMA1_Stream3_IRQHandler                  0x08001269   Thumb Code     6  stm32f4xx_it.o(i.DMA1_Stream3_IRQHandler)
    DMA1_Stream6_IRQHandler                  0x08001275   Thumb Code     6  stm32f4xx_it.o(i.DMA1_Stream6_IRQHandler)
    DMA2_Stream2_IRQHandler                  0x08001281   Thumb Code     6  stm32f4xx_it.o(i.DMA2_Stream2_IRQHandler)
    DebugMon_Handler                         0x0800135b   Thumb Code     2  stm32f4xx_it.o(i.DebugMon_Handler)
    Error_Handler                            0x0800135d   Thumb Code     4  main.o(i.Error_Handler)
    Find_min_Angle                           0x08001361   Thumb Code   102  chassis_task.o(i.Find_min_Angle)
    Gim_Get_Motor_Data                       0x080013d9   Thumb Code    56  can_recive.o(i.Gim_Get_Motor_Data)
    HAL_CAN_ActivateNotification             0x08001415   Thumb Code    36  stm32f4xx_hal_can.o(i.HAL_CAN_ActivateNotification)
    HAL_CAN_AddTxMessage                     0x08001439   Thumb Code   242  stm32f4xx_hal_can.o(i.HAL_CAN_AddTxMessage)
    HAL_CAN_ConfigFilter                     0x0800152d   Thumb Code   266  stm32f4xx_hal_can.o(i.HAL_CAN_ConfigFilter)
    HAL_CAN_ErrorCallback                    0x0800163d   Thumb Code     2  stm32f4xx_hal_can.o(i.HAL_CAN_ErrorCallback)
    HAL_CAN_GetRxMessage                     0x0800163f   Thumb Code   262  stm32f4xx_hal_can.o(i.HAL_CAN_GetRxMessage)
    HAL_CAN_IRQHandler                       0x08001745   Thumb Code   508  stm32f4xx_hal_can.o(i.HAL_CAN_IRQHandler)
    HAL_CAN_Init                             0x08001941   Thumb Code   338  stm32f4xx_hal_can.o(i.HAL_CAN_Init)
    HAL_CAN_MspInit                          0x08001a95   Thumb Code   264  can.o(i.HAL_CAN_MspInit)
    HAL_CAN_RxFifo0FullCallback              0x08001bb5   Thumb Code     2  stm32f4xx_hal_can.o(i.HAL_CAN_RxFifo0FullCallback)
    HAL_CAN_RxFifo0MsgPendingCallback        0x08001bb9   Thumb Code   210  can_recive.o(i.HAL_CAN_RxFifo0MsgPendingCallback)
    HAL_CAN_RxFifo1FullCallback              0x08001ca5   Thumb Code     2  stm32f4xx_hal_can.o(i.HAL_CAN_RxFifo1FullCallback)
    HAL_CAN_RxFifo1MsgPendingCallback        0x08001ca7   Thumb Code     2  stm32f4xx_hal_can.o(i.HAL_CAN_RxFifo1MsgPendingCallback)
    HAL_CAN_SleepCallback                    0x08001ca9   Thumb Code     2  stm32f4xx_hal_can.o(i.HAL_CAN_SleepCallback)
    HAL_CAN_Start                            0x08001cab   Thumb Code    88  stm32f4xx_hal_can.o(i.HAL_CAN_Start)
    HAL_CAN_TxMailbox0AbortCallback          0x08001d03   Thumb Code     2  stm32f4xx_hal_can.o(i.HAL_CAN_TxMailbox0AbortCallback)
    HAL_CAN_TxMailbox0CompleteCallback       0x08001d05   Thumb Code     2  stm32f4xx_hal_can.o(i.HAL_CAN_TxMailbox0CompleteCallback)
    HAL_CAN_TxMailbox1AbortCallback          0x08001d07   Thumb Code     2  stm32f4xx_hal_can.o(i.HAL_CAN_TxMailbox1AbortCallback)
    HAL_CAN_TxMailbox1CompleteCallback       0x08001d09   Thumb Code     2  stm32f4xx_hal_can.o(i.HAL_CAN_TxMailbox1CompleteCallback)
    HAL_CAN_TxMailbox2AbortCallback          0x08001d0b   Thumb Code     2  stm32f4xx_hal_can.o(i.HAL_CAN_TxMailbox2AbortCallback)
    HAL_CAN_TxMailbox2CompleteCallback       0x08001d0d   Thumb Code     2  stm32f4xx_hal_can.o(i.HAL_CAN_TxMailbox2CompleteCallback)
    HAL_CAN_WakeUpFromRxMsgCallback          0x08001d0f   Thumb Code     2  stm32f4xx_hal_can.o(i.HAL_CAN_WakeUpFromRxMsgCallback)
    HAL_DMA_Abort                            0x08001d11   Thumb Code   142  stm32f4xx_hal_dma.o(i.HAL_DMA_Abort)
    HAL_DMA_Abort_IT                         0x08001d9f   Thumb Code    36  stm32f4xx_hal_dma.o(i.HAL_DMA_Abort_IT)
    HAL_DMA_IRQHandler                       0x08001dc5   Thumb Code   460  stm32f4xx_hal_dma.o(i.HAL_DMA_IRQHandler)
    HAL_DMA_Init                             0x08001f95   Thumb Code   208  stm32f4xx_hal_dma.o(i.HAL_DMA_Init)
    HAL_DMA_Start_IT                         0x08002069   Thumb Code   110  stm32f4xx_hal_dma.o(i.HAL_DMA_Start_IT)
    HAL_GPIO_Init                            0x080020d9   Thumb Code   440  stm32f4xx_hal_gpio.o(i.HAL_GPIO_Init)
    HAL_GPIO_ReadPin                         0x080022c5   Thumb Code    14  stm32f4xx_hal_gpio.o(i.HAL_GPIO_ReadPin)
    HAL_GPIO_WritePin                        0x080022d3   Thumb Code    14  stm32f4xx_hal_gpio.o(i.HAL_GPIO_WritePin)
    HAL_GetTick                              0x080022e1   Thumb Code     6  stm32f4xx_hal.o(i.HAL_GetTick)
    HAL_IncTick                              0x080022ed   Thumb Code    12  stm32f4xx_hal.o(i.HAL_IncTick)
    HAL_Init                                 0x080022fd   Thumb Code    48  stm32f4xx_hal.o(i.HAL_Init)
    HAL_InitTick                             0x08002331   Thumb Code   132  stm32f4xx_hal_timebase_tim.o(i.HAL_InitTick)
    HAL_MspInit                              0x080023c9   Thumb Code    52  stm32f4xx_hal_msp.o(i.HAL_MspInit)
    HAL_NVIC_EnableIRQ                       0x08002401   Thumb Code    26  stm32f4xx_hal_cortex.o(i.HAL_NVIC_EnableIRQ)
    HAL_NVIC_SetPriority                     0x0800241d   Thumb Code    60  stm32f4xx_hal_cortex.o(i.HAL_NVIC_SetPriority)
    HAL_NVIC_SetPriorityGrouping             0x0800245d   Thumb Code    26  stm32f4xx_hal_cortex.o(i.HAL_NVIC_SetPriorityGrouping)
    HAL_RCC_ClockConfig                      0x08002481   Thumb Code   310  stm32f4xx_hal_rcc.o(i.HAL_RCC_ClockConfig)
    HAL_RCC_GetClockConfig                   0x080025cd   Thumb Code    52  stm32f4xx_hal_rcc.o(i.HAL_RCC_GetClockConfig)
    HAL_RCC_GetHCLKFreq                      0x08002609   Thumb Code     6  stm32f4xx_hal_rcc.o(i.HAL_RCC_GetHCLKFreq)
    HAL_RCC_GetPCLK1Freq                     0x08002615   Thumb Code    22  stm32f4xx_hal_rcc.o(i.HAL_RCC_GetPCLK1Freq)
    HAL_RCC_GetPCLK2Freq                     0x08002635   Thumb Code    22  stm32f4xx_hal_rcc.o(i.HAL_RCC_GetPCLK2Freq)
    HAL_RCC_GetSysClockFreq                  0x08002655   Thumb Code    94  stm32f4xx_hal_rcc.o(i.HAL_RCC_GetSysClockFreq)
    HAL_RCC_OscConfig                        0x080026c1   Thumb Code   942  stm32f4xx_hal_rcc.o(i.HAL_RCC_OscConfig)
    HAL_SPI_Init                             0x08002a81   Thumb Code   190  stm32f4xx_hal_spi.o(i.HAL_SPI_Init)
    HAL_SPI_MspInit                          0x08002b41   Thumb Code    94  spi.o(i.HAL_SPI_MspInit)
    HAL_TIMEx_BreakCallback                  0x08002bad   Thumb Code     2  stm32f4xx_hal_tim_ex.o(i.HAL_TIMEx_BreakCallback)
    HAL_TIMEx_CommutCallback                 0x08002baf   Thumb Code     2  stm32f4xx_hal_tim_ex.o(i.HAL_TIMEx_CommutCallback)
    HAL_TIMEx_ConfigBreakDeadTime            0x08002bb1   Thumb Code    84  stm32f4xx_hal_tim_ex.o(i.HAL_TIMEx_ConfigBreakDeadTime)
    HAL_TIMEx_MasterConfigSynchronization    0x08002c05   Thumb Code   114  stm32f4xx_hal_tim_ex.o(i.HAL_TIMEx_MasterConfigSynchronization)
    HAL_TIM_Base_Init                        0x08002c95   Thumb Code    74  stm32f4xx_hal_tim.o(i.HAL_TIM_Base_Init)
    HAL_TIM_Base_MspInit                     0x08002ce1   Thumb Code   124  tim.o(i.HAL_TIM_Base_MspInit)
    HAL_TIM_Base_Start_IT                    0x08002d6d   Thumb Code   110  stm32f4xx_hal_tim.o(i.HAL_TIM_Base_Start_IT)
    HAL_TIM_ConfigClockSource                0x08002df9   Thumb Code   232  stm32f4xx_hal_tim.o(i.HAL_TIM_ConfigClockSource)
    HAL_TIM_IC_CaptureCallback               0x08002ee1   Thumb Code     2  stm32f4xx_hal_tim.o(i.HAL_TIM_IC_CaptureCallback)
    HAL_TIM_IRQHandler                       0x08002ee3   Thumb Code   366  stm32f4xx_hal_tim.o(i.HAL_TIM_IRQHandler)
    HAL_TIM_MspPostInit                      0x08003051   Thumb Code   160  tim.o(i.HAL_TIM_MspPostInit)
    HAL_TIM_OC_DelayElapsedCallback          0x08003109   Thumb Code     2  stm32f4xx_hal_tim.o(i.HAL_TIM_OC_DelayElapsedCallback)
    HAL_TIM_PWM_ConfigChannel                0x0800310b   Thumb Code   216  stm32f4xx_hal_tim.o(i.HAL_TIM_PWM_ConfigChannel)
    HAL_TIM_PWM_Init                         0x080031e3   Thumb Code    74  stm32f4xx_hal_tim.o(i.HAL_TIM_PWM_Init)
    HAL_TIM_PWM_MspInit                      0x0800322d   Thumb Code     2  stm32f4xx_hal_tim.o(i.HAL_TIM_PWM_MspInit)
    HAL_TIM_PWM_PulseFinishedCallback        0x0800322f   Thumb Code     2  stm32f4xx_hal_tim.o(i.HAL_TIM_PWM_PulseFinishedCallback)
    HAL_TIM_PWM_Start                        0x08003231   Thumb Code   190  stm32f4xx_hal_tim.o(i.HAL_TIM_PWM_Start)
    HAL_TIM_PeriodElapsedCallback            0x0800330d   Thumb Code    14  main.o(i.HAL_TIM_PeriodElapsedCallback)
    HAL_TIM_TriggerCallback                  0x08003321   Thumb Code     2  stm32f4xx_hal_tim.o(i.HAL_TIM_TriggerCallback)
    HAL_UARTEx_RxEventCallback               0x08003323   Thumb Code     2  stm32f4xx_hal_uart.o(i.HAL_UARTEx_RxEventCallback)
    HAL_UART_ErrorCallback                   0x08003325   Thumb Code     2  stm32f4xx_hal_uart.o(i.HAL_UART_ErrorCallback)
    HAL_UART_IRQHandler                      0x08003329   Thumb Code   546  stm32f4xx_hal_uart.o(i.HAL_UART_IRQHandler)
    HAL_UART_Init                            0x08003551   Thumb Code   100  stm32f4xx_hal_uart.o(i.HAL_UART_Init)
    HAL_UART_MspInit                         0x080035b5   Thumb Code   580  usart.o(i.HAL_UART_MspInit)
    HAL_UART_Receive_IT                      0x08003829   Thumb Code    46  stm32f4xx_hal_uart.o(i.HAL_UART_Receive_IT)
    HAL_UART_RxCpltCallback                  0x08003859   Thumb Code   114  can_recive.o(i.HAL_UART_RxCpltCallback)
    HAL_UART_RxHalfCpltCallback              0x080038d9   Thumb Code     2  stm32f4xx_hal_uart.o(i.HAL_UART_RxHalfCpltCallback)
    HAL_UART_Transmit                        0x080038db   Thumb Code   190  stm32f4xx_hal_uart.o(i.HAL_UART_Transmit)
    HAL_UART_Transmit_IT                     0x08003999   Thumb Code    66  stm32f4xx_hal_uart.o(i.HAL_UART_Transmit_IT)
    HAL_UART_TxCpltCallback                  0x080039dd   Thumb Code    10  can_recive.o(i.HAL_UART_TxCpltCallback)
    HardFault_Handler                        0x080039f1   Thumb Code     2  stm32f4xx_it.o(i.HardFault_Handler)
    Lift_Get_Motor_Data                      0x080039f5   Thumb Code    42  can_recive.o(i.Lift_Get_Motor_Data)
    MX_CAN1_Init                             0x08003a25   Thumb Code    60  can.o(i.MX_CAN1_Init)
    MX_CAN2_Init                             0x08003a69   Thumb Code    60  can.o(i.MX_CAN2_Init)
    MX_DMA_Init                              0x08003aad   Thumb Code   104  dma.o(i.MX_DMA_Init)
    MX_FREERTOS_Init                         0x08003b19   Thumb Code    30  freertos.o(i.MX_FREERTOS_Init)
    MX_GPIO_Init                             0x08003b41   Thumb Code   230  gpio.o(i.MX_GPIO_Init)
    MX_SPI5_Init                             0x08003c3d   Thumb Code    62  spi.o(i.MX_SPI5_Init)
    MX_TIM1_Init                             0x08003c85   Thumb Code   192  tim.o(i.MX_TIM1_Init)
    MX_TIM2_Init                             0x08003d4d   Thumb Code   194  tim.o(i.MX_TIM2_Init)
    MX_TIM7_Init                             0x08003e15   Thumb Code    60  tim.o(i.MX_TIM7_Init)
    MX_TIM8_Init                             0x08003e59   Thumb Code   240  tim.o(i.MX_TIM8_Init)
    MX_UART7_Init                            0x08003f51   Thumb Code    48  usart.o(i.MX_UART7_Init)
    MX_UART8_Init                            0x08003f89   Thumb Code    48  usart.o(i.MX_UART8_Init)
    MX_USART1_UART_Init                      0x08003fc1   Thumb Code    46  usart.o(i.MX_USART1_UART_Init)
    MX_USART6_UART_Init                      0x08003ffd   Thumb Code    48  usart.o(i.MX_USART6_UART_Init)
    MemManage_Handler                        0x08004035   Thumb Code     2  stm32f4xx_it.o(i.MemManage_Handler)
    NMI_Handler                              0x08004037   Thumb Code     2  stm32f4xx_it.o(i.NMI_Handler)
    PID_Calc_Angle                           0x0800406d   Thumb Code   252  pid.o(i.PID_Calc_Angle)
    PID_Calc_Ecd                             0x08004171   Thumb Code   384  pid.o(i.PID_Calc_Ecd)
    PID_calc                                 0x080042f5   Thumb Code   578  pid.o(i.PID_calc)
    PID_clear                                0x08004549   Thumb Code    58  pid.o(i.PID_clear)
    PID_init                                 0x08004589   Thumb Code    88  pid.o(i.PID_init)
    Polar_To_Stright                         0x080045e5   Thumb Code   780  chassis_task.o(i.Polar_To_Stright)
    RC_data_is_error                         0x08004919   Thumb Code   102  remote_task.o(i.RC_data_is_error)
    RC_init                                  0x08004985   Thumb Code    94  bsp_rc.o(i.RC_init)
    RC_restart                               0x080049f1   Thumb Code    52  bsp_rc.o(i.RC_restart)
    Remote_chassis_AGV_wheel_angle           0x08004a2d   Thumb Code  1290  chassis_task.o(i.Remote_chassis_AGV_wheel_angle)
    Remote_pid_caculate                      0x08005451   Thumb Code   166  chassis_task.o(i.Remote_pid_caculate)
    START_Task                               0x080054f9   Thumb Code   148  start_task.o(i.START_Task)
    Sensor_Get                               0x080055f1   Thumb Code   144  waypoint_task.o(i.Sensor_Get)
    Speed_Toggle                             0x08005691   Thumb Code   128  chassis_task.o(i.Speed_Toggle)
    SysTick_Handler                          0x08005721   Thumb Code    38  port.o(i.SysTick_Handler)
    SystemClock_Config                       0x0800574d   Thumb Code   140  main.o(i.SystemClock_Config)
    SystemInit                               0x080057e1   Thumb Code    12  system_stm32f4xx.o(i.SystemInit)
    TIM6_DAC_IRQHandler                      0x080057f1   Thumb Code     6  stm32f4xx_it.o(i.TIM6_DAC_IRQHandler)
    TIM7_IRQHandler                          0x080057fd   Thumb Code     6  stm32f4xx_it.o(i.TIM7_IRQHandler)
    TIM_Base_SetConfig                       0x08005809   Thumb Code   160  stm32f4xx_hal_tim.o(i.TIM_Base_SetConfig)
    TIM_CCxChannelCmd                        0x080058d5   Thumb Code    26  stm32f4xx_hal_tim.o(i.TIM_CCxChannelCmd)
    TIM_ETR_SetConfig                        0x080058ef   Thumb Code    20  stm32f4xx_hal_tim.o(i.TIM_ETR_SetConfig)
    TIM_OC2_SetConfig                        0x0800597d   Thumb Code   106  stm32f4xx_hal_tim.o(i.TIM_OC2_SetConfig)
    Top_6020_enforce                         0x08005afd   Thumb Code    38  chassis_task.o(i.Top_6020_enforce)
    UART7_IRQHandler                         0x08005b35   Thumb Code    16  stm32f4xx_it.o(i.UART7_IRQHandler)
    UART8_IRQHandler                         0x08005b49   Thumb Code     6  stm32f4xx_it.o(i.UART8_IRQHandler)
    UART_IDLE_init                           0x08005cd1   Thumb Code    24  base_usart.o(i.UART_IDLE_init)
    UART_Start_Receive_DMA                   0x08005ecd   Thumb Code   138  stm32f4xx_hal_uart.o(i.UART_Start_Receive_DMA)
    UART_Start_Receive_IT                    0x08005f65   Thumb Code    60  stm32f4xx_hal_uart.o(i.UART_Start_Receive_IT)
    USART1_IRQHandler                        0x08006075   Thumb Code   182  remote_task.o(i.USART1_IRQHandler)
    USART6_IRQHandler                        0x08006145   Thumb Code     6  stm32f4xx_it.o(i.USART6_IRQHandler)
    UsageFault_Handler                       0x08006151   Thumb Code     2  stm32f4xx_it.o(i.UsageFault_Handler)
    Waypoint_Init                            0x08006155   Thumb Code   304  waypoint_task.o(i.Waypoint_Init)
    Waypoint_Write                           0x080062f1   Thumb Code    16  waypoint_task.o(i.Waypoint_Write)
    __ARM_fpclassify                         0x08006305   Thumb Code    48  fpclassify.o(i.__ARM_fpclassify)
    __ARM_fpclassifyf                        0x08006335   Thumb Code    38  fpclassifyf.o(i.__ARM_fpclassifyf)
    __hardfp_atan                            0x08006381   Thumb Code   622  atan.o(i.__hardfp_atan)
    __hardfp_atan2                           0x08006659   Thumb Code   432  atan2.o(i.__hardfp_atan2)
    __hardfp_cos                             0x08006849   Thumb Code   180  cos.o(i.__hardfp_cos)
    __hardfp_cosf                            0x08006911   Thumb Code   280  cosf.o(i.__hardfp_cosf)
    __hardfp_fabs                            0x08006a61   Thumb Code    20  fabs.o(i.__hardfp_fabs)
    __hardfp_pow                             0x08006a79   Thumb Code  3072  pow.o(i.__hardfp_pow)
    __hardfp_sin                             0x080076c9   Thumb Code   180  sin.o(i.__hardfp_sin)
    __hardfp_sinf                            0x08007791   Thumb Code   344  sinf.o(i.__hardfp_sinf)
    __hardfp_sqrt                            0x08007921   Thumb Code   122  sqrt.o(i.__hardfp_sqrt)
    __ieee754_rem_pio2                       0x080079a1   Thumb Code   938  rred.o(i.__ieee754_rem_pio2)
    __kernel_cos                             0x08007dd9   Thumb Code   322  cos_i.o(i.__kernel_cos)
    __kernel_poly                            0x08007f49   Thumb Code   248  poly.o(i.__kernel_poly)
    __kernel_sin                             0x08008041   Thumb Code   280  sin_i.o(i.__kernel_sin)
    __mathlib_dbl_divzero                    0x08008171   Thumb Code    28  dunder.o(i.__mathlib_dbl_divzero)
    __mathlib_dbl_infnan                     0x080081a1   Thumb Code    20  dunder.o(i.__mathlib_dbl_infnan)
    __mathlib_dbl_infnan2                    0x080081b5   Thumb Code    20  dunder.o(i.__mathlib_dbl_infnan2)
    __mathlib_dbl_invalid                    0x080081c9   Thumb Code    24  dunder.o(i.__mathlib_dbl_invalid)
    __mathlib_dbl_overflow                   0x080081e9   Thumb Code    24  dunder.o(i.__mathlib_dbl_overflow)
    __mathlib_dbl_underflow                  0x08008209   Thumb Code    24  dunder.o(i.__mathlib_dbl_underflow)
    __mathlib_flt_infnan                     0x08008229   Thumb Code     6  funder.o(i.__mathlib_flt_infnan)
    __mathlib_flt_invalid                    0x08008231   Thumb Code    10  funder.o(i.__mathlib_flt_invalid)
    __mathlib_flt_underflow                  0x08008241   Thumb Code    10  funder.o(i.__mathlib_flt_underflow)
    __mathlib_rredf2                         0x08008251   Thumb Code   316  rredf.o(i.__mathlib_rredf2)
    __scatterload_copy                       0x080083a5   Thumb Code    14  handlers.o(i.__scatterload_copy)
    __scatterload_null                       0x080083b3   Thumb Code     2  handlers.o(i.__scatterload_null)
    __scatterload_zeroinit                   0x080083b5   Thumb Code    14  handlers.o(i.__scatterload_zeroinit)
    __set_errno                              0x080083c5   Thumb Code     6  errno.o(i.__set_errno)
    angle_judge                              0x080083d1   Thumb Code    78  chassis_task.o(i.angle_judge)
    atan                                     0x08008429   Thumb Code    16  atan.o(i.atan)
    canfilter_init_start                     0x08008569   Thumb Code    80  can_recive.o(i.canfilter_init_start)
    chassis_Task                             0x080085c1   Thumb Code   194  chassis_task.o(i.chassis_Task)
    chassis_rc_to_control_vector             0x08008791   Thumb Code   280  chassis_task.o(i.chassis_rc_to_control_vector)
    clear_step                               0x080088db   Thumb Code    18  chassis_task.o(i.clear_step)
    detect_Task                              0x080088ed   Thumb Code   248  detect_task.o(i.detect_Task)
    detect_hook                              0x080089f1   Thumb Code    88  detect_task.o(i.detect_hook)
    fabs                                     0x08008afd   Thumb Code    24  fabs.o(i.fabs)
    first_order_filter_cali                  0x08008b15   Thumb Code    78  filter.o(i.first_order_filter_cali)
    first_order_filter_init                  0x08008b63   Thumb Code    18  filter.o(i.first_order_filter_init)
    get_Chassis_Motor_Measure_Point          0x08008b75   Thumb Code    16  can_recive.o(i.get_Chassis_Motor_Measure_Point)
    get_Lift_Motor_Point                     0x08008b89   Thumb Code     4  can_recive.o(i.get_Lift_Motor_Point)
    get_gimbal_motor_measure_point           0x08008b91   Thumb Code    16  can_recive.o(i.get_gimbal_motor_measure_point)
    get_remote_control_point                 0x08008ba5   Thumb Code     4  remote_task.o(i.get_remote_control_point)
    height_get                               0x08008bad   Thumb Code    44  lift_task.o(i.height_get)
    led_Task                                 0x08008be1   Thumb Code    52  led_flow_task.o(i.led_Task)
    lift_Task                                0x08008c19   Thumb Code   252  lift_task.o(i.lift_Task)
    lift_motor_init                          0x08008d29   Thumb Code    66  lift_task.o(i.lift_motor_init)
    limit_speed                              0x08008d81   Thumb Code   140  chassis_task.o(i.limit_speed)
    main                                     0x08008e21   Thumb Code    74  main.o(i.main)
    my_UART_IDLE_function                    0x08008e79   Thumb Code    38  base_usart.o(i.my_UART_IDLE_function)
    num_0_task                               0x08008ea9   Thumb Code   228  chassis_task.o(i.num_0_task)
    num_10_task                              0x08008f99   Thumb Code   208  chassis_task.o(i.num_10_task)
    num_16_task                              0x08009075   Thumb Code    62  chassis_task.o(i.num_16_task)
    num_18_task                              0x080090bd   Thumb Code    56  chassis_task.o(i.num_18_task)
    num_1_task                               0x080090fd   Thumb Code    58  chassis_task.o(i.num_1_task)
    num_2_task                               0x08009141   Thumb Code    70  chassis_task.o(i.num_2_task)
    num_3_task                               0x08009191   Thumb Code    56  chassis_task.o(i.num_3_task)
    num_5_task                               0x080091d1   Thumb Code   224  chassis_task.o(i.num_5_task)
    num_9_task                               0x080092b9   Thumb Code   224  chassis_task.o(i.num_9_task)
    osDelay                                  0x080093a5   Thumb Code    16  cmsis_os.o(i.osDelay)
    osKernelStart                            0x080093b5   Thumb Code    10  cmsis_os.o(i.osKernelStart)
    osThreadCreate                           0x080093bf   Thumb Code    88  cmsis_os.o(i.osThreadCreate)
    position_judge                           0x08009419   Thumb Code    58  chassis_task.o(i.position_judge)
    put_first_task                           0x080097d9   Thumb Code   360  chassis_task.o(i.put_first_task)
    put_second_task                          0x08009945   Thumb Code   236  chassis_task.o(i.put_second_task)
    pvPortMalloc                             0x08009a35   Thumb Code   214  heap_4.o(i.pvPortMalloc)
    pxPortInitialiseStack                    0x08009b11   Thumb Code    30  port.o(i.pxPortInitialiseStack)
    remote_Task                              0x08009b35   Thumb Code    20  remote_task.o(i.remote_Task)
    remote_control_init                      0x08009c7d   Thumb Code    12  remote_task.o(i.remote_control_init)
    slove_RC_lost                            0x08009d41   Thumb Code     6  remote_task.o(i.slove_RC_lost)
    slove_data_error                         0x08009d47   Thumb Code     6  remote_task.o(i.slove_data_error)
    speed_3508_enforce                       0x08009d4d   Thumb Code    22  chassis_task.o(i.speed_3508_enforce)
    speed_limit                              0x08009d63   Thumb Code   110  chassis_task.o(i.speed_limit)
    sqrt                                     0x08009dd1   Thumb Code   110  sqrt.o(i.sqrt)
    stop_3508                                0x08009e41   Thumb Code    24  chassis_task.o(i.stop_3508)
    toe_is_error                             0x08009e61   Thumb Code    18  detect_task.o(i.toe_is_error)
    uwb_data_init                            0x08009e79   Thumb Code    20  can_recive.o(i.uwb_data_init)
    uxListRemove                             0x08009e91   Thumb Code    38  list.o(i.uxListRemove)
    vApplicationGetIdleTaskMemory            0x08009eb9   Thumb Code    16  freertos.o(i.vApplicationGetIdleTaskMemory)
    vListInitialise                          0x08009ecd   Thumb Code    22  list.o(i.vListInitialise)
    vListInitialiseItem                      0x08009ee3   Thumb Code     6  list.o(i.vListInitialiseItem)
    vListInsert                              0x08009ee9   Thumb Code    48  list.o(i.vListInsert)
    vListInsertEnd                           0x08009f19   Thumb Code    24  list.o(i.vListInsertEnd)
    vPortEnterCritical                       0x08009f31   Thumb Code    54  port.o(i.vPortEnterCritical)
    vPortExitCritical                        0x08009f71   Thumb Code    38  port.o(i.vPortExitCritical)
    vPortFree                                0x08009f9d   Thumb Code    94  heap_4.o(i.vPortFree)
    vPortSetupTimerInterrupt                 0x0800a001   Thumb Code    32  port.o(i.vPortSetupTimerInterrupt)
    vTaskDelay                               0x0800a025   Thumb Code    70  tasks.o(i.vTaskDelay)
    vTaskDelete                              0x0800a075   Thumb Code   158  tasks.o(i.vTaskDelete)
    vTaskStartScheduler                      0x0800a121   Thumb Code   118  tasks.o(i.vTaskStartScheduler)
    vTaskSuspendAll                          0x0800a1a9   Thumb Code    10  tasks.o(i.vTaskSuspendAll)
    vTaskSwitchContext                       0x0800a1b9   Thumb Code    86  tasks.o(i.vTaskSwitchContext)
    waypoint_Task                            0x0800a219   Thumb Code    16  waypoint_task.o(i.waypoint_Task)
    xPortStartScheduler                      0x0800a229   Thumb Code   222  port.o(i.xPortStartScheduler)
    xTaskCreate                              0x0800a31d   Thumb Code   100  tasks.o(i.xTaskCreate)
    xTaskCreateStatic                        0x0800a381   Thumb Code    92  tasks.o(i.xTaskCreateStatic)
    xTaskGetTickCount                        0x0800a3dd   Thumb Code     6  tasks.o(i.xTaskGetTickCount)
    xTaskIncrementTick                       0x0800a3e9   Thumb Code   198  tasks.o(i.xTaskIncrementTick)
    xTaskResumeAll                           0x0800a4b9   Thumb Code   192  tasks.o(i.xTaskResumeAll)
    yaw_calibrate                            0x0800a585   Thumb Code   284  chassis_task.o(i.yaw_calibrate)
    AHBPrescTable                            0x0800a6ec   Data          16  system_stm32f4xx.o(.constdata)
    APBPrescTable                            0x0800a6fc   Data           8  system_stm32f4xx.o(.constdata)
    __mathlib_zero                           0x0800a878   Data           8  qnan.o(.constdata)
    Region$$Table$$Base                      0x0800a99c   Number         0  anon$$obj.o(Region$$Table)
    Region$$Table$$Limit                     0x0800a9bc   Number         0  anon$$obj.o(Region$$Table)
    t                                        0x20000000   Data           1  can_recive.o(.data)
    a                                        0x20000001   Data           1  can_recive.o(.data)
    first_flag                               0x20000002   Data           1  can_recive.o(.data)
    final_yaw                                0x20000004   Data           2  can_recive.o(.data)
    bianliang                                0x20000006   Data           2  can_recive.o(.data)
    save                                     0x20000008   Data           4  can_recive.o(.data)
    C_yaw                                    0x2000000c   Data           4  can_recive.o(.data)
    uwb_yaw                                  0x20000010   Data           4  can_recive.o(.data)
    first_C_yaw                              0x20000014   Data           4  can_recive.o(.data)
    rx_data1                                 0x20000018   Data           7  can_recive.o(.data)
    rx_data2                                 0x2000001f   Data           7  can_recive.o(.data)
    uwb_receive_data                         0x20000026   Data           8  can_recive.o(.data)
    Start_TASKHandle                         0x20000048   Data           4  freertos.o(.data)
    SystemCoreClock                          0x20000050   Data           4  system_stm32f4xx.o(.data)
    remote_TASKHandle                        0x20000058   Data           4  remote_task.o(.data)
    detect_TASKHandle                        0x20000064   Data           4  detect_task.o(.data)
    led_TASKHandle                           0x20000068   Data           4  led_flow_task.o(.data)
    slow_down                                0x20000070   Data           1  chassis_task.o(.data)
    stop_flag                                0x20000071   Data           1  chassis_task.o(.data)
    over                                     0x20000072   Data           1  chassis_task.o(.data)
    time_save                                0x20000073   Data           1  chassis_task.o(.data)
    num_5_over                               0x20000074   Data           1  chassis_task.o(.data)
    yaw_num                                  0x20000078   Data           2  chassis_task.o(.data)
    last_ecd_3508                            0x2000007a   Data           2  chassis_task.o(.data)
    num                                      0x2000007c   Data           4  chassis_task.o(.data)
    position_judge_flag                      0x20000080   Data           4  chassis_task.o(.data)
    track_angle_start                        0x20000084   Data           4  chassis_task.o(.data)
    yaw_error                                0x20000088   Data           4  chassis_task.o(.data)
    yaw_calibrate_flag                       0x2000008c   Data           4  chassis_task.o(.data)
    ecd_sum_3508                             0x20000090   Data           8  chassis_task.o(.data)
    current_time                             0x20000098   Data           8  chassis_task.o(.data)
    last_time                                0x200000a0   Data           8  chassis_task.o(.data)
    chassis_TASKHandle                       0x200000fc   Data           4  chassis_task.o(.data)
    circle_number                            0x20000100   Data           1  lift_task.o(.data)
    temp                                     0x20000101   Data           1  lift_task.o(.data)
    last_ecd                                 0x20000104   Data           2  lift_task.o(.data)
    Lift_motor_data                          0x20000108   Data           4  lift_task.o(.data)
    ecd_sum                                  0x20000110   Data           8  lift_task.o(.data)
    lift_TASKHandle                          0x20000130   Data           4  lift_task.o(.data)
    waypoint_TASKHandle                      0x20000134   Data           4  waypoint_task.o(.data)
    uwTickFreq                               0x20000138   Data           1  stm32f4xx_hal.o(.data)
    uwTickPrio                               0x2000013c   Data           4  stm32f4xx_hal.o(.data)
    uwTick                                   0x20000140   Data           4  stm32f4xx_hal.o(.data)
    pxCurrentTCB                             0x20000144   Data           4  tasks.o(.data)
    Revice_ChassisData                       0x200001f8   Data          40  can_recive.o(.bss)
    Revice_LiftDATA                          0x20000220   Data          10  can_recive.o(.bss)
    Revice_GimbalData                        0x2000022a   Data          40  can_recive.o(.bss)
    hcan1                                    0x200004a8   Data          40  can.o(.bss)
    hcan2                                    0x200004d0   Data          40  can.o(.bss)
    hspi5                                    0x200004f8   Data          88  spi.o(.bss)
    htim1                                    0x20000550   Data          72  tim.o(.bss)
    htim2                                    0x20000598   Data          72  tim.o(.bss)
    htim7                                    0x200005e0   Data          72  tim.o(.bss)
    htim8                                    0x20000628   Data          72  tim.o(.bss)
    huart7                                   0x20000670   Data          68  usart.o(.bss)
    huart8                                   0x200006b4   Data          68  usart.o(.bss)
    huart1                                   0x200006f8   Data          68  usart.o(.bss)
    huart6                                   0x2000073c   Data          68  usart.o(.bss)
    hdma_uart7_tx                            0x20000780   Data          96  usart.o(.bss)
    hdma_uart7_rx                            0x200007e0   Data          96  usart.o(.bss)
    hdma_uart8_rx                            0x20000840   Data          96  usart.o(.bss)
    hdma_usart1_rx                           0x200008a0   Data          96  usart.o(.bss)
    htim6                                    0x20000900   Data          72  stm32f4xx_hal_timebase_tim.o(.bss)
    rc_ctrl                                  0x20000948   Data          22  remote_task.o(.bss)
    sbus_rx_buf                              0x2000095e   Data          72  remote_task.o(.bss)
    error_list                               0x200009a6   Data          72  detect_task.o(.bss)
    chassis_move                             0x20000a20   Data        1632  chassis_task.o(.bss)
    Lift_speed_pid                           0x20001080   Data          76  lift_task.o(.bss)
    Lift_ecd_pid                             0x200010cc   Data          76  lift_task.o(.bss)
    Waypoint                                 0x20001118   Data         400  waypoint_task.o(.bss)
    point_data                               0x200012a8   Data        2000  base_usart.o(.bss)
    __initial_sp                             0x20005b68   Data           0  startup_stm32f427xx.o(STACK)



==============================================================================

Memory Map of the image

  Image Entry point : 0x080001ad

  Load Region LR_IROM1 (Base: 0x08000000, Size: 0x0000ab6c, Max: 0x00100000, ABSOLUTE, COMPRESSED[0x0000aa04])

    Execution Region ER_IROM1 (Exec base: 0x08000000, Load base: 0x08000000, Size: 0x0000a9bc, Max: 0x00100000, ABSOLUTE)

    Exec Addr    Load Addr    Size         Type   Attr      Idx    E Section Name        Object

    0x08000000   0x08000000   0x000001ac   Data   RO            3    RESET               startup_stm32f427xx.o
    0x080001ac   0x080001ac   0x00000000   Code   RO         6575  * .ARM.Collect$$$$00000000  mc_w.l(entry.o)
    0x080001ac   0x080001ac   0x00000004   Code   RO         6939    .ARM.Collect$$$$00000001  mc_w.l(entry2.o)
    0x080001b0   0x080001b0   0x00000004   Code   RO         6942    .ARM.Collect$$$$00000004  mc_w.l(entry5.o)
    0x080001b4   0x080001b4   0x00000000   Code   RO         6944    .ARM.Collect$$$$00000008  mc_w.l(entry7b.o)
    0x080001b4   0x080001b4   0x00000000   Code   RO         6946    .ARM.Collect$$$$0000000A  mc_w.l(entry8b.o)
    0x080001b4   0x080001b4   0x00000008   Code   RO         6947    .ARM.Collect$$$$0000000B  mc_w.l(entry9a.o)
    0x080001bc   0x080001bc   0x00000000   Code   RO         6949    .ARM.Collect$$$$0000000D  mc_w.l(entry10a.o)
    0x080001bc   0x080001bc   0x00000000   Code   RO         6951    .ARM.Collect$$$$0000000F  mc_w.l(entry11a.o)
    0x080001bc   0x080001bc   0x00000004   Code   RO         6940    .ARM.Collect$$$$00002712  mc_w.l(entry2.o)
    0x080001c0   0x080001c0   0x000000be   Code   RO         6392    .emb_text           port.o
    0x0800027e   0x0800027e   0x00000002   PAD
    0x08000280   0x08000280   0x00000024   Code   RO            4    .text               startup_stm32f427xx.o
    0x080002a4   0x080002a4   0x00000062   Code   RO         6578    .text               mc_w.l(uldiv.o)
    0x08000306   0x08000306   0x00000024   Code   RO         6580    .text               mc_w.l(memcpya.o)
    0x0800032a   0x0800032a   0x00000024   Code   RO         6584    .text               mc_w.l(memseta.o)
    0x0800034e   0x0800034e   0x0000014e   Code   RO         6851    .text               mf_w.l(dadd.o)
    0x0800049c   0x0800049c   0x000000e4   Code   RO         6853    .text               mf_w.l(dmul.o)
    0x08000580   0x08000580   0x000000de   Code   RO         6855    .text               mf_w.l(ddiv.o)
    0x0800065e   0x0800065e   0x0000002c   Code   RO         6857    .text               mf_w.l(ffltl.o)
    0x0800068a   0x0800068a   0x00000022   Code   RO         6859    .text               mf_w.l(dflti.o)
    0x080006ac   0x080006ac   0x00000028   Code   RO         6861    .text               mf_w.l(dfltl.o)
    0x080006d4   0x080006d4   0x0000003e   Code   RO         6863    .text               mf_w.l(dfixi.o)
    0x08000712   0x08000712   0x00000026   Code   RO         6865    .text               mf_w.l(f2d.o)
    0x08000738   0x08000738   0x00000030   Code   RO         6867    .text               mf_w.l(cdcmple.o)
    0x08000768   0x08000768   0x00000030   Code   RO         6869    .text               mf_w.l(cdrcmple.o)
    0x08000798   0x08000798   0x00000038   Code   RO         6871    .text               mf_w.l(d2f.o)
    0x080007d0   0x080007d0   0x0000001e   Code   RO         6955    .text               mc_w.l(llshl.o)
    0x080007ee   0x080007ee   0x00000020   Code   RO         6957    .text               mc_w.l(llushr.o)
    0x0800080e   0x0800080e   0x00000024   Code   RO         6959    .text               mc_w.l(llsshr.o)
    0x08000832   0x08000832   0x00000000   Code   RO         6968    .text               mc_w.l(iusefp.o)
    0x08000832   0x08000832   0x0000006e   Code   RO         6969    .text               mf_w.l(fepilogue.o)
    0x080008a0   0x080008a0   0x000000ba   Code   RO         6971    .text               mf_w.l(depilogue.o)
    0x0800095a   0x0800095a   0x0000002e   Code   RO         6975    .text               mf_w.l(dscalb.o)
    0x08000988   0x08000988   0x000000a2   Code   RO         6977    .text               mf_w.l(dsqrt.o)
    0x08000a2a   0x08000a2a   0x00000002   PAD
    0x08000a2c   0x08000a2c   0x00000024   Code   RO         6981    .text               mc_w.l(init.o)
    0x08000a50   0x08000a50   0x0000001a   Code   RO         6983    .text               mf_w.l(dfltui.o)
    0x08000a6a   0x08000a6a   0x00000056   Code   RO         6993    .text               mc_w.l(__dczerorl2.o)
    0x08000ac0   0x08000ac0   0x00000050   Code   RO         1942    i.All_Init          start_task.o
    0x08000b10   0x08000b10   0x0000001e   Code   RO         1674    i.Angle_Limit       filter.o
    0x08000b2e   0x08000b2e   0x00000002   PAD
    0x08000b30   0x08000b30   0x0000018c   Code   RO         1377    i.Auto_chassis_AGV_wheel_angle  chassis_task.o
    0x08000cbc   0x08000cbc   0x0000003c   Code   RO         1378    i.Auto_chassis_AGV_wheel_speed  chassis_task.o
    0x08000cf8   0x08000cf8   0x000000e8   Code   RO         1379    i.Auto_pid_caculate  chassis_task.o
    0x08000de0   0x08000de0   0x00000002   Code   RO          955    i.BusFault_Handler  stm32f4xx_it.o
    0x08000de2   0x08000de2   0x00000002   PAD
    0x08000de4   0x08000de4   0x0000000c   Code   RO          956    i.CAN1_RX0_IRQHandler  stm32f4xx_it.o
    0x08000df0   0x08000df0   0x0000000c   Code   RO          957    i.CAN1_RX1_IRQHandler  stm32f4xx_it.o
    0x08000dfc   0x08000dfc   0x0000000c   Code   RO          958    i.CAN2_RX0_IRQHandler  stm32f4xx_it.o
    0x08000e08   0x08000e08   0x0000000c   Code   RO          959    i.CAN2_RX1_IRQHandler  stm32f4xx_it.o
    0x08000e14   0x08000e14   0x00000048   Code   RO          213    i.CAN_cmd_Lift      can_recive.o
    0x08000e5c   0x08000e5c   0x00000048   Code   RO          214    i.CAN_cmd_chassis   can_recive.o
    0x08000ea4   0x08000ea4   0x00000048   Code   RO          215    i.CAN_cmd_gimbal    can_recive.o
    0x08000eec   0x08000eec   0x00000188   Code   RO          216    i.C_yaw_caculate    can_recive.o
    0x08001074   0x08001074   0x0000003c   Code   RO          217    i.Cha_Get_Motor_Data  can_recive.o
    0x080010b0   0x080010b0   0x0000004c   Code   RO         1380    i.Chassis_Me_To_Target_Angle  chassis_task.o
    0x080010fc   0x080010fc   0x00000080   Code   RO         1381    i.Chassis_Me_To_Target_Distance  chassis_task.o
    0x0800117c   0x0800117c   0x0000001a   Code   RO         1382    i.Chassis_Me_To_Target_X_Distance  chassis_task.o
    0x08001196   0x08001196   0x0000001a   Code   RO         1383    i.Chassis_Me_To_Target_Y_Distance  chassis_task.o
    0x080011b0   0x080011b0   0x000000aa   Code   RO         1384    i.Chassis_mode_change  chassis_task.o
    0x0800125a   0x0800125a   0x00000002   PAD
    0x0800125c   0x0800125c   0x0000000c   Code   RO          960    i.DMA1_Stream1_IRQHandler  stm32f4xx_it.o
    0x08001268   0x08001268   0x0000000c   Code   RO          961    i.DMA1_Stream3_IRQHandler  stm32f4xx_it.o
    0x08001274   0x08001274   0x0000000c   Code   RO          962    i.DMA1_Stream6_IRQHandler  stm32f4xx_it.o
    0x08001280   0x08001280   0x0000000c   Code   RO          963    i.DMA2_Stream2_IRQHandler  stm32f4xx_it.o
    0x0800128c   0x0800128c   0x0000002c   Code   RO         2778    i.DMA_CalcBaseAndBitshift  stm32f4xx_hal_dma.o
    0x080012b8   0x080012b8   0x00000078   Code   RO         2779    i.DMA_CheckFifoParam  stm32f4xx_hal_dma.o
    0x08001330   0x08001330   0x0000002a   Code   RO         2780    i.DMA_SetConfig     stm32f4xx_hal_dma.o
    0x0800135a   0x0800135a   0x00000002   Code   RO          964    i.DebugMon_Handler  stm32f4xx_it.o
    0x0800135c   0x0800135c   0x00000004   Code   RO          562    i.Error_Handler     main.o
    0x08001360   0x08001360   0x00000078   Code   RO         1387    i.Find_min_Angle    chassis_task.o
    0x080013d8   0x080013d8   0x0000003c   Code   RO          218    i.Gim_Get_Motor_Data  can_recive.o
    0x08001414   0x08001414   0x00000024   Code   RO         1984    i.HAL_CAN_ActivateNotification  stm32f4xx_hal_can.o
    0x08001438   0x08001438   0x000000f2   Code   RO         1985    i.HAL_CAN_AddTxMessage  stm32f4xx_hal_can.o
    0x0800152a   0x0800152a   0x00000002   PAD
    0x0800152c   0x0800152c   0x00000110   Code   RO         1986    i.HAL_CAN_ConfigFilter  stm32f4xx_hal_can.o
    0x0800163c   0x0800163c   0x00000002   Code   RO         1989    i.HAL_CAN_ErrorCallback  stm32f4xx_hal_can.o
    0x0800163e   0x0800163e   0x00000106   Code   RO         1992    i.HAL_CAN_GetRxMessage  stm32f4xx_hal_can.o
    0x08001744   0x08001744   0x000001fc   Code   RO         1996    i.HAL_CAN_IRQHandler  stm32f4xx_hal_can.o
    0x08001940   0x08001940   0x00000152   Code   RO         1997    i.HAL_CAN_Init      stm32f4xx_hal_can.o
    0x08001a92   0x08001a92   0x00000002   PAD
    0x08001a94   0x08001a94   0x00000120   Code   RO          715    i.HAL_CAN_MspInit   can.o
    0x08001bb4   0x08001bb4   0x00000002   Code   RO         2004    i.HAL_CAN_RxFifo0FullCallback  stm32f4xx_hal_can.o
    0x08001bb6   0x08001bb6   0x00000002   PAD
    0x08001bb8   0x08001bb8   0x000000ec   Code   RO          219    i.HAL_CAN_RxFifo0MsgPendingCallback  can_recive.o
    0x08001ca4   0x08001ca4   0x00000002   Code   RO         2006    i.HAL_CAN_RxFifo1FullCallback  stm32f4xx_hal_can.o
    0x08001ca6   0x08001ca6   0x00000002   Code   RO         2007    i.HAL_CAN_RxFifo1MsgPendingCallback  stm32f4xx_hal_can.o
    0x08001ca8   0x08001ca8   0x00000002   Code   RO         2008    i.HAL_CAN_SleepCallback  stm32f4xx_hal_can.o
    0x08001caa   0x08001caa   0x00000058   Code   RO         2009    i.HAL_CAN_Start     stm32f4xx_hal_can.o
    0x08001d02   0x08001d02   0x00000002   Code   RO         2011    i.HAL_CAN_TxMailbox0AbortCallback  stm32f4xx_hal_can.o
    0x08001d04   0x08001d04   0x00000002   Code   RO         2012    i.HAL_CAN_TxMailbox0CompleteCallback  stm32f4xx_hal_can.o
    0x08001d06   0x08001d06   0x00000002   Code   RO         2013    i.HAL_CAN_TxMailbox1AbortCallback  stm32f4xx_hal_can.o
    0x08001d08   0x08001d08   0x00000002   Code   RO         2014    i.HAL_CAN_TxMailbox1CompleteCallback  stm32f4xx_hal_can.o
    0x08001d0a   0x08001d0a   0x00000002   Code   RO         2015    i.HAL_CAN_TxMailbox2AbortCallback  stm32f4xx_hal_can.o
    0x08001d0c   0x08001d0c   0x00000002   Code   RO         2016    i.HAL_CAN_TxMailbox2CompleteCallback  stm32f4xx_hal_can.o
    0x08001d0e   0x08001d0e   0x00000002   Code   RO         2018    i.HAL_CAN_WakeUpFromRxMsgCallback  stm32f4xx_hal_can.o
    0x08001d10   0x08001d10   0x0000008e   Code   RO         2781    i.HAL_DMA_Abort     stm32f4xx_hal_dma.o
    0x08001d9e   0x08001d9e   0x00000024   Code   RO         2782    i.HAL_DMA_Abort_IT  stm32f4xx_hal_dma.o
    0x08001dc2   0x08001dc2   0x00000002   PAD
    0x08001dc4   0x08001dc4   0x000001d0   Code   RO         2786    i.HAL_DMA_IRQHandler  stm32f4xx_hal_dma.o
    0x08001f94   0x08001f94   0x000000d4   Code   RO         2787    i.HAL_DMA_Init      stm32f4xx_hal_dma.o
    0x08002068   0x08002068   0x0000006e   Code   RO         2791    i.HAL_DMA_Start_IT  stm32f4xx_hal_dma.o
    0x080020d6   0x080020d6   0x00000002   PAD
    0x080020d8   0x080020d8   0x000001ec   Code   RO         2674    i.HAL_GPIO_Init     stm32f4xx_hal_gpio.o
    0x080022c4   0x080022c4   0x0000000e   Code   RO         2676    i.HAL_GPIO_ReadPin  stm32f4xx_hal_gpio.o
    0x080022d2   0x080022d2   0x0000000e   Code   RO         2678    i.HAL_GPIO_WritePin  stm32f4xx_hal_gpio.o
    0x080022e0   0x080022e0   0x0000000c   Code   RO         3226    i.HAL_GetTick       stm32f4xx_hal.o
    0x080022ec   0x080022ec   0x00000010   Code   RO         3232    i.HAL_IncTick       stm32f4xx_hal.o
    0x080022fc   0x080022fc   0x00000034   Code   RO         3233    i.HAL_Init          stm32f4xx_hal.o
    0x08002330   0x08002330   0x00000098   Code   RO         1115    i.HAL_InitTick      stm32f4xx_hal_timebase_tim.o
    0x080023c8   0x080023c8   0x00000038   Code   RO         1091    i.HAL_MspInit       stm32f4xx_hal_msp.o
    0x08002400   0x08002400   0x0000001a   Code   RO         3081    i.HAL_NVIC_EnableIRQ  stm32f4xx_hal_cortex.o
    0x0800241a   0x0800241a   0x00000002   PAD
    0x0800241c   0x0800241c   0x00000040   Code   RO         3087    i.HAL_NVIC_SetPriority  stm32f4xx_hal_cortex.o
    0x0800245c   0x0800245c   0x00000024   Code   RO         3088    i.HAL_NVIC_SetPriorityGrouping  stm32f4xx_hal_cortex.o
    0x08002480   0x08002480   0x0000014c   Code   RO         2218    i.HAL_RCC_ClockConfig  stm32f4xx_hal_rcc.o
    0x080025cc   0x080025cc   0x0000003c   Code   RO         2222    i.HAL_RCC_GetClockConfig  stm32f4xx_hal_rcc.o
    0x08002608   0x08002608   0x0000000c   Code   RO         2223    i.HAL_RCC_GetHCLKFreq  stm32f4xx_hal_rcc.o
    0x08002614   0x08002614   0x00000020   Code   RO         2225    i.HAL_RCC_GetPCLK1Freq  stm32f4xx_hal_rcc.o
    0x08002634   0x08002634   0x00000020   Code   RO         2226    i.HAL_RCC_GetPCLK2Freq  stm32f4xx_hal_rcc.o
    0x08002654   0x08002654   0x0000006c   Code   RO         2227    i.HAL_RCC_GetSysClockFreq  stm32f4xx_hal_rcc.o
    0x080026c0   0x080026c0   0x000003c0   Code   RO         2230    i.HAL_RCC_OscConfig  stm32f4xx_hal_rcc.o
    0x08002a80   0x08002a80   0x000000be   Code   RO         3492    i.HAL_SPI_Init      stm32f4xx_hal_spi.o
    0x08002b3e   0x08002b3e   0x00000002   PAD
    0x08002b40   0x08002b40   0x0000006c   Code   RO          788    i.HAL_SPI_MspInit   spi.o
    0x08002bac   0x08002bac   0x00000002   Code   RO         4520    i.HAL_TIMEx_BreakCallback  stm32f4xx_hal_tim_ex.o
    0x08002bae   0x08002bae   0x00000002   Code   RO         4521    i.HAL_TIMEx_CommutCallback  stm32f4xx_hal_tim_ex.o
    0x08002bb0   0x08002bb0   0x00000054   Code   RO         4523    i.HAL_TIMEx_ConfigBreakDeadTime  stm32f4xx_hal_tim_ex.o
    0x08002c04   0x08002c04   0x00000090   Code   RO         4539    i.HAL_TIMEx_MasterConfigSynchronization  stm32f4xx_hal_tim_ex.o
    0x08002c94   0x08002c94   0x0000004a   Code   RO         3805    i.HAL_TIM_Base_Init  stm32f4xx_hal_tim.o
    0x08002cde   0x08002cde   0x00000002   PAD
    0x08002ce0   0x08002ce0   0x0000008c   Code   RO          830    i.HAL_TIM_Base_MspInit  tim.o
    0x08002d6c   0x08002d6c   0x0000008c   Code   RO         3810    i.HAL_TIM_Base_Start_IT  stm32f4xx_hal_tim.o
    0x08002df8   0x08002df8   0x000000e8   Code   RO         3814    i.HAL_TIM_ConfigClockSource  stm32f4xx_hal_tim.o
    0x08002ee0   0x08002ee0   0x00000002   Code   RO         3839    i.HAL_TIM_IC_CaptureCallback  stm32f4xx_hal_tim.o
    0x08002ee2   0x08002ee2   0x0000016e   Code   RO         3853    i.HAL_TIM_IRQHandler  stm32f4xx_hal_tim.o
    0x08003050   0x08003050   0x000000b8   Code   RO          831    i.HAL_TIM_MspPostInit  tim.o
    0x08003108   0x08003108   0x00000002   Code   RO         3856    i.HAL_TIM_OC_DelayElapsedCallback  stm32f4xx_hal_tim.o
    0x0800310a   0x0800310a   0x000000d8   Code   RO         3877    i.HAL_TIM_PWM_ConfigChannel  stm32f4xx_hal_tim.o
    0x080031e2   0x080031e2   0x0000004a   Code   RO         3880    i.HAL_TIM_PWM_Init  stm32f4xx_hal_tim.o
    0x0800322c   0x0800322c   0x00000002   Code   RO         3882    i.HAL_TIM_PWM_MspInit  stm32f4xx_hal_tim.o
    0x0800322e   0x0800322e   0x00000002   Code   RO         3883    i.HAL_TIM_PWM_PulseFinishedCallback  stm32f4xx_hal_tim.o
    0x08003230   0x08003230   0x000000dc   Code   RO         3885    i.HAL_TIM_PWM_Start  stm32f4xx_hal_tim.o
    0x0800330c   0x0800330c   0x00000014   Code   RO          563    i.HAL_TIM_PeriodElapsedCallback  main.o
    0x08003320   0x08003320   0x00000002   Code   RO         3896    i.HAL_TIM_TriggerCallback  stm32f4xx_hal_tim.o
    0x08003322   0x08003322   0x00000002   Code   RO         4798    i.HAL_UARTEx_RxEventCallback  stm32f4xx_hal_uart.o
    0x08003324   0x08003324   0x00000002   Code   RO         4812    i.HAL_UART_ErrorCallback  stm32f4xx_hal_uart.o
    0x08003326   0x08003326   0x00000002   PAD
    0x08003328   0x08003328   0x00000228   Code   RO         4815    i.HAL_UART_IRQHandler  stm32f4xx_hal_uart.o
    0x08003550   0x08003550   0x00000064   Code   RO         4816    i.HAL_UART_Init     stm32f4xx_hal_uart.o
    0x080035b4   0x080035b4   0x00000274   Code   RO          896    i.HAL_UART_MspInit  usart.o
    0x08003828   0x08003828   0x0000002e   Code   RO         4821    i.HAL_UART_Receive_IT  stm32f4xx_hal_uart.o
    0x08003856   0x08003856   0x00000002   PAD
    0x08003858   0x08003858   0x00000080   Code   RO          220    i.HAL_UART_RxCpltCallback  can_recive.o
    0x080038d8   0x080038d8   0x00000002   Code   RO         4823    i.HAL_UART_RxHalfCpltCallback  stm32f4xx_hal_uart.o
    0x080038da   0x080038da   0x000000be   Code   RO         4824    i.HAL_UART_Transmit  stm32f4xx_hal_uart.o
    0x08003998   0x08003998   0x00000042   Code   RO         4826    i.HAL_UART_Transmit_IT  stm32f4xx_hal_uart.o
    0x080039da   0x080039da   0x00000002   PAD
    0x080039dc   0x080039dc   0x00000014   Code   RO          221    i.HAL_UART_TxCpltCallback  can_recive.o
    0x080039f0   0x080039f0   0x00000002   Code   RO          965    i.HardFault_Handler  stm32f4xx_it.o
    0x080039f2   0x080039f2   0x00000002   PAD
    0x080039f4   0x080039f4   0x00000030   Code   RO          222    i.Lift_Get_Motor_Data  can_recive.o
    0x08003a24   0x08003a24   0x00000044   Code   RO          716    i.MX_CAN1_Init      can.o
    0x08003a68   0x08003a68   0x00000044   Code   RO          717    i.MX_CAN2_Init      can.o
    0x08003aac   0x08003aac   0x0000006c   Code   RO          763    i.MX_DMA_Init       dma.o
    0x08003b18   0x08003b18   0x00000028   Code   RO          667    i.MX_FREERTOS_Init  freertos.o
    0x08003b40   0x08003b40   0x000000fc   Code   RO          643    i.MX_GPIO_Init      gpio.o
    0x08003c3c   0x08003c3c   0x00000048   Code   RO          789    i.MX_SPI5_Init      spi.o
    0x08003c84   0x08003c84   0x000000c8   Code   RO          832    i.MX_TIM1_Init      tim.o
    0x08003d4c   0x08003d4c   0x000000c8   Code   RO          833    i.MX_TIM2_Init      tim.o
    0x08003e14   0x08003e14   0x00000044   Code   RO          834    i.MX_TIM7_Init      tim.o
    0x08003e58   0x08003e58   0x000000f8   Code   RO          835    i.MX_TIM8_Init      tim.o
    0x08003f50   0x08003f50   0x00000038   Code   RO          897    i.MX_UART7_Init     usart.o
    0x08003f88   0x08003f88   0x00000038   Code   RO          898    i.MX_UART8_Init     usart.o
    0x08003fc0   0x08003fc0   0x0000003c   Code   RO          899    i.MX_USART1_UART_Init  usart.o
    0x08003ffc   0x08003ffc   0x00000038   Code   RO          900    i.MX_USART6_UART_Init  usart.o
    0x08004034   0x08004034   0x00000002   Code   RO          966    i.MemManage_Handler  stm32f4xx_it.o
    0x08004036   0x08004036   0x00000002   Code   RO          967    i.NMI_Handler       stm32f4xx_it.o
    0x08004038   0x08004038   0x00000034   Code   RO         1388    i.PID_CLEAR_ALL     chassis_task.o
    0x0800406c   0x0800406c   0x00000104   Code   RO          157    i.PID_Calc_Angle    pid.o
    0x08004170   0x08004170   0x00000184   Code   RO          158    i.PID_Calc_Ecd      pid.o
    0x080042f4   0x080042f4   0x00000254   Code   RO          159    i.PID_calc          pid.o
    0x08004548   0x08004548   0x00000040   Code   RO          160    i.PID_clear         pid.o
    0x08004588   0x08004588   0x0000005c   Code   RO          161    i.PID_init          pid.o
    0x080045e4   0x080045e4   0x00000328   Code   RO         1389    i.Polar_To_Stright  chassis_task.o
    0x0800490c   0x0800490c   0x0000000a   Code   RO         1192    i.RC_abs            remote_task.o
    0x08004916   0x08004916   0x00000002   PAD
    0x08004918   0x08004918   0x0000006c   Code   RO         1193    i.RC_data_is_error  remote_task.o
    0x08004984   0x08004984   0x0000006c   Code   RO           13    i.RC_init           bsp_rc.o
    0x080049f0   0x080049f0   0x0000003c   Code   RO           14    i.RC_restart        bsp_rc.o
    0x08004a2c   0x08004a2c   0x00000514   Code   RO         1390    i.Remote_chassis_AGV_wheel_angle  chassis_task.o
    0x08004f40   0x08004f40   0x00000510   Code   RO         1391    i.Remote_chassis_AGV_wheel_speed  chassis_task.o
    0x08005450   0x08005450   0x000000a6   Code   RO         1392    i.Remote_pid_caculate  chassis_task.o
    0x080054f6   0x080054f6   0x00000002   PAD
    0x080054f8   0x080054f8   0x000000f8   Code   RO         1943    i.START_Task        start_task.o
    0x080055f0   0x080055f0   0x000000a0   Code   RO         1789    i.Sensor_Get        waypoint_task.o
    0x08005690   0x08005690   0x00000090   Code   RO         1393    i.Speed_Toggle      chassis_task.o
    0x08005720   0x08005720   0x0000002c   Code   RO         6393    i.SysTick_Handler   port.o
    0x0800574c   0x0800574c   0x00000094   Code   RO          564    i.SystemClock_Config  main.o
    0x080057e0   0x080057e0   0x00000010   Code   RO         1155    i.SystemInit        system_stm32f4xx.o
    0x080057f0   0x080057f0   0x0000000c   Code   RO          968    i.TIM6_DAC_IRQHandler  stm32f4xx_it.o
    0x080057fc   0x080057fc   0x0000000c   Code   RO          969    i.TIM7_IRQHandler   stm32f4xx_it.o
    0x08005808   0x08005808   0x000000cc   Code   RO         3898    i.TIM_Base_SetConfig  stm32f4xx_hal_tim.o
    0x080058d4   0x080058d4   0x0000001a   Code   RO         3899    i.TIM_CCxChannelCmd  stm32f4xx_hal_tim.o
    0x080058ee   0x080058ee   0x00000014   Code   RO         3909    i.TIM_ETR_SetConfig  stm32f4xx_hal_tim.o
    0x08005902   0x08005902   0x00000010   Code   RO         3910    i.TIM_ITRx_SetConfig  stm32f4xx_hal_tim.o
    0x08005912   0x08005912   0x00000002   PAD
    0x08005914   0x08005914   0x00000068   Code   RO         3911    i.TIM_OC1_SetConfig  stm32f4xx_hal_tim.o
    0x0800597c   0x0800597c   0x00000074   Code   RO         3912    i.TIM_OC2_SetConfig  stm32f4xx_hal_tim.o
    0x080059f0   0x080059f0   0x00000070   Code   RO         3913    i.TIM_OC3_SetConfig  stm32f4xx_hal_tim.o
    0x08005a60   0x08005a60   0x00000054   Code   RO         3914    i.TIM_OC4_SetConfig  stm32f4xx_hal_tim.o
    0x08005ab4   0x08005ab4   0x00000022   Code   RO         3916    i.TIM_TI1_ConfigInputStage  stm32f4xx_hal_tim.o
    0x08005ad6   0x08005ad6   0x00000024   Code   RO         3918    i.TIM_TI2_ConfigInputStage  stm32f4xx_hal_tim.o
    0x08005afa   0x08005afa   0x00000002   PAD
    0x08005afc   0x08005afc   0x00000038   Code   RO         1394    i.Top_6020_enforce  chassis_task.o
    0x08005b34   0x08005b34   0x00000014   Code   RO          970    i.UART7_IRQHandler  stm32f4xx_it.o
    0x08005b48   0x08005b48   0x0000000c   Code   RO          971    i.UART8_IRQHandler  stm32f4xx_it.o
    0x08005b54   0x08005b54   0x00000010   Code   RO         4829    i.UART_DMAAbortOnError  stm32f4xx_hal_uart.o
    0x08005b64   0x08005b64   0x0000004a   Code   RO         4830    i.UART_DMAError     stm32f4xx_hal_uart.o
    0x08005bae   0x08005bae   0x00000082   Code   RO         4831    i.UART_DMAReceiveCplt  stm32f4xx_hal_uart.o
    0x08005c30   0x08005c30   0x0000001a   Code   RO         4833    i.UART_DMARxHalfCplt  stm32f4xx_hal_uart.o
    0x08005c4a   0x08005c4a   0x0000004e   Code   RO         4839    i.UART_EndRxTransfer  stm32f4xx_hal_uart.o
    0x08005c98   0x08005c98   0x0000001a   Code   RO         4840    i.UART_EndTransmit_IT  stm32f4xx_hal_uart.o
    0x08005cb2   0x08005cb2   0x0000001c   Code   RO         4841    i.UART_EndTxTransfer  stm32f4xx_hal_uart.o
    0x08005cce   0x08005cce   0x00000002   PAD
    0x08005cd0   0x08005cd0   0x00000020   Code   RO         1860    i.UART_IDLE_init    base_usart.o
    0x08005cf0   0x08005cf0   0x000000c6   Code   RO         4842    i.UART_Receive_IT   stm32f4xx_hal_uart.o
    0x08005db6   0x08005db6   0x00000002   PAD
    0x08005db8   0x08005db8   0x00000114   Code   RO         4843    i.UART_SetConfig    stm32f4xx_hal_uart.o
    0x08005ecc   0x08005ecc   0x00000098   Code   RO         4844    i.UART_Start_Receive_DMA  stm32f4xx_hal_uart.o
    0x08005f64   0x08005f64   0x0000003c   Code   RO         4845    i.UART_Start_Receive_IT  stm32f4xx_hal_uart.o
    0x08005fa0   0x08005fa0   0x0000005e   Code   RO         4846    i.UART_Transmit_IT  stm32f4xx_hal_uart.o
    0x08005ffe   0x08005ffe   0x00000074   Code   RO         4847    i.UART_WaitOnFlagUntilTimeout  stm32f4xx_hal_uart.o
    0x08006072   0x08006072   0x00000002   PAD
    0x08006074   0x08006074   0x000000d0   Code   RO         1194    i.USART1_IRQHandler  remote_task.o
    0x08006144   0x08006144   0x0000000c   Code   RO          972    i.USART6_IRQHandler  stm32f4xx_it.o
    0x08006150   0x08006150   0x00000002   Code   RO          973    i.UsageFault_Handler  stm32f4xx_it.o
    0x08006152   0x08006152   0x00000002   PAD
    0x08006154   0x08006154   0x0000019c   Code   RO         1790    i.Waypoint_Init     waypoint_task.o
    0x080062f0   0x080062f0   0x00000014   Code   RO         1791    i.Waypoint_Write    waypoint_task.o
    0x08006304   0x08006304   0x00000030   Code   RO         6904    i.__ARM_fpclassify  m_wm.l(fpclassify.o)
    0x08006334   0x08006334   0x00000026   Code   RO         6906    i.__ARM_fpclassifyf  m_wm.l(fpclassifyf.o)
    0x0800635a   0x0800635a   0x00000020   Code   RO         3094    i.__NVIC_SetPriority  stm32f4xx_hal_cortex.o
    0x0800637a   0x0800637a   0x00000006   PAD
    0x08006380   0x08006380   0x000002d8   Code   RO         6873    i.__hardfp_atan     m_wm.l(atan.o)
    0x08006658   0x08006658   0x000001f0   Code   RO         6483    i.__hardfp_atan2    m_wm.l(atan2.o)
    0x08006848   0x08006848   0x000000c8   Code   RO         6495    i.__hardfp_cos      m_wm.l(cos.o)
    0x08006910   0x08006910   0x00000150   Code   RO         6507    i.__hardfp_cosf     m_wm.l(cosf.o)
    0x08006a60   0x08006a60   0x00000014   Code   RO         6519    i.__hardfp_fabs     m_wm.l(fabs.o)
    0x08006a74   0x08006a74   0x00000004   PAD
    0x08006a78   0x08006a78   0x00000c50   Code   RO         6525    i.__hardfp_pow      m_wm.l(pow.o)
    0x080076c8   0x080076c8   0x000000c8   Code   RO         6539    i.__hardfp_sin      m_wm.l(sin.o)
    0x08007790   0x08007790   0x00000190   Code   RO         6551    i.__hardfp_sinf     m_wm.l(sinf.o)
    0x08007920   0x08007920   0x0000007a   Code   RO         6563    i.__hardfp_sqrt     m_wm.l(sqrt.o)
    0x0800799a   0x0800799a   0x00000006   PAD
    0x080079a0   0x080079a0   0x00000438   Code   RO         6925    i.__ieee754_rem_pio2  m_wm.l(rred.o)
    0x08007dd8   0x08007dd8   0x00000170   Code   RO         6887    i.__kernel_cos      m_wm.l(cos_i.o)
    0x08007f48   0x08007f48   0x000000f8   Code   RO         6922    i.__kernel_poly     m_wm.l(poly.o)
    0x08008040   0x08008040   0x00000130   Code   RO         6933    i.__kernel_sin      m_wm.l(sin_i.o)
    0x08008170   0x08008170   0x00000030   Code   RO         6890    i.__mathlib_dbl_divzero  m_wm.l(dunder.o)
    0x080081a0   0x080081a0   0x00000014   Code   RO         6891    i.__mathlib_dbl_infnan  m_wm.l(dunder.o)
    0x080081b4   0x080081b4   0x00000014   Code   RO         6892    i.__mathlib_dbl_infnan2  m_wm.l(dunder.o)
    0x080081c8   0x080081c8   0x00000020   Code   RO         6893    i.__mathlib_dbl_invalid  m_wm.l(dunder.o)
    0x080081e8   0x080081e8   0x00000020   Code   RO         6894    i.__mathlib_dbl_overflow  m_wm.l(dunder.o)
    0x08008208   0x08008208   0x00000020   Code   RO         6896    i.__mathlib_dbl_underflow  m_wm.l(dunder.o)
    0x08008228   0x08008228   0x00000006   Code   RO         6909    i.__mathlib_flt_infnan  m_wm.l(funder.o)
    0x0800822e   0x0800822e   0x00000002   PAD
    0x08008230   0x08008230   0x00000010   Code   RO         6911    i.__mathlib_flt_invalid  m_wm.l(funder.o)
    0x08008240   0x08008240   0x00000010   Code   RO         6914    i.__mathlib_flt_underflow  m_wm.l(funder.o)
    0x08008250   0x08008250   0x00000154   Code   RO         6930    i.__mathlib_rredf2  m_wm.l(rredf.o)
    0x080083a4   0x080083a4   0x0000000e   Code   RO         6987    i.__scatterload_copy  mc_w.l(handlers.o)
    0x080083b2   0x080083b2   0x00000002   Code   RO         6988    i.__scatterload_null  mc_w.l(handlers.o)
    0x080083b4   0x080083b4   0x0000000e   Code   RO         6989    i.__scatterload_zeroinit  mc_w.l(handlers.o)
    0x080083c2   0x080083c2   0x00000002   PAD
    0x080083c4   0x080083c4   0x0000000c   Code   RO         6963    i.__set_errno       mc_w.l(errno.o)
    0x080083d0   0x080083d0   0x00000058   Code   RO         1395    i.angle_judge       chassis_task.o
    0x08008428   0x08008428   0x00000010   Code   RO         6875    i.atan              m_wm.l(atan.o)
    0x08008438   0x08008438   0x00000130   Code   RO         1396    i.automatic_control_chassis_init  chassis_task.o
    0x08008568   0x08008568   0x00000058   Code   RO          223    i.canfilter_init_start  can_recive.o
    0x080085c0   0x080085c0   0x000000cc   Code   RO         1397    i.chassis_Task      chassis_task.o
    0x0800868c   0x0800868c   0x00000104   Code   RO         1398    i.chassis_automatic_control_loop  chassis_task.o
    0x08008790   0x08008790   0x00000124   Code   RO         1399    i.chassis_rc_to_control_vector  chassis_task.o
    0x080088b4   0x080088b4   0x00000026   Code   RO         1400    i.chassis_remote_control_loop  chassis_task.o
    0x080088da   0x080088da   0x00000012   Code   RO         1401    i.clear_step        chassis_task.o
    0x080088ec   0x080088ec   0x00000104   Code   RO         1297    i.detect_Task       detect_task.o
    0x080089f0   0x080089f0   0x0000005c   Code   RO         1298    i.detect_hook       detect_task.o
    0x08008a4c   0x08008a4c   0x00000094   Code   RO         1299    i.detect_init       detect_task.o
    0x08008ae0   0x08008ae0   0x0000001c   Code   RO          162    i.ecd_zero          pid.o
    0x08008afc   0x08008afc   0x00000018   Code   RO         6521    i.fabs              m_wm.l(fabs.o)
    0x08008b14   0x08008b14   0x0000004e   Code   RO         1675    i.first_order_filter_cali  filter.o
    0x08008b62   0x08008b62   0x00000012   Code   RO         1676    i.first_order_filter_init  filter.o
    0x08008b74   0x08008b74   0x00000014   Code   RO          224    i.get_Chassis_Motor_Measure_Point  can_recive.o
    0x08008b88   0x08008b88   0x00000008   Code   RO          225    i.get_Lift_Motor_Point  can_recive.o
    0x08008b90   0x08008b90   0x00000014   Code   RO          226    i.get_gimbal_motor_measure_point  can_recive.o
    0x08008ba4   0x08008ba4   0x00000008   Code   RO         1195    i.get_remote_control_point  remote_task.o
    0x08008bac   0x08008bac   0x00000034   Code   RO         1743    i.height_get        lift_task.o
    0x08008be0   0x08008be0   0x00000038   Code   RO         1344    i.led_Task          led_flow_task.o
    0x08008c18   0x08008c18   0x00000110   Code   RO         1744    i.lift_Task         lift_task.o
    0x08008d28   0x08008d28   0x00000058   Code   RO         1745    i.lift_motor_init   lift_task.o
    0x08008d80   0x08008d80   0x000000a0   Code   RO         1403    i.limit_speed       chassis_task.o
    0x08008e20   0x08008e20   0x0000004a   Code   RO          567    i.main              main.o
    0x08008e6a   0x08008e6a   0x0000000c   Code   RO         5958    i.makeFreeRtosPriority  cmsis_os.o
    0x08008e76   0x08008e76   0x00000002   PAD
    0x08008e78   0x08008e78   0x00000030   Code   RO         1863    i.my_UART_IDLE_function  base_usart.o
    0x08008ea8   0x08008ea8   0x000000f0   Code   RO         1404    i.num_0_task        chassis_task.o
    0x08008f98   0x08008f98   0x000000dc   Code   RO         1405    i.num_10_task       chassis_task.o
    0x08009074   0x08009074   0x00000048   Code   RO         1406    i.num_16_task       chassis_task.o
    0x080090bc   0x080090bc   0x00000040   Code   RO         1407    i.num_18_task       chassis_task.o
    0x080090fc   0x080090fc   0x00000044   Code   RO         1408    i.num_1_task        chassis_task.o
    0x08009140   0x08009140   0x00000050   Code   RO         1409    i.num_2_task        chassis_task.o
    0x08009190   0x08009190   0x00000040   Code   RO         1410    i.num_3_task        chassis_task.o
    0x080091d0   0x080091d0   0x000000e8   Code   RO         1411    i.num_5_task        chassis_task.o
    0x080092b8   0x080092b8   0x000000ec   Code   RO         1412    i.num_9_task        chassis_task.o
    0x080093a4   0x080093a4   0x00000010   Code   RO         5960    i.osDelay           cmsis_os.o
    0x080093b4   0x080093b4   0x0000000a   Code   RO         5963    i.osKernelStart     cmsis_os.o
    0x080093be   0x080093be   0x00000058   Code   RO         5997    i.osThreadCreate    cmsis_os.o
    0x08009416   0x08009416   0x00000002   PAD
    0x08009418   0x08009418   0x00000048   Code   RO         1413    i.position_judge    chassis_task.o
    0x08009460   0x08009460   0x00000070   Code   RO         5629    i.prvAddCurrentTaskToDelayedList  tasks.o
    0x080094d0   0x080094d0   0x00000088   Code   RO         5630    i.prvAddNewTaskToReadyList  tasks.o
    0x08009558   0x08009558   0x0000003c   Code   RO         5631    i.prvCheckTasksWaitingTermination  tasks.o
    0x08009594   0x08009594   0x00000040   Code   RO         5632    i.prvDeleteTCB      tasks.o
    0x080095d4   0x080095d4   0x0000004c   Code   RO         6325    i.prvHeapInit       heap_4.o
    0x08009620   0x08009620   0x00000028   Code   RO         5633    i.prvIdleTask       tasks.o
    0x08009648   0x08009648   0x00000094   Code   RO         5634    i.prvInitialiseNewTask  tasks.o
    0x080096dc   0x080096dc   0x00000058   Code   RO         5635    i.prvInitialiseTaskLists  tasks.o
    0x08009734   0x08009734   0x00000054   Code   RO         6326    i.prvInsertBlockIntoFreeList  heap_4.o
    0x08009788   0x08009788   0x00000024   Code   RO         5636    i.prvResetNextTaskUnblockTime  tasks.o
    0x080097ac   0x080097ac   0x0000002c   Code   RO         6394    i.prvTaskExitError  port.o
    0x080097d8   0x080097d8   0x0000016c   Code   RO         1414    i.put_first_task    chassis_task.o
    0x08009944   0x08009944   0x000000f0   Code   RO         1415    i.put_second_task   chassis_task.o
    0x08009a34   0x08009a34   0x000000dc   Code   RO         6327    i.pvPortMalloc      heap_4.o
    0x08009b10   0x08009b10   0x00000024   Code   RO         6395    i.pxPortInitialiseStack  port.o
    0x08009b34   0x08009b34   0x00000018   Code   RO         1196    i.remote_Task       remote_task.o
    0x08009b4c   0x08009b4c   0x00000130   Code   RO         1416    i.remote_control_chassis_init  chassis_task.o
    0x08009c7c   0x08009c7c   0x00000010   Code   RO         1197    i.remote_control_init  remote_task.o
    0x08009c8c   0x08009c8c   0x000000b4   Code   RO         1198    i.sbus_to_rc        remote_task.o
    0x08009d40   0x08009d40   0x00000006   Code   RO         1199    i.slove_RC_lost     remote_task.o
    0x08009d46   0x08009d46   0x00000006   Code   RO         1200    i.slove_data_error  remote_task.o
    0x08009d4c   0x08009d4c   0x00000016   Code   RO         1417    i.speed_3508_enforce  chassis_task.o
    0x08009d62   0x08009d62   0x0000006e   Code   RO         1418    i.speed_limit       chassis_task.o
    0x08009dd0   0x08009dd0   0x0000006e   Code   RO         6565    i.sqrt              m_wm.l(sqrt.o)
    0x08009e3e   0x08009e3e   0x00000002   PAD
    0x08009e40   0x08009e40   0x00000020   Code   RO         1419    i.stop_3508         chassis_task.o
    0x08009e60   0x08009e60   0x00000018   Code   RO         1300    i.toe_is_error      detect_task.o
    0x08009e78   0x08009e78   0x00000018   Code   RO          227    i.uwb_data_init     can_recive.o
    0x08009e90   0x08009e90   0x00000026   Code   RO         5255    i.uxListRemove      list.o
    0x08009eb6   0x08009eb6   0x00000002   PAD
    0x08009eb8   0x08009eb8   0x00000014   Code   RO          668    i.vApplicationGetIdleTaskMemory  freertos.o
    0x08009ecc   0x08009ecc   0x00000016   Code   RO         5256    i.vListInitialise   list.o
    0x08009ee2   0x08009ee2   0x00000006   Code   RO         5257    i.vListInitialiseItem  list.o
    0x08009ee8   0x08009ee8   0x00000030   Code   RO         5258    i.vListInsert       list.o
    0x08009f18   0x08009f18   0x00000018   Code   RO         5259    i.vListInsertEnd    list.o
    0x08009f30   0x08009f30   0x00000040   Code   RO         6397    i.vPortEnterCritical  port.o
    0x08009f70   0x08009f70   0x0000002c   Code   RO         6398    i.vPortExitCritical  port.o
    0x08009f9c   0x08009f9c   0x00000064   Code   RO         6328    i.vPortFree         heap_4.o
    0x0800a000   0x0800a000   0x00000024   Code   RO         6399    i.vPortSetupTimerInterrupt  port.o
    0x0800a024   0x0800a024   0x00000050   Code   RO         5645    i.vTaskDelay        tasks.o
    0x0800a074   0x0800a074   0x000000ac   Code   RO         5646    i.vTaskDelete       tasks.o
    0x0800a120   0x0800a120   0x00000088   Code   RO         5658    i.vTaskStartScheduler  tasks.o
    0x0800a1a8   0x0800a1a8   0x00000010   Code   RO         5660    i.vTaskSuspendAll   tasks.o
    0x0800a1b8   0x0800a1b8   0x00000060   Code   RO         5661    i.vTaskSwitchContext  tasks.o
    0x0800a218   0x0800a218   0x00000010   Code   RO         1792    i.waypoint_Task     waypoint_task.o
    0x0800a228   0x0800a228   0x000000f4   Code   RO         6401    i.xPortStartScheduler  port.o
    0x0800a31c   0x0800a31c   0x00000064   Code   RO         5664    i.xTaskCreate       tasks.o
    0x0800a380   0x0800a380   0x0000005c   Code   RO         5665    i.xTaskCreateStatic  tasks.o
    0x0800a3dc   0x0800a3dc   0x0000000c   Code   RO         5670    i.xTaskGetTickCount  tasks.o
    0x0800a3e8   0x0800a3e8   0x000000d0   Code   RO         5672    i.xTaskIncrementTick  tasks.o
    0x0800a4b8   0x0800a4b8   0x000000cc   Code   RO         5678    i.xTaskResumeAll    tasks.o
    0x0800a584   0x0800a584   0x0000014c   Code   RO         1422    i.yaw_calibrate     chassis_task.o
    0x0800a6d0   0x0800a6d0   0x0000001c   Data   RO          670    .constdata          freertos.o
    0x0800a6ec   0x0800a6ec   0x00000010   Data   RO         1156    .constdata          system_stm32f4xx.o
    0x0800a6fc   0x0800a6fc   0x00000008   Data   RO         1157    .constdata          system_stm32f4xx.o
    0x0800a704   0x0800a704   0x00000006   Data   RO         1302    .constdata          detect_task.o
    0x0800a70a   0x0800a70a   0x00000002   PAD
    0x0800a70c   0x0800a70c   0x00000010   Data   RO         1424    .constdata          chassis_task.o
    0x0800a71c   0x0800a71c   0x00000008   Data   RO         2793    .constdata          stm32f4xx_hal_dma.o
    0x0800a724   0x0800a724   0x00000004   PAD
    0x0800a728   0x0800a728   0x00000088   Data   RO         6528    .constdata          m_wm.l(pow.o)
    0x0800a7b0   0x0800a7b0   0x00000098   Data   RO         6876    .constdata          m_wm.l(atan.o)
    0x0800a848   0x0800a848   0x00000030   Data   RO         6888    .constdata          m_wm.l(cos_i.o)
    0x0800a878   0x0800a878   0x00000008   Data   RO         6924    .constdata          m_wm.l(qnan.o)
    0x0800a880   0x0800a880   0x000000c8   Data   RO         6927    .constdata          m_wm.l(rred.o)
    0x0800a948   0x0800a948   0x00000020   Data   RO         6931    .constdata          m_wm.l(rredf.o)
    0x0800a968   0x0800a968   0x00000028   Data   RO         6934    .constdata          m_wm.l(sin_i.o)
    0x0800a990   0x0800a990   0x0000000b   Data   RO          671    .conststring        freertos.o
    0x0800a99b   0x0800a99b   0x00000001   PAD
    0x0800a99c   0x0800a99c   0x00000020   Data   RO         6985    Region$$Table       anon$$obj.o


    Execution Region RW_IRAM1 (Exec base: 0x20000000, Load base: 0x0800a9bc, Size: 0x00005b68, Max: 0x00030000, ABSOLUTE, COMPRESSED[0x00000048])

    Exec Addr    Load Addr    Size         Type   Attr      Idx    E Section Name        Object

    0x20000000   COMPRESSED   0x00000046   Data   RW          230    .data               can_recive.o
    0x20000046   COMPRESSED   0x00000002   PAD
    0x20000048   COMPRESSED   0x00000004   Data   RW          672    .data               freertos.o
    0x2000004c   COMPRESSED   0x00000004   Data   RW          719    .data               can.o
    0x20000050   COMPRESSED   0x00000004   Data   RW         1158    .data               system_stm32f4xx.o
    0x20000054   COMPRESSED   0x00000002   Data   RW         1204    .data               remote_task.o
    0x20000056   COMPRESSED   0x00000002   PAD
    0x20000058   COMPRESSED   0x00000004   Data   RW         1205    .data               remote_task.o
    0x2000005c   COMPRESSED   0x00000008   Data   RW         1303    .data               detect_task.o
    0x20000064   COMPRESSED   0x00000004   Data   RW         1304    .data               detect_task.o
    0x20000068   COMPRESSED   0x00000004   Data   RW         1345    .data               led_flow_task.o
    0x2000006c   COMPRESSED   0x00000004   PAD
    0x20000070   COMPRESSED   0x0000008c   Data   RW         1425    .data               chassis_task.o
    0x200000fc   COMPRESSED   0x00000004   Data   RW         1427    .data               chassis_task.o
    0x20000100   COMPRESSED   0x00000030   Data   RW         1747    .data               lift_task.o
    0x20000130   COMPRESSED   0x00000004   Data   RW         1748    .data               lift_task.o
    0x20000134   COMPRESSED   0x00000004   Data   RW         1794    .data               waypoint_task.o
    0x20000138   COMPRESSED   0x0000000c   Data   RW         3240    .data               stm32f4xx_hal.o
    0x20000144   COMPRESSED   0x0000003c   Data   RW         5681    .data               tasks.o
    0x20000180   COMPRESSED   0x00000020   Data   RW         6334    .data               heap_4.o
    0x200001a0   COMPRESSED   0x0000000c   Data   RW         6402    .data               port.o
    0x200001ac   COMPRESSED   0x00000004   Data   RW         6964    .data               mc_w.l(errno.o)
    0x200001b0        -       0x000000a2   Zero   RW          229    .bss                can_recive.o
    0x20000252   COMPRESSED   0x00000002   PAD
    0x20000254        -       0x00000254   Zero   RW          669    .bss                freertos.o
    0x200004a8        -       0x00000050   Zero   RW          718    .bss                can.o
    0x200004f8        -       0x00000058   Zero   RW          790    .bss                spi.o
    0x20000550        -       0x00000120   Zero   RW          836    .bss                tim.o
    0x20000670        -       0x00000290   Zero   RW          901    .bss                usart.o
    0x20000900        -       0x00000048   Zero   RW         1118    .bss                stm32f4xx_hal_timebase_tim.o
    0x20000948        -       0x0000005e   Zero   RW         1201    .bss                remote_task.o
    0x200009a6        -       0x00000048   Zero   RW         1301    .bss                detect_task.o
    0x200009ee   COMPRESSED   0x00000002   PAD
    0x200009f0        -       0x00000690   Zero   RW         1423    .bss                chassis_task.o
    0x20001080        -       0x00000098   Zero   RW         1746    .bss                lift_task.o
    0x20001118        -       0x00000190   Zero   RW         1793    .bss                waypoint_task.o
    0x200012a8        -       0x000007d0   Zero   RW         1865    .bss                base_usart.o
    0x20001a78        -       0x000000f0   Zero   RW         5680    .bss                tasks.o
    0x20001b68        -       0x00003c00   Zero   RW         6333    .bss                heap_4.o
    0x20005768        -       0x00000400   Zero   RW            1    STACK               startup_stm32f427xx.o


==============================================================================

Image component sizes


      Code (inc. data)   RO Data    RW Data    ZI Data      Debug   Object Name

        80         18          0          0       2000       1934   base_usart.o
       168         22          0          0          0     760271   bsp_rc.o
       424         40          0          4         80       2490   can.o
      1320        150          0         70        162      45434   can_recive.o
      9172        660         16        144       1680      34165   chassis_task.o
       126          0          0          0          0      22975   cmsis_os.o
       524         44          6         12         72       3126   detect_task.o
       108          4          0          0          0        814   dma.o
         0          0          0          0          0      16860   event_groups.o
       126          0          0          0          0       2214   filter.o
        60         14         39          4        596       6390   freertos.o
       252         22          0          0          0       1107   gpio.o
       480         26          0         32      15360       7483   heap_4.o
        56          4          0          4          0      14552   led_flow_task.o
       412         50          0         52        152       2677   lift_task.o
       138          0          0          0          0       3510   list.o
       246         14          0          0          0      10315   main.o
      1428         40          0          0          0       5338   pid.o
       702         74          0         12          0      10956   port.o
       566         44          0          6         94       9174   remote_task.o
       180         24          0          0         88       1657   spi.o
       328        118          0          0          0       1092   start_task.o
        36          8        428          0       1024        824   startup_stm32f427xx.o
        80         14          0         12          0       8170   stm32f4xx_hal.o
      1770          6          0          0          0      14467   stm32f4xx_hal_can.o
       158         14          0          0          0      33194   stm32f4xx_hal_cortex.o
      1170         14          8          0          0       7426   stm32f4xx_hal_dma.o
       520         52          0          0          0       2983   stm32f4xx_hal_gpio.o
        56          4          0          0          0        838   stm32f4xx_hal_msp.o
      1536         88          0          0          0       6909   stm32f4xx_hal_rcc.o
       190          0          0          0          0       1187   stm32f4xx_hal_spi.o
      2084        140          0          0          0      16720   stm32f4xx_hal_tim.o
       232         30          0          0          0       3321   stm32f4xx_hal_tim_ex.o
       152         20          0          0         72       1527   stm32f4xx_hal_timebase_tim.o
      2234         30          0          0          0      17012   stm32f4xx_hal_uart.o
       176         76          0          0          0       8791   stm32f4xx_it.o
         0          0          0          0          0        392   stream_buffer.o
        16          4         24          4          0       1103   system_stm32f4xx.o
      1800        140          0         60        240      22003   tasks.o
      1040         70          0          0        288       4863   tim.o
       856         86          0          0        656       4106   usart.o
       608        128          0          4        400       5312   waypoint_task.o

    ----------------------------------------------------------------------
     31670       2292        560        428      22968    1125682   Object Totals
         0          0         32          0          0          0   (incl. Generated)
        60          0          7          8          4          0   (incl. Padding)

    ----------------------------------------------------------------------

      Code (inc. data)   RO Data    RW Data    ZI Data      Debug   Library Member Name

       744        106        152          0          0        352   atan.o
       496         64          0          0          0        192   atan2.o
       200         20          0          0          0        164   cos.o
       368         46         48          0          0        200   cos_i.o
       336         56          0          0          0        136   cosf.o
       184         44          0          0          0        744   dunder.o
        44          0          0          0          0        248   fabs.o
        48          0          0          0          0        124   fpclassify.o
        38          0          0          0          0        116   fpclassifyf.o
        38         12          0          0          0        348   funder.o
       248          0          0          0          0        152   poly.o
      3152        296        136          0          0        352   pow.o
         0          0          8          0          0          0   qnan.o
      1080        142        200          0          0        188   rred.o
       340         24         32          0          0        160   rredf.o
       200         20          0          0          0        164   sin.o
       304         24         40          0          0        208   sin_i.o
       400         56          0          0          0        212   sinf.o
       232          0          0          0          0        296   sqrt.o
        86          0          0          0          0          0   __dczerorl2.o
         0          0          0          0          0          0   entry.o
         0          0          0          0          0          0   entry10a.o
         0          0          0          0          0          0   entry11a.o
         8          4          0          0          0          0   entry2.o
         4          0          0          0          0          0   entry5.o
         0          0          0          0          0          0   entry7b.o
         0          0          0          0          0          0   entry8b.o
         8          4          0          0          0          0   entry9a.o
        12          6          0          4          0         68   errno.o
        30          0          0          0          0          0   handlers.o
        36          8          0          0          0         68   init.o
         0          0          0          0          0          0   iusefp.o
        30          0          0          0          0         68   llshl.o
        36          0          0          0          0         68   llsshr.o
        32          0          0          0          0         68   llushr.o
        36          0          0          0          0         68   memcpya.o
        36          0          0          0          0        108   memseta.o
        98          0          0          0          0         92   uldiv.o
        48          0          0          0          0         68   cdcmple.o
        48          0          0          0          0         68   cdrcmple.o
        56          0          0          0          0         88   d2f.o
       334          0          0          0          0        148   dadd.o
       222          0          0          0          0        100   ddiv.o
       186          0          0          0          0        176   depilogue.o
        62          0          0          0          0         80   dfixi.o
        34          0          0          0          0         76   dflti.o
        40          0          0          0          0         80   dfltl.o
        26          0          0          0          0         76   dfltui.o
       228          0          0          0          0         96   dmul.o
        46          0          0          0          0         80   dscalb.o
       162          0          0          0          0        100   dsqrt.o
        38          0          0          0          0         68   f2d.o
       110          0          0          0          0        168   fepilogue.o
        44          0          0          0          0         92   ffltl.o

    ----------------------------------------------------------------------
     10606        932        616          4          0       6528   Library Totals
        18          0          0          0          0          0   (incl. Padding)

    ----------------------------------------------------------------------

      Code (inc. data)   RO Data    RW Data    ZI Data      Debug   Library Name

      8452        910        616          0          0       4356   m_wm.l
       452         22          0          4          0        608   mc_w.l
      1684          0          0          0          0       1564   mf_w.l

    ----------------------------------------------------------------------
     10606        932        616          4          0       6528   Library Totals

    ----------------------------------------------------------------------

==============================================================================


      Code (inc. data)   RO Data    RW Data    ZI Data      Debug   

     42276       3224       1176        432      22968    1103302   Grand Totals
     42276       3224       1176         72      22968    1103302   ELF Image Totals (compressed)
     42276       3224       1176         72          0          0   ROM Totals

==============================================================================

    Total RO  Size (Code + RO Data)                43452 (  42.43kB)
    Total RW  Size (RW Data + ZI Data)             23400 (  22.85kB)
    Total ROM Size (Code + RO Data + RW Data)      43524 (  42.50kB)

==============================================================================

