Component: ARM Compiler 5.06 update 5 (build 528) Tool: armlink [4d35e2]

==============================================================================

Section Cross References

    startup_stm32f427xx.o(RESET) refers to startup_stm32f427xx.o(STACK) for __initial_sp
    startup_stm32f427xx.o(RESET) refers to startup_stm32f427xx.o(.text) for Reset_Handler
    startup_stm32f427xx.o(RESET) refers to stm32f4xx_it.o(i.NMI_Handler) for NMI_Handler
    startup_stm32f427xx.o(RESET) refers to stm32f4xx_it.o(i.HardFault_Handler) for HardFault_Handler
    startup_stm32f427xx.o(RESET) refers to stm32f4xx_it.o(i.MemManage_Handler) for MemManage_Handler
    startup_stm32f427xx.o(RESET) refers to stm32f4xx_it.o(i.BusFault_Handler) for BusFault_Handler
    startup_stm32f427xx.o(RESET) refers to stm32f4xx_it.o(i.UsageFault_Handler) for UsageFault_Handler
    startup_stm32f427xx.o(RESET) refers to port.o(.emb_text) for SVC_Handler
    startup_stm32f427xx.o(RESET) refers to stm32f4xx_it.o(i.DebugMon_Handler) for DebugMon_Handler
    startup_stm32f427xx.o(RESET) refers to port.o(i.SysTick_Handler) for SysTick_Handler
    startup_stm32f427xx.o(RESET) refers to stm32f4xx_it.o(i.DMA1_Stream1_IRQHandler) for DMA1_Stream1_IRQHandler
    startup_stm32f427xx.o(RESET) refers to stm32f4xx_it.o(i.DMA1_Stream3_IRQHandler) for DMA1_Stream3_IRQHandler
    startup_stm32f427xx.o(RESET) refers to stm32f4xx_it.o(i.DMA1_Stream6_IRQHandler) for DMA1_Stream6_IRQHandler
    startup_stm32f427xx.o(RESET) refers to stm32f4xx_it.o(i.CAN1_RX0_IRQHandler) for CAN1_RX0_IRQHandler
    startup_stm32f427xx.o(RESET) refers to stm32f4xx_it.o(i.CAN1_RX1_IRQHandler) for CAN1_RX1_IRQHandler
    startup_stm32f427xx.o(RESET) refers to remote_task.o(i.USART1_IRQHandler) for USART1_IRQHandler
    startup_stm32f427xx.o(RESET) refers to stm32f4xx_it.o(i.TIM6_DAC_IRQHandler) for TIM6_DAC_IRQHandler
    startup_stm32f427xx.o(RESET) refers to stm32f4xx_it.o(i.TIM7_IRQHandler) for TIM7_IRQHandler
    startup_stm32f427xx.o(RESET) refers to stm32f4xx_it.o(i.DMA2_Stream2_IRQHandler) for DMA2_Stream2_IRQHandler
    startup_stm32f427xx.o(RESET) refers to stm32f4xx_it.o(i.CAN2_RX0_IRQHandler) for CAN2_RX0_IRQHandler
    startup_stm32f427xx.o(RESET) refers to stm32f4xx_it.o(i.CAN2_RX1_IRQHandler) for CAN2_RX1_IRQHandler
    startup_stm32f427xx.o(RESET) refers to stm32f4xx_it.o(i.USART6_IRQHandler) for USART6_IRQHandler
    startup_stm32f427xx.o(RESET) refers to stm32f4xx_it.o(i.UART7_IRQHandler) for UART7_IRQHandler
    startup_stm32f427xx.o(RESET) refers to stm32f4xx_it.o(i.UART8_IRQHandler) for UART8_IRQHandler
    startup_stm32f427xx.o(.text) refers to system_stm32f4xx.o(i.SystemInit) for SystemInit
    startup_stm32f427xx.o(.text) refers to entry.o(.ARM.Collect$$$$00000000) for __main
    bsp_rc.o(i.RC_init) refers to usart.o(.bss) for huart1
    bsp_rc.o(i.RC_restart) refers to usart.o(.bss) for huart1
    pid.o(i.PID_Calc_Ecd) refers to pid.o(i.ecd_zero) for ecd_zero
    can_recive.o(i.CAN_cmd_Lift) refers to stm32f4xx_hal_can.o(i.HAL_CAN_AddTxMessage) for HAL_CAN_AddTxMessage
    can_recive.o(i.CAN_cmd_Lift) refers to can_recive.o(.bss) for .bss
    can_recive.o(i.CAN_cmd_Lift) refers to can_recive.o(.data) for .data
    can_recive.o(i.CAN_cmd_Lift) refers to can.o(.bss) for hcan1
    can_recive.o(i.CAN_cmd_chassis) refers to stm32f4xx_hal_can.o(i.HAL_CAN_AddTxMessage) for HAL_CAN_AddTxMessage
    can_recive.o(i.CAN_cmd_chassis) refers to can_recive.o(.bss) for .bss
    can_recive.o(i.CAN_cmd_chassis) refers to can_recive.o(.data) for .data
    can_recive.o(i.CAN_cmd_chassis) refers to can.o(.bss) for hcan1
    can_recive.o(i.CAN_cmd_gimbal) refers to stm32f4xx_hal_can.o(i.HAL_CAN_AddTxMessage) for HAL_CAN_AddTxMessage
    can_recive.o(i.CAN_cmd_gimbal) refers to can_recive.o(.bss) for .bss
    can_recive.o(i.CAN_cmd_gimbal) refers to can_recive.o(.data) for .data
    can_recive.o(i.CAN_cmd_gimbal) refers to can.o(.bss) for hcan2
    can_recive.o(i.C_yaw_caculate) refers to can_recive.o(.data) for .data
    can_recive.o(i.Cha_Get_Motor_Data) refers to can_recive.o(.bss) for .bss
    can_recive.o(i.Gim_Get_Motor_Data) refers to can_recive.o(.bss) for .bss
    can_recive.o(i.HAL_CAN_RxFifo0MsgPendingCallback) refers to stm32f4xx_hal_can.o(i.HAL_CAN_GetRxMessage) for HAL_CAN_GetRxMessage
    can_recive.o(i.HAL_CAN_RxFifo0MsgPendingCallback) refers to can_recive.o(i.Cha_Get_Motor_Data) for Cha_Get_Motor_Data
    can_recive.o(i.HAL_CAN_RxFifo0MsgPendingCallback) refers to can_recive.o(i.Lift_Get_Motor_Data) for Lift_Get_Motor_Data
    can_recive.o(i.HAL_CAN_RxFifo0MsgPendingCallback) refers to can_recive.o(i.Gim_Get_Motor_Data) for Gim_Get_Motor_Data
    can_recive.o(i.HAL_CAN_RxFifo0MsgPendingCallback) refers to can_recive.o(.data) for .data
    can_recive.o(i.HAL_CAN_RxFifo0MsgPendingCallback) refers to can.o(.bss) for hcan1
    can_recive.o(i.HAL_CAN_RxFifo0MsgPendingCallback) refers to can_recive.o(.bss) for .bss
[...]
    TIM8_TRG_COM_TIM14_IRQHandler            0x0800029b   Thumb Code     0  startup_stm32f427xx.o(.text)
    TIM8_UP_TIM13_IRQHandler                 0x0800029b   Thumb Code     0  startup_stm32f427xx.o(.text)
    UART4_IRQHandler                         0x0800029b   Thumb Code     0  startup_stm32f427xx.o(.text)
    UART5_IRQHandler                         0x0800029b   Thumb Code     0  startup_stm32f427xx.o(.text)
    USART2_IRQHandler                        0x0800029b   Thumb Code     0  startup_stm32f427xx.o(.text)
    USART3_IRQHandler                        0x0800029b   Thumb Code     0  startup_stm32f427xx.o(.text)
    WWDG_IRQHandler                          0x0800029b   Thumb Code     0  startup_stm32f427xx.o(.text)
    __aeabi_uldivmod                         0x080002a5   Thumb Code    98  uldiv.o(.text)
    __aeabi_memcpy                           0x08000307   Thumb Code    36  memcpya.o(.text)
    __aeabi_memcpy4                          0x08000307   Thumb Code     0  memcpya.o(.text)
    __aeabi_memcpy8                          0x08000307   Thumb Code     0  memcpya.o(.text)
    __aeabi_memset                           0x0800032b   Thumb Code    14  memseta.o(.text)
    __aeabi_memset4                          0x0800032b   Thumb Code     0  memseta.o(.text)
    __aeabi_memset8                          0x0800032b   Thumb Code     0  memseta.o(.text)
    __aeabi_memclr                           0x08000339   Thumb Code     4  memseta.o(.text)
    __aeabi_memclr4                          0x08000339   Thumb Code     0  memseta.o(.text)
    __aeabi_memclr8                          0x08000339   Thumb Code     0  memseta.o(.text)
    memset                                   0x0800033d   Thumb Code    18  memseta.o(.text)
    __aeabi_dadd                             0x0800034f   Thumb Code   322  dadd.o(.text)
    __aeabi_dsub                             0x08000491   Thumb Code     6  dadd.o(.text)
    __aeabi_drsub                            0x08000497   Thumb Code     6  dadd.o(.text)
    __aeabi_dmul                             0x0800049d   Thumb Code   228  dmul.o(.text)
    __aeabi_ddiv                             0x08000581   Thumb Code   222  ddiv.o(.text)
    __aeabi_l2f                              0x0800065f   Thumb Code    44  ffltl.o(.text)
    __aeabi_i2d                              0x0800068b   Thumb Code    34  dflti.o(.text)
    __aeabi_l2d                              0x080006ad   Thumb Code    40  dfltl.o(.text)
    __aeabi_d2iz                             0x080006d5   Thumb Code    62  dfixi.o(.text)
    __aeabi_f2d                              0x08000713   Thumb Code    38  f2d.o(.text)
    __aeabi_cdcmpeq                          0x08000739   Thumb Code     0  cdcmple.o(.text)
    __aeabi_cdcmple                          0x08000739   Thumb Code    48  cdcmple.o(.text)
    __aeabi_cdrcmple                         0x08000769   Thumb Code    48  cdrcmple.o(.text)
    __aeabi_d2f                              0x08000799   Thumb Code    56  d2f.o(.text)
    __aeabi_llsl                             0x080007d1   Thumb Code    30  llshl.o(.text)
    _ll_shift_l                              0x080007d1   Thumb Code     0  llshl.o(.text)
    __aeabi_llsr                             0x080007ef   Thumb Code    32  llushr.o(.text)
    _ll_ushift_r                             0x080007ef   Thumb Code     0  llushr.o(.text)
    __aeabi_lasr                             0x0800080f   Thumb Code    36  llsshr.o(.text)
    _ll_sshift_r                             0x0800080f   Thumb Code     0  llsshr.o(.text)
    __I$use$fp                               0x08000833   Thumb Code     0  iusefp.o(.text)
    _float_round                             0x08000833   Thumb Code    18  fepilogue.o(.text)
    _float_epilogue                          0x08000845   Thumb Code    92  fepilogue.o(.text)
    _double_round                            0x080008a1   Thumb Code    30  depilogue.o(.text)
    _double_epilogue                         0x080008bf   Thumb Code   156  depilogue.o(.text)
    __ARM_scalbn                             0x0800095b   Thumb Code    46  dscalb.o(.text)
    scalbn                                   0x0800095b   Thumb Code     0  dscalb.o(.text)
    _dsqrt                                   0x08000989   Thumb Code   162  dsqrt.o(.text)
    __scatterload                            0x08000a2d   Thumb Code    28  init.o(.text)
    __scatterload_rt2                        0x08000a2d   Thumb Code     0  init.o(.text)
    __aeabi_ui2d                             0x08000a51   Thumb Code    26  dfltui.o(.text)
    __decompress                             0x08000a6b   Thumb Code     0  __dczerorl2.o(.text)
    __decompress1                            0x08000a6b   Thumb Code    86  __dczerorl2.o(.text)
    Angle_Limit                              0x08000ac1   Thumb Code    30  filter.o(i.Angle_Limit)
    BusFault_Handler                         0x08000d91   Thumb Code     2  stm32f4xx_it.o(i.BusFault_Handler)
    CAN1_RX0_IRQHandler                      0x08000d95   Thumb Code     6  stm32f4xx_it.o(i.CAN1_RX0_IRQHandler)
    CAN1_RX1_IRQHandler                      0x08000da1   Thumb Code     6  stm32f4xx_it.o(i.CAN1_RX1_IRQHandler)
    CAN2_RX0_IRQHandler                      0x08000dad   Thumb Code     6  stm32f4xx_it.o(i.CAN2_RX0_IRQHandler)
    CAN2_RX1_IRQHandler                      0x08000db9   Thumb Code     6  stm32f4xx_it.o(i.CAN2_RX1_IRQHandler)
    CAN_cmd_Lift                             0x08000dc5   Thumb Code    60  can_recive.o(i.CAN_cmd_Lift)
    CAN_cmd_chassis                          0x08000e0d   Thumb Code    60  can_recive.o(i.CAN_cmd_chassis)
    CAN_cmd_gimbal                           0x08000e55   Thumb Code    60  can_recive.o(i.CAN_cmd_gimbal)
    C_yaw_caculate                           0x08000e9d   Thumb Code   372  can_recive.o(i.C_yaw_caculate)
    Cha_Get_Motor_Data                       0x08001025   Thumb Code    56  can_recive.o(i.Cha_Get_Motor_Data)
    Chassis_Me_To_Target_Angle               0x08001061   Thumb Code    68  chassis_task.o(i.Chassis_Me_To_Target_Angle)
    Chassis_Me_To_Target_Distance            0x080010ad   Thumb Code   118  chassis_task.o(i.Chassis_Me_To_Target_Distance)
    Chassis_Me_To_Target_X_Distance          0x0800112d   Thumb Code    26  chassis_task.o(i.Chassis_Me_To_Target_X_Distance)
    Chassis_Me_To_Target_Y_Distance          0x08001147   Thumb Code    26  chassis_task.o(i.Chassis_Me_To_Target_Y_Distance)
    Chassis_mode_change                      0x08001161   Thumb Code   188  chassis_task.o(i.Chassis_mode_change)
    DMA1_Stream1_IRQHandler                  0x08001221   Thumb Code     6  stm32f4xx_it.o(i.DMA1_Stream1_IRQHandler)
    DMA1_Stream3_IRQHandler                  0x0800122d   Thumb Code     6  stm32f4xx_it.o(i.DMA1_Stream3_IRQHandler)
    DMA1_Stream6_IRQHandler                  0x08001239   Thumb Code     6  stm32f4xx_it.o(i.DMA1_Stream6_IRQHandler)
    DMA2_Stream2_IRQHandler                  0x08001245   Thumb Code     6  stm32f4xx_it.o(i.DMA2_Stream2_IRQHandler)
    DebugMon_Handler                         0x0800131f   Thumb Code     2  stm32f4xx_it.o(i.DebugMon_Handler)
    Error_Handler                            0x08001321   Thumb Code     4  main.o(i.Error_Handler)
    Find_min_Angle                           0x08001325   Thumb Code   102  chassis_task.o(i.Find_min_Angle)
    Gim_Get_Motor_Data                       0x0800139d   Thumb Code    56  can_recive.o(i.Gim_Get_Motor_Data)
    HAL_CAN_ActivateNotification             0x080013d9   Thumb Code    36  stm32f4xx_hal_can.o(i.HAL_CAN_ActivateNotification)
    HAL_CAN_AddTxMessage                     0x080013fd   Thumb Code   242  stm32f4xx_hal_can.o(i.HAL_CAN_AddTxMessage)
    HAL_CAN_ConfigFilter                     0x080014f1   Thumb Code   266  stm32f4xx_hal_can.o(i.HAL_CAN_ConfigFilter)
    HAL_CAN_ErrorCallback                    0x08001601   Thumb Code     2  stm32f4xx_hal_can.o(i.HAL_CAN_ErrorCallback)
    HAL_CAN_GetRxMessage                     0x08001603   Thumb Code   262  stm32f4xx_hal_can.o(i.HAL_CAN_GetRxMessage)
    HAL_CAN_IRQHandler                       0x08001709   Thumb Code   508  stm32f4xx_hal_can.o(i.HAL_CAN_IRQHandler)
    HAL_CAN_Init                             0x08001905   Thumb Code   338  stm32f4xx_hal_can.o(i.HAL_CAN_Init)
    HAL_CAN_MspInit                          0x08001a59   Thumb Code   264  can.o(i.HAL_CAN_MspInit)
    HAL_CAN_RxFifo0FullCallback              0x08001b79   Thumb Code     2  stm32f4xx_hal_can.o(i.HAL_CAN_RxFifo0FullCallback)
    HAL_CAN_RxFifo0MsgPendingCallback        0x08001b7d   Thumb Code   210  can_recive.o(i.HAL_CAN_RxFifo0MsgPendingCallback)
    HAL_CAN_RxFifo1FullCallback              0x08001c69   Thumb Code     2  stm32f4xx_hal_can.o(i.HAL_CAN_RxFifo1FullCallback)
    HAL_CAN_RxFifo1MsgPendingCallback        0x08001c6b   Thumb Code     2  stm32f4xx_hal_can.o(i.HAL_CAN_RxFifo1MsgPendingCallback)
    HAL_CAN_SleepCallback                    0x08001c6d   Thumb Code     2  stm32f4xx_hal_can.o(i.HAL_CAN_SleepCallback)
    HAL_CAN_Start                            0x08001c6f   Thumb Code    88  stm32f4xx_hal_can.o(i.HAL_CAN_Start)
    HAL_CAN_TxMailbox0AbortCallback          0x08001cc7   Thumb Code     2  stm32f4xx_hal_can.o(i.HAL_CAN_TxMailbox0AbortCallback)
    HAL_CAN_TxMailbox0CompleteCallback       0x08001cc9   Thumb Code     2  stm32f4xx_hal_can.o(i.HAL_CAN_TxMailbox0CompleteCallback)
    HAL_CAN_TxMailbox1AbortCallback          0x08001ccb   Thumb Code     2  stm32f4xx_hal_can.o(i.HAL_CAN_TxMailbox1AbortCallback)
    HAL_CAN_TxMailbox1CompleteCallback       0x08001ccd   Thumb Code     2  stm32f4xx_hal_can.o(i.HAL_CAN_TxMailbox1CompleteCallback)
    HAL_CAN_TxMailbox2AbortCallback          0x08001ccf   Thumb Code     2  stm32f4xx_hal_can.o(i.HAL_CAN_TxMailbox2AbortCallback)
    HAL_CAN_TxMailbox2CompleteCallback       0x08001cd1   Thumb Code     2  stm32f4xx_hal_can.o(i.HAL_CAN_TxMailbox2CompleteCallback)
    HAL_CAN_WakeUpFromRxMsgCallback          0x08001cd3   Thumb Code     2  stm32f4xx_hal_can.o(i.HAL_CAN_WakeUpFromRxMsgCallback)
    HAL_DMA_Abort                            0x08001cd5   Thumb Code   142  stm32f4xx_hal_dma.o(i.HAL_DMA_Abort)
    HAL_DMA_Abort_IT                         0x08001d63   Thumb Code    36  stm32f4xx_hal_dma.o(i.HAL_DMA_Abort_IT)
    HAL_DMA_IRQHandler                       0x08001d89   Thumb Code   460  stm32f4xx_hal_dma.o(i.HAL_DMA_IRQHandler)
    HAL_DMA_Init                             0x08001f59   Thumb Code   208  stm32f4xx_hal_dma.o(i.HAL_DMA_Init)
    HAL_DMA_Start_IT                         0x0800202d   Thumb Code   110  stm32f4xx_hal_dma.o(i.HAL_DMA_Start_IT)
    HAL_GPIO_Init                            0x0800209d   Thumb Code   440  stm32f4xx_hal_gpio.o(i.HAL_GPIO_Init)
    HAL_GPIO_ReadPin                         0x08002289   Thumb Code    14  stm32f4xx_hal_gpio.o(i.HAL_GPIO_ReadPin)
    HAL_GPIO_WritePin                        0x08002297   Thumb Code    14  stm32f4xx_hal_gpio.o(i.HAL_GPIO_WritePin)
    HAL_GetTick                              0x080022a5   Thumb Code     6  stm32f4xx_hal.o(i.HAL_GetTick)
    HAL_IncTick                              0x080022b1   Thumb Code    12  stm32f4xx_hal.o(i.HAL_IncTick)
    HAL_Init                                 0x080022c1   Thumb Code    48  stm32f4xx_hal.o(i.HAL_Init)
    HAL_InitTick                             0x080022f5   Thumb Code   132  stm32f4xx_hal_timebase_tim.o(i.HAL_InitTick)
    HAL_MspInit                              0x0800238d   Thumb Code    52  stm32f4xx_hal_msp.o(i.HAL_MspInit)
    HAL_NVIC_EnableIRQ                       0x080023c5   Thumb Code    26  stm32f4xx_hal_cortex.o(i.HAL_NVIC_EnableIRQ)
    HAL_NVIC_SetPriority                     0x080023e1   Thumb Code    60  stm32f4xx_hal_cortex.o(i.HAL_NVIC_SetPriority)
    HAL_NVIC_SetPriorityGrouping             0x08002421   Thumb Code    26  stm32f4xx_hal_cortex.o(i.HAL_NVIC_SetPriorityGrouping)
    HAL_RCC_ClockConfig                      0x08002445   Thumb Code   310  stm32f4xx_hal_rcc.o(i.HAL_RCC_ClockConfig)
    HAL_RCC_GetClockConfig                   0x08002591   Thumb Code    52  stm32f4xx_hal_rcc.o(i.HAL_RCC_GetClockConfig)
    HAL_RCC_GetHCLKFreq                      0x080025cd   Thumb Code     6  stm32f4xx_hal_rcc.o(i.HAL_RCC_GetHCLKFreq)
    HAL_RCC_GetPCLK1Freq                     0x080025d9   Thumb Code    22  stm32f4xx_hal_rcc.o(i.HAL_RCC_GetPCLK1Freq)
    HAL_RCC_GetPCLK2Freq                     0x080025f9   Thumb Code    22  stm32f4xx_hal_rcc.o(i.HAL_RCC_GetPCLK2Freq)
    HAL_RCC_GetSysClockFreq                  0x08002619   Thumb Code    94  stm32f4xx_hal_rcc.o(i.HAL_RCC_GetSysClockFreq)
    HAL_RCC_OscConfig                        0x08002685   Thumb Code   942  stm32f4xx_hal_rcc.o(i.HAL_RCC_OscConfig)
    HAL_SPI_Init                             0x08002a45   Thumb Code   190  stm32f4xx_hal_spi.o(i.HAL_SPI_Init)
    HAL_SPI_MspInit                          0x08002b05   Thumb Code    94  spi.o(i.HAL_SPI_MspInit)
    HAL_TIMEx_BreakCallback                  0x08002b71   Thumb Code     2  stm32f4xx_hal_tim_ex.o(i.HAL_TIMEx_BreakCallback)
    HAL_TIMEx_CommutCallback                 0x08002b73   Thumb Code     2  stm32f4xx_hal_tim_ex.o(i.HAL_TIMEx_CommutCallback)
    HAL_TIMEx_ConfigBreakDeadTime            0x08002b75   Thumb Code    84  stm32f4xx_hal_tim_ex.o(i.HAL_TIMEx_ConfigBreakDeadTime)
    HAL_TIMEx_MasterConfigSynchronization    0x08002bc9   Thumb Code   114  stm32f4xx_hal_tim_ex.o(i.HAL_TIMEx_MasterConfigSynchronization)
    HAL_TIM_Base_Init                        0x08002c59   Thumb Code    74  stm32f4xx_hal_tim.o(i.HAL_TIM_Base_Init)
    HAL_TIM_Base_MspInit                     0x08002ca5   Thumb Code   124  tim.o(i.HAL_TIM_Base_MspInit)
    HAL_TIM_Base_Start_IT                    0x08002d31   Thumb Code   110  stm32f4xx_hal_tim.o(i.HAL_TIM_Base_Start_IT)
    HAL_TIM_ConfigClockSource                0x08002dbd   Thumb Code   232  stm32f4xx_hal_tim.o(i.HAL_TIM_ConfigClockSource)
    HAL_TIM_IC_CaptureCallback               0x08002ea5   Thumb Code     2  stm32f4xx_hal_tim.o(i.HAL_TIM_IC_CaptureCallback)
    HAL_TIM_IRQHandler                       0x08002ea7   Thumb Code   366  stm32f4xx_hal_tim.o(i.HAL_TIM_IRQHandler)
    HAL_TIM_MspPostInit                      0x08003015   Thumb Code   160  tim.o(i.HAL_TIM_MspPostInit)
    HAL_TIM_OC_DelayElapsedCallback          0x080030cd   Thumb Code     2  stm32f4xx_hal_tim.o(i.HAL_TIM_OC_DelayElapsedCallback)
    HAL_TIM_PWM_ConfigChannel                0x080030cf   Thumb Code   216  stm32f4xx_hal_tim.o(i.HAL_TIM_PWM_ConfigChannel)
    HAL_TIM_PWM_Init                         0x080031a7   Thumb Code    74  stm32f4xx_hal_tim.o(i.HAL_TIM_PWM_Init)
    HAL_TIM_PWM_MspInit                      0x080031f1   Thumb Code     2  stm32f4xx_hal_tim.o(i.HAL_TIM_PWM_MspInit)
    HAL_TIM_PWM_PulseFinishedCallback        0x080031f3   Thumb Code     2  stm32f4xx_hal_tim.o(i.HAL_TIM_PWM_PulseFinishedCallback)
    HAL_TIM_PWM_Start                        0x080031f5   Thumb Code   190  stm32f4xx_hal_tim.o(i.HAL_TIM_PWM_Start)
    HAL_TIM_PeriodElapsedCallback            0x080032d1   Thumb Code    14  main.o(i.HAL_TIM_PeriodElapsedCallback)
    HAL_TIM_TriggerCallback                  0x080032e5   Thumb Code     2  stm32f4xx_hal_tim.o(i.HAL_TIM_TriggerCallback)
    HAL_UARTEx_RxEventCallback               0x080032e7   Thumb Code     2  stm32f4xx_hal_uart.o(i.HAL_UARTEx_RxEventCallback)
    HAL_UART_ErrorCallback                   0x080032e9   Thumb Code     2  stm32f4xx_hal_uart.o(i.HAL_UART_ErrorCallback)
    HAL_UART_IRQHandler                      0x080032ed   Thumb Code   546  stm32f4xx_hal_uart.o(i.HAL_UART_IRQHandler)
    HAL_UART_Init                            0x08003515   Thumb Code   100  stm32f4xx_hal_uart.o(i.HAL_UART_Init)
    HAL_UART_MspInit                         0x08003579   Thumb Code   580  usart.o(i.HAL_UART_MspInit)
    HAL_UART_Receive_IT                      0x080037ed   Thumb Code    46  stm32f4xx_hal_uart.o(i.HAL_UART_Receive_IT)
    HAL_UART_RxCpltCallback                  0x0800381d   Thumb Code   114  can_recive.o(i.HAL_UART_RxCpltCallback)
    HAL_UART_RxHalfCpltCallback              0x0800389d   Thumb Code     2  stm32f4xx_hal_uart.o(i.HAL_UART_RxHalfCpltCallback)
    HAL_UART_Transmit                        0x0800389f   Thumb Code   190  stm32f4xx_hal_uart.o(i.HAL_UART_Transmit)
    HAL_UART_Transmit_IT                     0x0800395d   Thumb Code    66  stm32f4xx_hal_uart.o(i.HAL_UART_Transmit_IT)
    HAL_UART_TxCpltCallback                  0x080039a1   Thumb Code    10  can_recive.o(i.HAL_UART_TxCpltCallback)
    HardFault_Handler                        0x080039b5   Thumb Code     2  stm32f4xx_it.o(i.HardFault_Handler)
    Lift_Get_Motor_Data                      0x080039b9   Thumb Code    42  can_recive.o(i.Lift_Get_Motor_Data)
    MX_CAN1_Init                             0x080039e9   Thumb Code    60  can.o(i.MX_CAN1_Init)
    MX_CAN2_Init                             0x08003a2d   Thumb Code    60  can.o(i.MX_CAN2_Init)
    MX_DMA_Init                              0x08003a71   Thumb Code   104  dma.o(i.MX_DMA_Init)
    MX_FREERTOS_Init                         0x08003add   Thumb Code   162  freertos.o(i.MX_FREERTOS_Init)
    MX_GPIO_Init                             0x08003b89   Thumb Code   230  gpio.o(i.MX_GPIO_Init)
    MX_SPI5_Init                             0x08003c85   Thumb Code    62  spi.o(i.MX_SPI5_Init)
    MX_TIM1_Init                             0x08003ccd   Thumb Code   192  tim.o(i.MX_TIM1_Init)
    MX_TIM2_Init                             0x08003d95   Thumb Code   194  tim.o(i.MX_TIM2_Init)
    MX_TIM7_Init                             0x08003e5d   Thumb Code    60  tim.o(i.MX_TIM7_Init)
    MX_TIM8_Init                             0x08003ea1   Thumb Code   240  tim.o(i.MX_TIM8_Init)
    MX_UART7_Init                            0x08003f99   Thumb Code    48  usart.o(i.MX_UART7_Init)
    MX_UART8_Init                            0x08003fd1   Thumb Code    48  usart.o(i.MX_UART8_Init)
    MX_USART1_UART_Init                      0x08004009   Thumb Code    46  usart.o(i.MX_USART1_UART_Init)
    MX_USART6_UART_Init                      0x08004045   Thumb Code    48  usart.o(i.MX_USART6_UART_Init)
    MemManage_Handler                        0x0800407d   Thumb Code     2  stm32f4xx_it.o(i.MemManage_Handler)
    NMI_Handler                              0x0800407f   Thumb Code     2  stm32f4xx_it.o(i.NMI_Handler)
    PAW_Task                                 0x08004081   Thumb Code     8  freertos.o(i.PAW_Task)
    PID_Calc_Angle                           0x080040bd   Thumb Code   252  pid.o(i.PID_Calc_Angle)
    PID_Calc_Ecd                             0x080041c1   Thumb Code   384  pid.o(i.PID_Calc_Ecd)
    PID_calc                                 0x08004345   Thumb Code   578  pid.o(i.PID_calc)
    PID_clear                                0x08004599   Thumb Code    58  pid.o(i.PID_clear)
    PID_init                                 0x080045d9   Thumb Code    88  pid.o(i.PID_init)
    Polar_To_Stright                         0x08004635   Thumb Code   780  chassis_task.o(i.Polar_To_Stright)
    RC_data_is_error                         0x08004969   Thumb Code   102  remote_task.o(i.RC_data_is_error)
    RC_init                                  0x080049d5   Thumb Code    94  bsp_rc.o(i.RC_init)
    RC_restart                               0x08004a41   Thumb Code    52  bsp_rc.o(i.RC_restart)
    Remote_chassis_AGV_wheel_angle           0x08004a7d   Thumb Code  1290  chassis_task.o(i.Remote_chassis_AGV_wheel_angle)
    Remote_pid_caculate                      0x080054a1   Thumb Code   166  chassis_task.o(i.Remote_pid_caculate)
    Sensor_Get                               0x08005549   Thumb Code   144  waypoint_task.o(i.Sensor_Get)
    Speed_Toggle                             0x080055e9   Thumb Code   128  chassis_task.o(i.Speed_Toggle)
    SysTick_Handler                          0x08005679   Thumb Code    38  port.o(i.SysTick_Handler)
    SystemClock_Config                       0x080056a5   Thumb Code   140  main.o(i.SystemClock_Config)
    SystemInit                               0x08005739   Thumb Code    12  system_stm32f4xx.o(i.SystemInit)
    TIM6_DAC_IRQHandler                      0x08005749   Thumb Code     6  stm32f4xx_it.o(i.TIM6_DAC_IRQHandler)
    TIM7_IRQHandler                          0x08005755   Thumb Code     6  stm32f4xx_it.o(i.TIM7_IRQHandler)
    TIM_Base_SetConfig                       0x08005761   Thumb Code   160  stm32f4xx_hal_tim.o(i.TIM_Base_SetConfig)
    TIM_CCxChannelCmd                        0x0800582d   Thumb Code    26  stm32f4xx_hal_tim.o(i.TIM_CCxChannelCmd)
    TIM_ETR_SetConfig                        0x08005847   Thumb Code    20  stm32f4xx_hal_tim.o(i.TIM_ETR_SetConfig)
    TIM_OC2_SetConfig                        0x080058d5   Thumb Code   106  stm32f4xx_hal_tim.o(i.TIM_OC2_SetConfig)
    Top_6020_enforce                         0x08005a55   Thumb Code    38  chassis_task.o(i.Top_6020_enforce)
    UART7_IRQHandler                         0x08005a8d   Thumb Code    16  stm32f4xx_it.o(i.UART7_IRQHandler)
    UART8_IRQHandler                         0x08005aa1   Thumb Code     6  stm32f4xx_it.o(i.UART8_IRQHandler)
    UART_IDLE_init                           0x08005c29   Thumb Code    24  base_usart.o(i.UART_IDLE_init)
    UART_Start_Receive_DMA                   0x08005e25   Thumb Code   138  stm32f4xx_hal_uart.o(i.UART_Start_Receive_DMA)
    UART_Start_Receive_IT                    0x08005ebd   Thumb Code    60  stm32f4xx_hal_uart.o(i.UART_Start_Receive_IT)
    USART1_IRQHandler                        0x08005fcd   Thumb Code   182  remote_task.o(i.USART1_IRQHandler)
    USART6_IRQHandler                        0x0800609d   Thumb Code     6  stm32f4xx_it.o(i.USART6_IRQHandler)
    UsageFault_Handler                       0x080060a9   Thumb Code     2  stm32f4xx_it.o(i.UsageFault_Handler)
    Waypoint_Init                            0x080060ad   Thumb Code   304  waypoint_task.o(i.Waypoint_Init)
    Waypoint_Write                           0x08006249   Thumb Code    16  waypoint_task.o(i.Waypoint_Write)
    Waypoint_task                            0x0800625d   Thumb Code    48  waypoint_task.o(i.Waypoint_task)
    __ARM_fpclassify                         0x08006295   Thumb Code    48  fpclassify.o(i.__ARM_fpclassify)
    __ARM_fpclassifyf                        0x080062c5   Thumb Code    38  fpclassifyf.o(i.__ARM_fpclassifyf)
    __hardfp_atan                            0x08006311   Thumb Code   622  atan.o(i.__hardfp_atan)
    __hardfp_atan2                           0x080065e9   Thumb Code   432  atan2.o(i.__hardfp_atan2)
    __hardfp_cos                             0x080067d9   Thumb Code   180  cos.o(i.__hardfp_cos)
    __hardfp_cosf                            0x080068a1   Thumb Code   280  cosf.o(i.__hardfp_cosf)
    __hardfp_fabs                            0x080069f1   Thumb Code    20  fabs.o(i.__hardfp_fabs)
    __hardfp_pow                             0x08006a09   Thumb Code  3072  pow.o(i.__hardfp_pow)
    __hardfp_sin                             0x08007659   Thumb Code   180  sin.o(i.__hardfp_sin)
    __hardfp_sinf                            0x08007721   Thumb Code   344  sinf.o(i.__hardfp_sinf)
    __hardfp_sqrt                            0x080078b1   Thumb Code   122  sqrt.o(i.__hardfp_sqrt)
    __ieee754_rem_pio2                       0x08007931   Thumb Code   938  rred.o(i.__ieee754_rem_pio2)
    __kernel_cos                             0x08007d69   Thumb Code   322  cos_i.o(i.__kernel_cos)
    __kernel_poly                            0x08007ed9   Thumb Code   248  poly.o(i.__kernel_poly)
    __kernel_sin                             0x08007fd1   Thumb Code   280  sin_i.o(i.__kernel_sin)
    __mathlib_dbl_divzero                    0x08008101   Thumb Code    28  dunder.o(i.__mathlib_dbl_divzero)
    __mathlib_dbl_infnan                     0x08008131   Thumb Code    20  dunder.o(i.__mathlib_dbl_infnan)
    __mathlib_dbl_infnan2                    0x08008145   Thumb Code    20  dunder.o(i.__mathlib_dbl_infnan2)
    __mathlib_dbl_invalid                    0x08008159   Thumb Code    24  dunder.o(i.__mathlib_dbl_invalid)
    __mathlib_dbl_overflow                   0x08008179   Thumb Code    24  dunder.o(i.__mathlib_dbl_overflow)
    __mathlib_dbl_underflow                  0x08008199   Thumb Code    24  dunder.o(i.__mathlib_dbl_underflow)
    __mathlib_flt_infnan                     0x080081b9   Thumb Code     6  funder.o(i.__mathlib_flt_infnan)
    __mathlib_flt_invalid                    0x080081c1   Thumb Code    10  funder.o(i.__mathlib_flt_invalid)
    __mathlib_flt_underflow                  0x080081d1   Thumb Code    10  funder.o(i.__mathlib_flt_underflow)
    __mathlib_rredf2                         0x080081e1   Thumb Code   316  rredf.o(i.__mathlib_rredf2)
    __scatterload_copy                       0x08008335   Thumb Code    14  handlers.o(i.__scatterload_copy)
    __scatterload_null                       0x08008343   Thumb Code     2  handlers.o(i.__scatterload_null)
    __scatterload_zeroinit                   0x08008345   Thumb Code    14  handlers.o(i.__scatterload_zeroinit)
    __set_errno                              0x08008355   Thumb Code     6  errno.o(i.__set_errno)
    angle_judge                              0x08008361   Thumb Code    78  chassis_task.o(i.angle_judge)
    atan                                     0x080083b9   Thumb Code    16  atan.o(i.atan)
    canfilter_init_start                     0x080084f9   Thumb Code    80  can_recive.o(i.canfilter_init_start)
    chassis_rc_to_control_vector             0x0800865d   Thumb Code   280  chassis_task.o(i.chassis_rc_to_control_vector)
    chassis_task                             0x080087a9   Thumb Code   194  chassis_task.o(i.chassis_task)
    clear_step                               0x08008875   Thumb Code    18  chassis_task.o(i.clear_step)
    detect_hook                              0x08008889   Thumb Code    88  detect_task.o(i.detect_hook)
    detect_task                              0x08008979   Thumb Code   248  detect_task.o(i.detect_task)
    fabs                                     0x08008a99   Thumb Code    24  fabs.o(i.fabs)
    first_order_filter_cali                  0x08008ab1   Thumb Code    78  filter.o(i.first_order_filter_cali)
    first_order_filter_init                  0x08008aff   Thumb Code    18  filter.o(i.first_order_filter_init)
    get_Chassis_Motor_Measure_Point          0x08008b11   Thumb Code    16  can_recive.o(i.get_Chassis_Motor_Measure_Point)
    get_Lift_Motor_Point                     0x08008b25   Thumb Code     4  can_recive.o(i.get_Lift_Motor_Point)
    get_gimbal_motor_measure_point           0x08008b2d   Thumb Code    16  can_recive.o(i.get_gimbal_motor_measure_point)
    get_remote_control_point                 0x08008b41   Thumb Code     4  remote_task.o(i.get_remote_control_point)
    height_get                               0x08008b49   Thumb Code    44  lift_task.o(i.height_get)
    led_flow_task                            0x08008b8d   Thumb Code    52  led_flow_task.o(i.led_flow_task)
    lift_motor_init                          0x08008bc5   Thumb Code    66  lift_task.o(i.lift_motor_init)
    lift_task                                0x08008c1d   Thumb Code   252  lift_task.o(i.lift_task)
    limit_speed                              0x08008d2d   Thumb Code   140  chassis_task.o(i.limit_speed)
    main                                     0x08008dcd   Thumb Code    92  main.o(i.main)
    my_UART_IDLE_function                    0x08008e3d   Thumb Code    38  base_usart.o(i.my_UART_IDLE_function)
    num_0_task                               0x08008e6d   Thumb Code   228  chassis_task.o(i.num_0_task)
    num_10_task                              0x08008f5d   Thumb Code   208  chassis_task.o(i.num_10_task)
    num_16_task                              0x08009039   Thumb Code    62  chassis_task.o(i.num_16_task)
    num_18_task                              0x08009081   Thumb Code    56  chassis_task.o(i.num_18_task)
    num_1_task                               0x080090c1   Thumb Code    58  chassis_task.o(i.num_1_task)
    num_2_task                               0x08009105   Thumb Code    70  chassis_task.o(i.num_2_task)
    num_3_task                               0x08009155   Thumb Code    56  chassis_task.o(i.num_3_task)
    num_5_task                               0x08009195   Thumb Code   224  chassis_task.o(i.num_5_task)
    num_9_task                               0x0800927d   Thumb Code   224  chassis_task.o(i.num_9_task)
    osDelay                                  0x08009369   Thumb Code    16  cmsis_os.o(i.osDelay)
    osKernelStart                            0x08009379   Thumb Code    10  cmsis_os.o(i.osKernelStart)
    osThreadCreate                           0x08009383   Thumb Code    88  cmsis_os.o(i.osThreadCreate)
    osThreadResume                           0x080093dd   Thumb Code    46  cmsis_os.o(i.osThreadResume)
    osThreadSuspend                          0x08009411   Thumb Code    10  cmsis_os.o(i.osThreadSuspend)
    position_judge                           0x0800941d   Thumb Code    58  chassis_task.o(i.position_judge)
    put_first_task                           0x08009815   Thumb Code   360  chassis_task.o(i.put_first_task)
    put_second_task                          0x08009981   Thumb Code   236  chassis_task.o(i.put_second_task)
    pvPortMalloc                             0x08009a71   Thumb Code   214  heap_4.o(i.pvPortMalloc)
    pxPortInitialiseStack                    0x08009b4d   Thumb Code    30  port.o(i.pxPortInitialiseStack)
    remote_control_init                      0x08009ca1   Thumb Code    12  remote_task.o(i.remote_control_init)
    remote_task                              0x08009cb1   Thumb Code    44  remote_task.o(i.remote_task)
    slove_RC_lost                            0x08009da1   Thumb Code     6  remote_task.o(i.slove_RC_lost)
    slove_data_error                         0x08009da7   Thumb Code     6  remote_task.o(i.slove_data_error)
    speed_3508_enforce                       0x08009dad   Thumb Code    22  chassis_task.o(i.speed_3508_enforce)
    speed_limit                              0x08009dc3   Thumb Code   110  chassis_task.o(i.speed_limit)
    sqrt                                     0x08009e31   Thumb Code   110  sqrt.o(i.sqrt)
    stop_3508                                0x08009ea1   Thumb Code    24  chassis_task.o(i.stop_3508)
    toe_is_error                             0x08009ec1   Thumb Code    18  detect_task.o(i.toe_is_error)
    track                                    0x08009ed9   Thumb Code   198  chassis_task.o(i.track)
    uwb_data_init                            0x08009fa9   Thumb Code    20  can_recive.o(i.uwb_data_init)
    uxListRemove                             0x08009fc1   Thumb Code    38  list.o(i.uxListRemove)
    vApplicationGetIdleTaskMemory            0x08009fe9   Thumb Code    16  freertos.o(i.vApplicationGetIdleTaskMemory)
    vListInitialise                          0x08009ffd   Thumb Code    22  list.o(i.vListInitialise)
    vListInitialiseItem                      0x0800a013   Thumb Code     6  list.o(i.vListInitialiseItem)
    vListInsert                              0x0800a019   Thumb Code    48  list.o(i.vListInsert)
    vListInsertEnd                           0x0800a049   Thumb Code    24  list.o(i.vListInsertEnd)
    vPortEnterCritical                       0x0800a061   Thumb Code    54  port.o(i.vPortEnterCritical)
    vPortExitCritical                        0x0800a0a1   Thumb Code    38  port.o(i.vPortExitCritical)
    vPortFree                                0x0800a0cd   Thumb Code    94  heap_4.o(i.vPortFree)
    vPortSetupTimerInterrupt                 0x0800a131   Thumb Code    32  port.o(i.vPortSetupTimerInterrupt)
    vPortValidateInterruptPriority           0x0800a155   Thumb Code    74  port.o(i.vPortValidateInterruptPriority)
    vTaskDelay                               0x0800a1a9   Thumb Code    70  tasks.o(i.vTaskDelay)
    vTaskResume                              0x0800a1f9   Thumb Code   114  tasks.o(i.vTaskResume)
    vTaskStartScheduler                      0x0800a279   Thumb Code   118  tasks.o(i.vTaskStartScheduler)
    vTaskSuspend                             0x0800a301   Thumb Code   174  tasks.o(i.vTaskSuspend)
    vTaskSuspendAll                          0x0800a3bd   Thumb Code    10  tasks.o(i.vTaskSuspendAll)
    vTaskSwitchContext                       0x0800a3cd   Thumb Code    86  tasks.o(i.vTaskSwitchContext)
    xPortStartScheduler                      0x0800a42d   Thumb Code   222  port.o(i.xPortStartScheduler)
    xTaskCreate                              0x0800a521   Thumb Code   100  tasks.o(i.xTaskCreate)
    xTaskCreateStatic                        0x0800a585   Thumb Code    92  tasks.o(i.xTaskCreateStatic)
    xTaskGetTickCount                        0x0800a5e1   Thumb Code     6  tasks.o(i.xTaskGetTickCount)
    xTaskIncrementTick                       0x0800a5ed   Thumb Code   198  tasks.o(i.xTaskIncrementTick)
    xTaskResumeAll                           0x0800a6bd   Thumb Code   192  tasks.o(i.xTaskResumeAll)
    xTaskResumeFromISR                       0x0800a789   Thumb Code   134  tasks.o(i.xTaskResumeFromISR)
    yaw_calibrate                            0x0800a819   Thumb Code   284  chassis_task.o(i.yaw_calibrate)
    AHBPrescTable                            0x0800aa28   Data          16  system_stm32f4xx.o(.constdata)
    APBPrescTable                            0x0800aa38   Data           8  system_stm32f4xx.o(.constdata)
    __mathlib_zero                           0x0800abb0   Data           8  qnan.o(.constdata)
    Region$$Table$$Base                      0x0800ad28   Number         0  anon$$obj.o(Region$$Table)
    Region$$Table$$Limit                     0x0800ad48   Number         0  anon$$obj.o(Region$$Table)
    t                                        0x20000000   Data           1  can_recive.o(.data)
    a                                        0x20000001   Data           1  can_recive.o(.data)
    first_flag                               0x20000002   Data           1  can_recive.o(.data)
    final_yaw                                0x20000004   Data           2  can_recive.o(.data)
    bianliang                                0x20000006   Data           2  can_recive.o(.data)
    save                                     0x20000008   Data           4  can_recive.o(.data)
    C_yaw                                    0x2000000c   Data           4  can_recive.o(.data)
    uwb_yaw                                  0x20000010   Data           4  can_recive.o(.data)
    first_C_yaw                              0x20000014   Data           4  can_recive.o(.data)
    rx_data1                                 0x20000018   Data           7  can_recive.o(.data)
    rx_data2                                 0x2000001f   Data           7  can_recive.o(.data)
    uwb_receive_data                         0x20000026   Data           8  can_recive.o(.data)
    REMOTE_TASKHandle                        0x20000048   Data           4  freertos.o(.data)
    CHASSIS_TASKHandle                       0x2000004c   Data           4  freertos.o(.data)
    LED_FLOW_TASKHandle                      0x20000050   Data           4  freertos.o(.data)
    DETECT_TASKHandle                        0x20000054   Data           4  freertos.o(.data)
    WAYPOINT_TASKHandle                      0x20000058   Data           4  freertos.o(.data)
    LIFT_TASKHandle                          0x2000005c   Data           4  freertos.o(.data)
    Paw_TaskHandle                           0x20000060   Data           4  freertos.o(.data)
    SystemCoreClock                          0x20000068   Data           4  system_stm32f4xx.o(.data)
    b                                        0x20000070   Data           4  remote_task.o(.data)
    c                                        0x20000074   Data           4  remote_task.o(.data)
    slow_down                                0x20000080   Data           1  chassis_task.o(.data)
    stop_flag                                0x20000081   Data           1  chassis_task.o(.data)
    over                                     0x20000082   Data           1  chassis_task.o(.data)
    time_save                                0x20000083   Data           1  chassis_task.o(.data)
    num_5_over                               0x20000084   Data           1  chassis_task.o(.data)
    yaw_num                                  0x20000088   Data           2  chassis_task.o(.data)
    last_ecd_3508                            0x2000008a   Data           2  chassis_task.o(.data)
    num                                      0x2000008c   Data           4  chassis_task.o(.data)
    position_judge_flag                      0x20000090   Data           4  chassis_task.o(.data)
    track_angle_start                        0x20000094   Data           4  chassis_task.o(.data)
    yaw_error                                0x20000098   Data           4  chassis_task.o(.data)
    yaw_calibrate_flag                       0x2000009c   Data           4  chassis_task.o(.data)
    ecd_sum_3508                             0x200000a0   Data           8  chassis_task.o(.data)
    current_time                             0x200000a8   Data           8  chassis_task.o(.data)
    last_time                                0x200000b0   Data           8  chassis_task.o(.data)
    circle_number                            0x20000110   Data           1  lift_task.o(.data)
    temp                                     0x20000111   Data           1  lift_task.o(.data)
    last_ecd                                 0x20000114   Data           2  lift_task.o(.data)
    Lift_motor_data                          0x20000118   Data           4  lift_task.o(.data)
    ecd_sum                                  0x20000120   Data           8  lift_task.o(.data)
    uwTickFreq                               0x20000140   Data           1  stm32f4xx_hal.o(.data)
    uwTickPrio                               0x20000144   Data           4  stm32f4xx_hal.o(.data)
    uwTick                                   0x20000148   Data           4  stm32f4xx_hal.o(.data)
    pxCurrentTCB                             0x2000014c   Data           4  tasks.o(.data)
    Revice_ChassisData                       0x20000200   Data          40  can_recive.o(.bss)
    Revice_LiftDATA                          0x20000228   Data          10  can_recive.o(.bss)
    Revice_GimbalData                        0x20000232   Data          40  can_recive.o(.bss)
    hcan1                                    0x200004b0   Data          40  can.o(.bss)
    hcan2                                    0x200004d8   Data          40  can.o(.bss)
    hspi5                                    0x20000500   Data          88  spi.o(.bss)
    htim1                                    0x20000558   Data          72  tim.o(.bss)
    htim2                                    0x200005a0   Data          72  tim.o(.bss)
    htim7                                    0x200005e8   Data          72  tim.o(.bss)
    htim8                                    0x20000630   Data          72  tim.o(.bss)
    huart7                                   0x20000678   Data          68  usart.o(.bss)
    huart8                                   0x200006bc   Data          68  usart.o(.bss)
    huart1                                   0x20000700   Data          68  usart.o(.bss)
    huart6                                   0x20000744   Data          68  usart.o(.bss)
    hdma_uart7_tx                            0x20000788   Data          96  usart.o(.bss)
    hdma_uart7_rx                            0x200007e8   Data          96  usart.o(.bss)
    hdma_uart8_rx                            0x20000848   Data          96  usart.o(.bss)
    hdma_usart1_rx                           0x200008a8   Data          96  usart.o(.bss)
    htim6                                    0x20000908   Data          72  stm32f4xx_hal_timebase_tim.o(.bss)
    rc_ctrl                                  0x20000950   Data          22  remote_task.o(.bss)
    sbus_rx_buf                              0x20000966   Data          72  remote_task.o(.bss)
    error_list                               0x200009ae   Data          72  detect_task.o(.bss)
    chassis_move                             0x20000a28   Data        1632  chassis_task.o(.bss)
    Lift_speed_pid                           0x20001088   Data          76  lift_task.o(.bss)
    Lift_ecd_pid                             0x200010d4   Data          76  lift_task.o(.bss)
    Waypoint                                 0x20001120   Data         400  waypoint_task.o(.bss)
    point_data                               0x200012b0   Data        2000  base_usart.o(.bss)
    __initial_sp                             0x20005b70   Data           0  startup_stm32f427xx.o(STACK)



==============================================================================

Memory Map of the image

  Image Entry point : 0x080001ad

  Load Region LR_IROM1 (Base: 0x08000000, Size: 0x0000af00, Max: 0x00100000, ABSOLUTE, COMPRESSED[0x0000ad8c])

    Execution Region ER_IROM1 (Exec base: 0x08000000, Load base: 0x08000000, Size: 0x0000ad48, Max: 0x00100000, ABSOLUTE)

    Exec Addr    Load Addr    Size         Type   Attr      Idx    E Section Name        Object

    0x08000000   0x08000000   0x000001ac   Data   RO            3    RESET               startup_stm32f427xx.o
    0x080001ac   0x080001ac   0x00000000   Code   RO         6625  * .ARM.Collect$$$$00000000  mc_w.l(entry.o)
    0x080001ac   0x080001ac   0x00000004   Code   RO         6989    .ARM.Collect$$$$00000001  mc_w.l(entry2.o)
    0x080001b0   0x080001b0   0x00000004   Code   RO         6992    .ARM.Collect$$$$00000004  mc_w.l(entry5.o)
    0x080001b4   0x080001b4   0x00000000   Code   RO         6994    .ARM.Collect$$$$00000008  mc_w.l(entry7b.o)
    0x080001b4   0x080001b4   0x00000000   Code   RO         6996    .ARM.Collect$$$$0000000A  mc_w.l(entry8b.o)
    0x080001b4   0x080001b4   0x00000008   Code   RO         6997    .ARM.Collect$$$$0000000B  mc_w.l(entry9a.o)
    0x080001bc   0x080001bc   0x00000000   Code   RO         6999    .ARM.Collect$$$$0000000D  mc_w.l(entry10a.o)
    0x080001bc   0x080001bc   0x00000000   Code   RO         7001    .ARM.Collect$$$$0000000F  mc_w.l(entry11a.o)
    0x080001bc   0x080001bc   0x00000004   Code   RO         6990    .ARM.Collect$$$$00002712  mc_w.l(entry2.o)
    0x080001c0   0x080001c0   0x000000be   Code   RO         6442    .emb_text           port.o
    0x0800027e   0x0800027e   0x00000002   PAD
    0x08000280   0x08000280   0x00000024   Code   RO            4    .text               startup_stm32f427xx.o
    0x080002a4   0x080002a4   0x00000062   Code   RO         6628    .text               mc_w.l(uldiv.o)
    0x08000306   0x08000306   0x00000024   Code   RO         6630    .text               mc_w.l(memcpya.o)
    0x0800032a   0x0800032a   0x00000024   Code   RO         6634    .text               mc_w.l(memseta.o)
    0x0800034e   0x0800034e   0x0000014e   Code   RO         6901    .text               mf_w.l(dadd.o)
    0x0800049c   0x0800049c   0x000000e4   Code   RO         6903    .text               mf_w.l(dmul.o)
    0x08000580   0x08000580   0x000000de   Code   RO         6905    .text               mf_w.l(ddiv.o)
    0x0800065e   0x0800065e   0x0000002c   Code   RO         6907    .text               mf_w.l(ffltl.o)
    0x0800068a   0x0800068a   0x00000022   Code   RO         6909    .text               mf_w.l(dflti.o)
    0x080006ac   0x080006ac   0x00000028   Code   RO         6911    .text               mf_w.l(dfltl.o)
    0x080006d4   0x080006d4   0x0000003e   Code   RO         6913    .text               mf_w.l(dfixi.o)
    0x08000712   0x08000712   0x00000026   Code   RO         6915    .text               mf_w.l(f2d.o)
    0x08000738   0x08000738   0x00000030   Code   RO         6917    .text               mf_w.l(cdcmple.o)
    0x08000768   0x08000768   0x00000030   Code   RO         6919    .text               mf_w.l(cdrcmple.o)
    0x08000798   0x08000798   0x00000038   Code   RO         6921    .text               mf_w.l(d2f.o)
    0x080007d0   0x080007d0   0x0000001e   Code   RO         7005    .text               mc_w.l(llshl.o)
    0x080007ee   0x080007ee   0x00000020   Code   RO         7007    .text               mc_w.l(llushr.o)
    0x0800080e   0x0800080e   0x00000024   Code   RO         7009    .text               mc_w.l(llsshr.o)
    0x08000832   0x08000832   0x00000000   Code   RO         7018    .text               mc_w.l(iusefp.o)
    0x08000832   0x08000832   0x0000006e   Code   RO         7019    .text               mf_w.l(fepilogue.o)
    0x080008a0   0x080008a0   0x000000ba   Code   RO         7021    .text               mf_w.l(depilogue.o)
    0x0800095a   0x0800095a   0x0000002e   Code   RO         7025    .text               mf_w.l(dscalb.o)
    0x08000988   0x08000988   0x000000a2   Code   RO         7027    .text               mf_w.l(dsqrt.o)
    0x08000a2a   0x08000a2a   0x00000002   PAD
    0x08000a2c   0x08000a2c   0x00000024   Code   RO         7031    .text               mc_w.l(init.o)
    0x08000a50   0x08000a50   0x0000001a   Code   RO         7033    .text               mf_w.l(dfltui.o)
    0x08000a6a   0x08000a6a   0x00000056   Code   RO         7043    .text               mc_w.l(__dczerorl2.o)
    0x08000ac0   0x08000ac0   0x0000001e   Code   RO         1721    i.Angle_Limit       filter.o
    0x08000ade   0x08000ade   0x00000002   PAD
    0x08000ae0   0x08000ae0   0x0000018c   Code   RO         1423    i.Auto_chassis_AGV_wheel_angle  chassis_task.o
    0x08000c6c   0x08000c6c   0x0000003c   Code   RO         1424    i.Auto_chassis_AGV_wheel_speed  chassis_task.o
    0x08000ca8   0x08000ca8   0x000000e8   Code   RO         1425    i.Auto_pid_caculate  chassis_task.o
    0x08000d90   0x08000d90   0x00000002   Code   RO         1011    i.BusFault_Handler  stm32f4xx_it.o
    0x08000d92   0x08000d92   0x00000002   PAD
    0x08000d94   0x08000d94   0x0000000c   Code   RO         1012    i.CAN1_RX0_IRQHandler  stm32f4xx_it.o
    0x08000da0   0x08000da0   0x0000000c   Code   RO         1013    i.CAN1_RX1_IRQHandler  stm32f4xx_it.o
    0x08000dac   0x08000dac   0x0000000c   Code   RO         1014    i.CAN2_RX0_IRQHandler  stm32f4xx_it.o
    0x08000db8   0x08000db8   0x0000000c   Code   RO         1015    i.CAN2_RX1_IRQHandler  stm32f4xx_it.o
    0x08000dc4   0x08000dc4   0x00000048   Code   RO          213    i.CAN_cmd_Lift      can_recive.o
    0x08000e0c   0x08000e0c   0x00000048   Code   RO          214    i.CAN_cmd_chassis   can_recive.o
    0x08000e54   0x08000e54   0x00000048   Code   RO          215    i.CAN_cmd_gimbal    can_recive.o
    0x08000e9c   0x08000e9c   0x00000188   Code   RO          216    i.C_yaw_caculate    can_recive.o
    0x08001024   0x08001024   0x0000003c   Code   RO          217    i.Cha_Get_Motor_Data  can_recive.o
    0x08001060   0x08001060   0x0000004c   Code   RO         1426    i.Chassis_Me_To_Target_Angle  chassis_task.o
    0x080010ac   0x080010ac   0x00000080   Code   RO         1427    i.Chassis_Me_To_Target_Distance  chassis_task.o
    0x0800112c   0x0800112c   0x0000001a   Code   RO         1428    i.Chassis_Me_To_Target_X_Distance  chassis_task.o
    0x08001146   0x08001146   0x0000001a   Code   RO         1429    i.Chassis_Me_To_Target_Y_Distance  chassis_task.o
    0x08001160   0x08001160   0x000000c0   Code   RO         1430    i.Chassis_mode_change  chassis_task.o
    0x08001220   0x08001220   0x0000000c   Code   RO         1016    i.DMA1_Stream1_IRQHandler  stm32f4xx_it.o
    0x0800122c   0x0800122c   0x0000000c   Code   RO         1017    i.DMA1_Stream3_IRQHandler  stm32f4xx_it.o
    0x08001238   0x08001238   0x0000000c   Code   RO         1018    i.DMA1_Stream6_IRQHandler  stm32f4xx_it.o
    0x08001244   0x08001244   0x0000000c   Code   RO         1019    i.DMA2_Stream2_IRQHandler  stm32f4xx_it.o
    0x08001250   0x08001250   0x0000002c   Code   RO         2828    i.DMA_CalcBaseAndBitshift  stm32f4xx_hal_dma.o
    0x0800127c   0x0800127c   0x00000078   Code   RO         2829    i.DMA_CheckFifoParam  stm32f4xx_hal_dma.o
    0x080012f4   0x080012f4   0x0000002a   Code   RO         2830    i.DMA_SetConfig     stm32f4xx_hal_dma.o
    0x0800131e   0x0800131e   0x00000002   Code   RO         1020    i.DebugMon_Handler  stm32f4xx_it.o
    0x08001320   0x08001320   0x00000004   Code   RO          562    i.Error_Handler     main.o
    0x08001324   0x08001324   0x00000078   Code   RO         1433    i.Find_min_Angle    chassis_task.o
    0x0800139c   0x0800139c   0x0000003c   Code   RO          218    i.Gim_Get_Motor_Data  can_recive.o
    0x080013d8   0x080013d8   0x00000024   Code   RO         2034    i.HAL_CAN_ActivateNotification  stm32f4xx_hal_can.o
    0x080013fc   0x080013fc   0x000000f2   Code   RO         2035    i.HAL_CAN_AddTxMessage  stm32f4xx_hal_can.o
    0x080014ee   0x080014ee   0x00000002   PAD
    0x080014f0   0x080014f0   0x00000110   Code   RO         2036    i.HAL_CAN_ConfigFilter  stm32f4xx_hal_can.o
    0x08001600   0x08001600   0x00000002   Code   RO         2039    i.HAL_CAN_ErrorCallback  stm32f4xx_hal_can.o
    0x08001602   0x08001602   0x00000106   Code   RO         2042    i.HAL_CAN_GetRxMessage  stm32f4xx_hal_can.o
    0x08001708   0x08001708   0x000001fc   Code   RO         2046    i.HAL_CAN_IRQHandler  stm32f4xx_hal_can.o
    0x08001904   0x08001904   0x00000152   Code   RO         2047    i.HAL_CAN_Init      stm32f4xx_hal_can.o
    0x08001a56   0x08001a56   0x00000002   PAD
    0x08001a58   0x08001a58   0x00000120   Code   RO          771    i.HAL_CAN_MspInit   can.o
    0x08001b78   0x08001b78   0x00000002   Code   RO         2054    i.HAL_CAN_RxFifo0FullCallback  stm32f4xx_hal_can.o
    0x08001b7a   0x08001b7a   0x00000002   PAD
    0x08001b7c   0x08001b7c   0x000000ec   Code   RO          219    i.HAL_CAN_RxFifo0MsgPendingCallback  can_recive.o
    0x08001c68   0x08001c68   0x00000002   Code   RO         2056    i.HAL_CAN_RxFifo1FullCallback  stm32f4xx_hal_can.o
    0x08001c6a   0x08001c6a   0x00000002   Code   RO         2057    i.HAL_CAN_RxFifo1MsgPendingCallback  stm32f4xx_hal_can.o
    0x08001c6c   0x08001c6c   0x00000002   Code   RO         2058    i.HAL_CAN_SleepCallback  stm32f4xx_hal_can.o
    0x08001c6e   0x08001c6e   0x00000058   Code   RO         2059    i.HAL_CAN_Start     stm32f4xx_hal_can.o
    0x08001cc6   0x08001cc6   0x00000002   Code   RO         2061    i.HAL_CAN_TxMailbox0AbortCallback  stm32f4xx_hal_can.o
    0x08001cc8   0x08001cc8   0x00000002   Code   RO         2062    i.HAL_CAN_TxMailbox0CompleteCallback  stm32f4xx_hal_can.o
    0x08001cca   0x08001cca   0x00000002   Code   RO         2063    i.HAL_CAN_TxMailbox1AbortCallback  stm32f4xx_hal_can.o
    0x08001ccc   0x08001ccc   0x00000002   Code   RO         2064    i.HAL_CAN_TxMailbox1CompleteCallback  stm32f4xx_hal_can.o
    0x08001cce   0x08001cce   0x00000002   Code   RO         2065    i.HAL_CAN_TxMailbox2AbortCallback  stm32f4xx_hal_can.o
    0x08001cd0   0x08001cd0   0x00000002   Code   RO         2066    i.HAL_CAN_TxMailbox2CompleteCallback  stm32f4xx_hal_can.o
    0x08001cd2   0x08001cd2   0x00000002   Code   RO         2068    i.HAL_CAN_WakeUpFromRxMsgCallback  stm32f4xx_hal_can.o
    0x08001cd4   0x08001cd4   0x0000008e   Code   RO         2831    i.HAL_DMA_Abort     stm32f4xx_hal_dma.o
    0x08001d62   0x08001d62   0x00000024   Code   RO         2832    i.HAL_DMA_Abort_IT  stm32f4xx_hal_dma.o
    0x08001d86   0x08001d86   0x00000002   PAD
    0x08001d88   0x08001d88   0x000001d0   Code   RO         2836    i.HAL_DMA_IRQHandler  stm32f4xx_hal_dma.o
    0x08001f58   0x08001f58   0x000000d4   Code   RO         2837    i.HAL_DMA_Init      stm32f4xx_hal_dma.o
    0x0800202c   0x0800202c   0x0000006e   Code   RO         2841    i.HAL_DMA_Start_IT  stm32f4xx_hal_dma.o
    0x0800209a   0x0800209a   0x00000002   PAD
    0x0800209c   0x0800209c   0x000001ec   Code   RO         2724    i.HAL_GPIO_Init     stm32f4xx_hal_gpio.o
    0x08002288   0x08002288   0x0000000e   Code   RO         2726    i.HAL_GPIO_ReadPin  stm32f4xx_hal_gpio.o
    0x08002296   0x08002296   0x0000000e   Code   RO         2728    i.HAL_GPIO_WritePin  stm32f4xx_hal_gpio.o
    0x080022a4   0x080022a4   0x0000000c   Code   RO         3276    i.HAL_GetTick       stm32f4xx_hal.o
    0x080022b0   0x080022b0   0x00000010   Code   RO         3282    i.HAL_IncTick       stm32f4xx_hal.o
    0x080022c0   0x080022c0   0x00000034   Code   RO         3283    i.HAL_Init          stm32f4xx_hal.o
    0x080022f4   0x080022f4   0x00000098   Code   RO         1171    i.HAL_InitTick      stm32f4xx_hal_timebase_tim.o
    0x0800238c   0x0800238c   0x00000038   Code   RO         1147    i.HAL_MspInit       stm32f4xx_hal_msp.o
    0x080023c4   0x080023c4   0x0000001a   Code   RO         3131    i.HAL_NVIC_EnableIRQ  stm32f4xx_hal_cortex.o
    0x080023de   0x080023de   0x00000002   PAD
    0x080023e0   0x080023e0   0x00000040   Code   RO         3137    i.HAL_NVIC_SetPriority  stm32f4xx_hal_cortex.o
    0x08002420   0x08002420   0x00000024   Code   RO         3138    i.HAL_NVIC_SetPriorityGrouping  stm32f4xx_hal_cortex.o
    0x08002444   0x08002444   0x0000014c   Code   RO         2268    i.HAL_RCC_ClockConfig  stm32f4xx_hal_rcc.o
    0x08002590   0x08002590   0x0000003c   Code   RO         2272    i.HAL_RCC_GetClockConfig  stm32f4xx_hal_rcc.o
    0x080025cc   0x080025cc   0x0000000c   Code   RO         2273    i.HAL_RCC_GetHCLKFreq  stm32f4xx_hal_rcc.o
    0x080025d8   0x080025d8   0x00000020   Code   RO         2275    i.HAL_RCC_GetPCLK1Freq  stm32f4xx_hal_rcc.o
    0x080025f8   0x080025f8   0x00000020   Code   RO         2276    i.HAL_RCC_GetPCLK2Freq  stm32f4xx_hal_rcc.o
    0x08002618   0x08002618   0x0000006c   Code   RO         2277    i.HAL_RCC_GetSysClockFreq  stm32f4xx_hal_rcc.o
    0x08002684   0x08002684   0x000003c0   Code   RO         2280    i.HAL_RCC_OscConfig  stm32f4xx_hal_rcc.o
    0x08002a44   0x08002a44   0x000000be   Code   RO         3542    i.HAL_SPI_Init      stm32f4xx_hal_spi.o
    0x08002b02   0x08002b02   0x00000002   PAD
    0x08002b04   0x08002b04   0x0000006c   Code   RO          844    i.HAL_SPI_MspInit   spi.o
    0x08002b70   0x08002b70   0x00000002   Code   RO         4570    i.HAL_TIMEx_BreakCallback  stm32f4xx_hal_tim_ex.o
    0x08002b72   0x08002b72   0x00000002   Code   RO         4571    i.HAL_TIMEx_CommutCallback  stm32f4xx_hal_tim_ex.o
    0x08002b74   0x08002b74   0x00000054   Code   RO         4573    i.HAL_TIMEx_ConfigBreakDeadTime  stm32f4xx_hal_tim_ex.o
    0x08002bc8   0x08002bc8   0x00000090   Code   RO         4589    i.HAL_TIMEx_MasterConfigSynchronization  stm32f4xx_hal_tim_ex.o
    0x08002c58   0x08002c58   0x0000004a   Code   RO         3855    i.HAL_TIM_Base_Init  stm32f4xx_hal_tim.o
    0x08002ca2   0x08002ca2   0x00000002   PAD
    0x08002ca4   0x08002ca4   0x0000008c   Code   RO          886    i.HAL_TIM_Base_MspInit  tim.o
    0x08002d30   0x08002d30   0x0000008c   Code   RO         3860    i.HAL_TIM_Base_Start_IT  stm32f4xx_hal_tim.o
    0x08002dbc   0x08002dbc   0x000000e8   Code   RO         3864    i.HAL_TIM_ConfigClockSource  stm32f4xx_hal_tim.o
    0x08002ea4   0x08002ea4   0x00000002   Code   RO         3889    i.HAL_TIM_IC_CaptureCallback  stm32f4xx_hal_tim.o
    0x08002ea6   0x08002ea6   0x0000016e   Code   RO         3903    i.HAL_TIM_IRQHandler  stm32f4xx_hal_tim.o
    0x08003014   0x08003014   0x000000b8   Code   RO          887    i.HAL_TIM_MspPostInit  tim.o
    0x080030cc   0x080030cc   0x00000002   Code   RO         3906    i.HAL_TIM_OC_DelayElapsedCallback  stm32f4xx_hal_tim.o
    0x080030ce   0x080030ce   0x000000d8   Code   RO         3927    i.HAL_TIM_PWM_ConfigChannel  stm32f4xx_hal_tim.o
    0x080031a6   0x080031a6   0x0000004a   Code   RO         3930    i.HAL_TIM_PWM_Init  stm32f4xx_hal_tim.o
    0x080031f0   0x080031f0   0x00000002   Code   RO         3932    i.HAL_TIM_PWM_MspInit  stm32f4xx_hal_tim.o
    0x080031f2   0x080031f2   0x00000002   Code   RO         3933    i.HAL_TIM_PWM_PulseFinishedCallback  stm32f4xx_hal_tim.o
    0x080031f4   0x080031f4   0x000000dc   Code   RO         3935    i.HAL_TIM_PWM_Start  stm32f4xx_hal_tim.o
    0x080032d0   0x080032d0   0x00000014   Code   RO          563    i.HAL_TIM_PeriodElapsedCallback  main.o
    0x080032e4   0x080032e4   0x00000002   Code   RO         3946    i.HAL_TIM_TriggerCallback  stm32f4xx_hal_tim.o
    0x080032e6   0x080032e6   0x00000002   Code   RO         4848    i.HAL_UARTEx_RxEventCallback  stm32f4xx_hal_uart.o
    0x080032e8   0x080032e8   0x00000002   Code   RO         4862    i.HAL_UART_ErrorCallback  stm32f4xx_hal_uart.o
    0x080032ea   0x080032ea   0x00000002   PAD
    0x080032ec   0x080032ec   0x00000228   Code   RO         4865    i.HAL_UART_IRQHandler  stm32f4xx_hal_uart.o
    0x08003514   0x08003514   0x00000064   Code   RO         4866    i.HAL_UART_Init     stm32f4xx_hal_uart.o
    0x08003578   0x08003578   0x00000274   Code   RO          952    i.HAL_UART_MspInit  usart.o
    0x080037ec   0x080037ec   0x0000002e   Code   RO         4871    i.HAL_UART_Receive_IT  stm32f4xx_hal_uart.o
    0x0800381a   0x0800381a   0x00000002   PAD
    0x0800381c   0x0800381c   0x00000080   Code   RO          220    i.HAL_UART_RxCpltCallback  can_recive.o
    0x0800389c   0x0800389c   0x00000002   Code   RO         4873    i.HAL_UART_RxHalfCpltCallback  stm32f4xx_hal_uart.o
    0x0800389e   0x0800389e   0x000000be   Code   RO         4874    i.HAL_UART_Transmit  stm32f4xx_hal_uart.o
    0x0800395c   0x0800395c   0x00000042   Code   RO         4876    i.HAL_UART_Transmit_IT  stm32f4xx_hal_uart.o
    0x0800399e   0x0800399e   0x00000002   PAD
    0x080039a0   0x080039a0   0x00000014   Code   RO          221    i.HAL_UART_TxCpltCallback  can_recive.o
    0x080039b4   0x080039b4   0x00000002   Code   RO         1021    i.HardFault_Handler  stm32f4xx_it.o
    0x080039b6   0x080039b6   0x00000002   PAD
    0x080039b8   0x080039b8   0x00000030   Code   RO          222    i.Lift_Get_Motor_Data  can_recive.o
    0x080039e8   0x080039e8   0x00000044   Code   RO          772    i.MX_CAN1_Init      can.o
    0x08003a2c   0x08003a2c   0x00000044   Code   RO          773    i.MX_CAN2_Init      can.o
    0x08003a70   0x08003a70   0x0000006c   Code   RO          819    i.MX_DMA_Init       dma.o
    0x08003adc   0x08003adc   0x000000ac   Code   RO          667    i.MX_FREERTOS_Init  freertos.o
    0x08003b88   0x08003b88   0x000000fc   Code   RO          643    i.MX_GPIO_Init      gpio.o
    0x08003c84   0x08003c84   0x00000048   Code   RO          845    i.MX_SPI5_Init      spi.o
    0x08003ccc   0x08003ccc   0x000000c8   Code   RO          888    i.MX_TIM1_Init      tim.o
    0x08003d94   0x08003d94   0x000000c8   Code   RO          889    i.MX_TIM2_Init      tim.o
    0x08003e5c   0x08003e5c   0x00000044   Code   RO          890    i.MX_TIM7_Init      tim.o
    0x08003ea0   0x08003ea0   0x000000f8   Code   RO          891    i.MX_TIM8_Init      tim.o
    0x08003f98   0x08003f98   0x00000038   Code   RO          953    i.MX_UART7_Init     usart.o
    0x08003fd0   0x08003fd0   0x00000038   Code   RO          954    i.MX_UART8_Init     usart.o
    0x08004008   0x08004008   0x0000003c   Code   RO          955    i.MX_USART1_UART_Init  usart.o
    0x08004044   0x08004044   0x00000038   Code   RO          956    i.MX_USART6_UART_Init  usart.o
    0x0800407c   0x0800407c   0x00000002   Code   RO         1022    i.MemManage_Handler  stm32f4xx_it.o
    0x0800407e   0x0800407e   0x00000002   Code   RO         1023    i.NMI_Handler       stm32f4xx_it.o
    0x08004080   0x08004080   0x00000008   Code   RO          668    i.PAW_Task          freertos.o
    0x08004088   0x08004088   0x00000034   Code   RO         1434    i.PID_CLEAR_ALL     chassis_task.o
    0x080040bc   0x080040bc   0x00000104   Code   RO          157    i.PID_Calc_Angle    pid.o
    0x080041c0   0x080041c0   0x00000184   Code   RO          158    i.PID_Calc_Ecd      pid.o
    0x08004344   0x08004344   0x00000254   Code   RO          159    i.PID_calc          pid.o
    0x08004598   0x08004598   0x00000040   Code   RO          160    i.PID_clear         pid.o
    0x080045d8   0x080045d8   0x0000005c   Code   RO          161    i.PID_init          pid.o
    0x08004634   0x08004634   0x00000328   Code   RO         1435    i.Polar_To_Stright  chassis_task.o
    0x0800495c   0x0800495c   0x0000000a   Code   RO         1248    i.RC_abs            remote_task.o
    0x08004966   0x08004966   0x00000002   PAD
    0x08004968   0x08004968   0x0000006c   Code   RO         1249    i.RC_data_is_error  remote_task.o
    0x080049d4   0x080049d4   0x0000006c   Code   RO           13    i.RC_init           bsp_rc.o
    0x08004a40   0x08004a40   0x0000003c   Code   RO           14    i.RC_restart        bsp_rc.o
    0x08004a7c   0x08004a7c   0x00000514   Code   RO         1436    i.Remote_chassis_AGV_wheel_angle  chassis_task.o
    0x08004f90   0x08004f90   0x00000510   Code   RO         1437    i.Remote_chassis_AGV_wheel_speed  chassis_task.o
    0x080054a0   0x080054a0   0x000000a6   Code   RO         1438    i.Remote_pid_caculate  chassis_task.o
    0x08005546   0x08005546   0x00000002   PAD
    0x08005548   0x08005548   0x000000a0   Code   RO         1835    i.Sensor_Get        waypoint_task.o
    0x080055e8   0x080055e8   0x00000090   Code   RO         1439    i.Speed_Toggle      chassis_task.o
    0x08005678   0x08005678   0x0000002c   Code   RO         6443    i.SysTick_Handler   port.o
    0x080056a4   0x080056a4   0x00000094   Code   RO          564    i.SystemClock_Config  main.o
    0x08005738   0x08005738   0x00000010   Code   RO         1211    i.SystemInit        system_stm32f4xx.o
    0x08005748   0x08005748   0x0000000c   Code   RO         1024    i.TIM6_DAC_IRQHandler  stm32f4xx_it.o
    0x08005754   0x08005754   0x0000000c   Code   RO         1025    i.TIM7_IRQHandler   stm32f4xx_it.o
    0x08005760   0x08005760   0x000000cc   Code   RO         3948    i.TIM_Base_SetConfig  stm32f4xx_hal_tim.o
    0x0800582c   0x0800582c   0x0000001a   Code   RO         3949    i.TIM_CCxChannelCmd  stm32f4xx_hal_tim.o
    0x08005846   0x08005846   0x00000014   Code   RO         3959    i.TIM_ETR_SetConfig  stm32f4xx_hal_tim.o
    0x0800585a   0x0800585a   0x00000010   Code   RO         3960    i.TIM_ITRx_SetConfig  stm32f4xx_hal_tim.o
    0x0800586a   0x0800586a   0x00000002   PAD
    0x0800586c   0x0800586c   0x00000068   Code   RO         3961    i.TIM_OC1_SetConfig  stm32f4xx_hal_tim.o
    0x080058d4   0x080058d4   0x00000074   Code   RO         3962    i.TIM_OC2_SetConfig  stm32f4xx_hal_tim.o
    0x08005948   0x08005948   0x00000070   Code   RO         3963    i.TIM_OC3_SetConfig  stm32f4xx_hal_tim.o
    0x080059b8   0x080059b8   0x00000054   Code   RO         3964    i.TIM_OC4_SetConfig  stm32f4xx_hal_tim.o
    0x08005a0c   0x08005a0c   0x00000022   Code   RO         3966    i.TIM_TI1_ConfigInputStage  stm32f4xx_hal_tim.o
    0x08005a2e   0x08005a2e   0x00000024   Code   RO         3968    i.TIM_TI2_ConfigInputStage  stm32f4xx_hal_tim.o
    0x08005a52   0x08005a52   0x00000002   PAD
    0x08005a54   0x08005a54   0x00000038   Code   RO         1440    i.Top_6020_enforce  chassis_task.o
    0x08005a8c   0x08005a8c   0x00000014   Code   RO         1026    i.UART7_IRQHandler  stm32f4xx_it.o
    0x08005aa0   0x08005aa0   0x0000000c   Code   RO         1027    i.UART8_IRQHandler  stm32f4xx_it.o
    0x08005aac   0x08005aac   0x00000010   Code   RO         4879    i.UART_DMAAbortOnError  stm32f4xx_hal_uart.o
    0x08005abc   0x08005abc   0x0000004a   Code   RO         4880    i.UART_DMAError     stm32f4xx_hal_uart.o
    0x08005b06   0x08005b06   0x00000082   Code   RO         4881    i.UART_DMAReceiveCplt  stm32f4xx_hal_uart.o
    0x08005b88   0x08005b88   0x0000001a   Code   RO         4883    i.UART_DMARxHalfCplt  stm32f4xx_hal_uart.o
    0x08005ba2   0x08005ba2   0x0000004e   Code   RO         4889    i.UART_EndRxTransfer  stm32f4xx_hal_uart.o
    0x08005bf0   0x08005bf0   0x0000001a   Code   RO         4890    i.UART_EndTransmit_IT  stm32f4xx_hal_uart.o
    0x08005c0a   0x08005c0a   0x0000001c   Code   RO         4891    i.UART_EndTxTransfer  stm32f4xx_hal_uart.o
    0x08005c26   0x08005c26   0x00000002   PAD
    0x08005c28   0x08005c28   0x00000020   Code   RO         1929    i.UART_IDLE_init    base_usart.o
    0x08005c48   0x08005c48   0x000000c6   Code   RO         4892    i.UART_Receive_IT   stm32f4xx_hal_uart.o
    0x08005d0e   0x08005d0e   0x00000002   PAD
    0x08005d10   0x08005d10   0x00000114   Code   RO         4893    i.UART_SetConfig    stm32f4xx_hal_uart.o
    0x08005e24   0x08005e24   0x00000098   Code   RO         4894    i.UART_Start_Receive_DMA  stm32f4xx_hal_uart.o
    0x08005ebc   0x08005ebc   0x0000003c   Code   RO         4895    i.UART_Start_Receive_IT  stm32f4xx_hal_uart.o
    0x08005ef8   0x08005ef8   0x0000005e   Code   RO         4896    i.UART_Transmit_IT  stm32f4xx_hal_uart.o
    0x08005f56   0x08005f56   0x00000074   Code   RO         4897    i.UART_WaitOnFlagUntilTimeout  stm32f4xx_hal_uart.o
    0x08005fca   0x08005fca   0x00000002   PAD
    0x08005fcc   0x08005fcc   0x000000d0   Code   RO         1250    i.USART1_IRQHandler  remote_task.o
    0x0800609c   0x0800609c   0x0000000c   Code   RO         1028    i.USART6_IRQHandler  stm32f4xx_it.o
    0x080060a8   0x080060a8   0x00000002   Code   RO         1029    i.UsageFault_Handler  stm32f4xx_it.o
    0x080060aa   0x080060aa   0x00000002   PAD
    0x080060ac   0x080060ac   0x0000019c   Code   RO         1836    i.Waypoint_Init     waypoint_task.o
    0x08006248   0x08006248   0x00000014   Code   RO         1837    i.Waypoint_Write    waypoint_task.o
    0x0800625c   0x0800625c   0x00000038   Code   RO         1838    i.Waypoint_task     waypoint_task.o
    0x08006294   0x08006294   0x00000030   Code   RO         6954    i.__ARM_fpclassify  m_wm.l(fpclassify.o)
    0x080062c4   0x080062c4   0x00000026   Code   RO         6956    i.__ARM_fpclassifyf  m_wm.l(fpclassifyf.o)
    0x080062ea   0x080062ea   0x00000020   Code   RO         3144    i.__NVIC_SetPriority  stm32f4xx_hal_cortex.o
    0x0800630a   0x0800630a   0x00000006   PAD
    0x08006310   0x08006310   0x000002d8   Code   RO         6923    i.__hardfp_atan     m_wm.l(atan.o)
    0x080065e8   0x080065e8   0x000001f0   Code   RO         6533    i.__hardfp_atan2    m_wm.l(atan2.o)
    0x080067d8   0x080067d8   0x000000c8   Code   RO         6545    i.__hardfp_cos      m_wm.l(cos.o)
    0x080068a0   0x080068a0   0x00000150   Code   RO         6557    i.__hardfp_cosf     m_wm.l(cosf.o)
    0x080069f0   0x080069f0   0x00000014   Code   RO         6569    i.__hardfp_fabs     m_wm.l(fabs.o)
    0x08006a04   0x08006a04   0x00000004   PAD
    0x08006a08   0x08006a08   0x00000c50   Code   RO         6575    i.__hardfp_pow      m_wm.l(pow.o)
    0x08007658   0x08007658   0x000000c8   Code   RO         6589    i.__hardfp_sin      m_wm.l(sin.o)
    0x08007720   0x08007720   0x00000190   Code   RO         6601    i.__hardfp_sinf     m_wm.l(sinf.o)
    0x080078b0   0x080078b0   0x0000007a   Code   RO         6613    i.__hardfp_sqrt     m_wm.l(sqrt.o)
    0x0800792a   0x0800792a   0x00000006   PAD
    0x08007930   0x08007930   0x00000438   Code   RO         6975    i.__ieee754_rem_pio2  m_wm.l(rred.o)
    0x08007d68   0x08007d68   0x00000170   Code   RO         6937    i.__kernel_cos      m_wm.l(cos_i.o)
    0x08007ed8   0x08007ed8   0x000000f8   Code   RO         6972    i.__kernel_poly     m_wm.l(poly.o)
    0x08007fd0   0x08007fd0   0x00000130   Code   RO         6983    i.__kernel_sin      m_wm.l(sin_i.o)
    0x08008100   0x08008100   0x00000030   Code   RO         6940    i.__mathlib_dbl_divzero  m_wm.l(dunder.o)
    0x08008130   0x08008130   0x00000014   Code   RO         6941    i.__mathlib_dbl_infnan  m_wm.l(dunder.o)
    0x08008144   0x08008144   0x00000014   Code   RO         6942    i.__mathlib_dbl_infnan2  m_wm.l(dunder.o)
    0x08008158   0x08008158   0x00000020   Code   RO         6943    i.__mathlib_dbl_invalid  m_wm.l(dunder.o)
    0x08008178   0x08008178   0x00000020   Code   RO         6944    i.__mathlib_dbl_overflow  m_wm.l(dunder.o)
    0x08008198   0x08008198   0x00000020   Code   RO         6946    i.__mathlib_dbl_underflow  m_wm.l(dunder.o)
    0x080081b8   0x080081b8   0x00000006   Code   RO         6959    i.__mathlib_flt_infnan  m_wm.l(funder.o)
    0x080081be   0x080081be   0x00000002   PAD
    0x080081c0   0x080081c0   0x00000010   Code   RO         6961    i.__mathlib_flt_invalid  m_wm.l(funder.o)
    0x080081d0   0x080081d0   0x00000010   Code   RO         6964    i.__mathlib_flt_underflow  m_wm.l(funder.o)
    0x080081e0   0x080081e0   0x00000154   Code   RO         6980    i.__mathlib_rredf2  m_wm.l(rredf.o)
    0x08008334   0x08008334   0x0000000e   Code   RO         7037    i.__scatterload_copy  mc_w.l(handlers.o)
    0x08008342   0x08008342   0x00000002   Code   RO         7038    i.__scatterload_null  mc_w.l(handlers.o)
    0x08008344   0x08008344   0x0000000e   Code   RO         7039    i.__scatterload_zeroinit  mc_w.l(handlers.o)
    0x08008352   0x08008352   0x00000002   PAD
    0x08008354   0x08008354   0x0000000c   Code   RO         7013    i.__set_errno       mc_w.l(errno.o)
    0x08008360   0x08008360   0x00000058   Code   RO         1441    i.angle_judge       chassis_task.o
    0x080083b8   0x080083b8   0x00000010   Code   RO         6925    i.atan              m_wm.l(atan.o)
    0x080083c8   0x080083c8   0x00000130   Code   RO         1442    i.automatic_control_chassis_init  chassis_task.o
    0x080084f8   0x080084f8   0x00000058   Code   RO          223    i.canfilter_init_start  can_recive.o
    0x08008550   0x08008550   0x0000010c   Code   RO         1443    i.chassis_automatic_control_loop  chassis_task.o
    0x0800865c   0x0800865c   0x00000124   Code   RO         1444    i.chassis_rc_to_control_vector  chassis_task.o
    0x08008780   0x08008780   0x00000026   Code   RO         1445    i.chassis_remote_control_loop  chassis_task.o
    0x080087a6   0x080087a6   0x00000002   PAD
    0x080087a8   0x080087a8   0x000000cc   Code   RO         1446    i.chassis_task      chassis_task.o
    0x08008874   0x08008874   0x00000012   Code   RO         1447    i.clear_step        chassis_task.o
    0x08008886   0x08008886   0x00000002   PAD
    0x08008888   0x08008888   0x0000005c   Code   RO         1350    i.detect_hook       detect_task.o
    0x080088e4   0x080088e4   0x00000094   Code   RO         1351    i.detect_init       detect_task.o
    0x08008978   0x08008978   0x00000104   Code   RO         1352    i.detect_task       detect_task.o
    0x08008a7c   0x08008a7c   0x0000001c   Code   RO          162    i.ecd_zero          pid.o
    0x08008a98   0x08008a98   0x00000018   Code   RO         6571    i.fabs              m_wm.l(fabs.o)
    0x08008ab0   0x08008ab0   0x0000004e   Code   RO         1722    i.first_order_filter_cali  filter.o
    0x08008afe   0x08008afe   0x00000012   Code   RO         1723    i.first_order_filter_init  filter.o
    0x08008b10   0x08008b10   0x00000014   Code   RO          224    i.get_Chassis_Motor_Measure_Point  can_recive.o
    0x08008b24   0x08008b24   0x00000008   Code   RO          225    i.get_Lift_Motor_Point  can_recive.o
    0x08008b2c   0x08008b2c   0x00000014   Code   RO          226    i.get_gimbal_motor_measure_point  can_recive.o
    0x08008b40   0x08008b40   0x00000008   Code   RO         1251    i.get_remote_control_point  remote_task.o
    0x08008b48   0x08008b48   0x00000034   Code   RO         1790    i.height_get        lift_task.o
    0x08008b7c   0x08008b7c   0x00000010   Code   RO         6006    i.inHandlerMode     cmsis_os.o
    0x08008b8c   0x08008b8c   0x00000038   Code   RO         1396    i.led_flow_task     led_flow_task.o
    0x08008bc4   0x08008bc4   0x00000058   Code   RO         1791    i.lift_motor_init   lift_task.o
    0x08008c1c   0x08008c1c   0x00000110   Code   RO         1792    i.lift_task         lift_task.o
    0x08008d2c   0x08008d2c   0x000000a0   Code   RO         1449    i.limit_speed       chassis_task.o
    0x08008dcc   0x08008dcc   0x00000064   Code   RO          567    i.main              main.o
    0x08008e30   0x08008e30   0x0000000c   Code   RO         6008    i.makeFreeRtosPriority  cmsis_os.o
    0x08008e3c   0x08008e3c   0x00000030   Code   RO         1932    i.my_UART_IDLE_function  base_usart.o
    0x08008e6c   0x08008e6c   0x000000f0   Code   RO         1450    i.num_0_task        chassis_task.o
    0x08008f5c   0x08008f5c   0x000000dc   Code   RO         1451    i.num_10_task       chassis_task.o
    0x08009038   0x08009038   0x00000048   Code   RO         1452    i.num_16_task       chassis_task.o
    0x08009080   0x08009080   0x00000040   Code   RO         1453    i.num_18_task       chassis_task.o
    0x080090c0   0x080090c0   0x00000044   Code   RO         1454    i.num_1_task        chassis_task.o
    0x08009104   0x08009104   0x00000050   Code   RO         1455    i.num_2_task        chassis_task.o
    0x08009154   0x08009154   0x00000040   Code   RO         1456    i.num_3_task        chassis_task.o
    0x08009194   0x08009194   0x000000e8   Code   RO         1457    i.num_5_task        chassis_task.o
    0x0800927c   0x0800927c   0x000000ec   Code   RO         1458    i.num_9_task        chassis_task.o
    0x08009368   0x08009368   0x00000010   Code   RO         6010    i.osDelay           cmsis_os.o
    0x08009378   0x08009378   0x0000000a   Code   RO         6013    i.osKernelStart     cmsis_os.o
    0x08009382   0x08009382   0x00000058   Code   RO         6047    i.osThreadCreate    cmsis_os.o
    0x080093da   0x080093da   0x00000002   PAD
    0x080093dc   0x080093dc   0x00000034   Code   RO         6051    i.osThreadResume    cmsis_os.o
    0x08009410   0x08009410   0x0000000a   Code   RO         6054    i.osThreadSuspend   cmsis_os.o
    0x0800941a   0x0800941a   0x00000002   PAD
    0x0800941c   0x0800941c   0x00000048   Code   RO         1459    i.position_judge    chassis_task.o
    0x08009464   0x08009464   0x00000070   Code   RO         5679    i.prvAddCurrentTaskToDelayedList  tasks.o
    0x080094d4   0x080094d4   0x00000088   Code   RO         5680    i.prvAddNewTaskToReadyList  tasks.o
    0x0800955c   0x0800955c   0x0000003c   Code   RO         5681    i.prvCheckTasksWaitingTermination  tasks.o
    0x08009598   0x08009598   0x00000040   Code   RO         5682    i.prvDeleteTCB      tasks.o
    0x080095d8   0x080095d8   0x0000004c   Code   RO         6375    i.prvHeapInit       heap_4.o
    0x08009624   0x08009624   0x00000028   Code   RO         5683    i.prvIdleTask       tasks.o
    0x0800964c   0x0800964c   0x00000094   Code   RO         5684    i.prvInitialiseNewTask  tasks.o
    0x080096e0   0x080096e0   0x00000058   Code   RO         5685    i.prvInitialiseTaskLists  tasks.o
    0x08009738   0x08009738   0x00000054   Code   RO         6376    i.prvInsertBlockIntoFreeList  heap_4.o
    0x0800978c   0x0800978c   0x00000024   Code   RO         5686    i.prvResetNextTaskUnblockTime  tasks.o
    0x080097b0   0x080097b0   0x0000002c   Code   RO         6444    i.prvTaskExitError  port.o
    0x080097dc   0x080097dc   0x00000038   Code   RO         5687    i.prvTaskIsTaskSuspended  tasks.o
    0x08009814   0x08009814   0x0000016c   Code   RO         1460    i.put_first_task    chassis_task.o
    0x08009980   0x08009980   0x000000f0   Code   RO         1461    i.put_second_task   chassis_task.o
    0x08009a70   0x08009a70   0x000000dc   Code   RO         6377    i.pvPortMalloc      heap_4.o
    0x08009b4c   0x08009b4c   0x00000024   Code   RO         6445    i.pxPortInitialiseStack  port.o
    0x08009b70   0x08009b70   0x00000130   Code   RO         1462    i.remote_control_chassis_init  chassis_task.o
    0x08009ca0   0x08009ca0   0x00000010   Code   RO         1252    i.remote_control_init  remote_task.o
    0x08009cb0   0x08009cb0   0x0000003c   Code   RO         1253    i.remote_task       remote_task.o
    0x08009cec   0x08009cec   0x000000b4   Code   RO         1254    i.sbus_to_rc        remote_task.o
    0x08009da0   0x08009da0   0x00000006   Code   RO         1255    i.slove_RC_lost     remote_task.o
    0x08009da6   0x08009da6   0x00000006   Code   RO         1256    i.slove_data_error  remote_task.o
    0x08009dac   0x08009dac   0x00000016   Code   RO         1463    i.speed_3508_enforce  chassis_task.o
    0x08009dc2   0x08009dc2   0x0000006e   Code   RO         1464    i.speed_limit       chassis_task.o
    0x08009e30   0x08009e30   0x0000006e   Code   RO         6615    i.sqrt              m_wm.l(sqrt.o)
    0x08009e9e   0x08009e9e   0x00000002   PAD
    0x08009ea0   0x08009ea0   0x00000020   Code   RO         1465    i.stop_3508         chassis_task.o
    0x08009ec0   0x08009ec0   0x00000018   Code   RO         1353    i.toe_is_error      detect_task.o
    0x08009ed8   0x08009ed8   0x000000d0   Code   RO         1467    i.track             chassis_task.o
    0x08009fa8   0x08009fa8   0x00000018   Code   RO          227    i.uwb_data_init     can_recive.o
    0x08009fc0   0x08009fc0   0x00000026   Code   RO         5305    i.uxListRemove      list.o
    0x08009fe6   0x08009fe6   0x00000002   PAD
    0x08009fe8   0x08009fe8   0x00000014   Code   RO          677    i.vApplicationGetIdleTaskMemory  freertos.o
    0x08009ffc   0x08009ffc   0x00000016   Code   RO         5306    i.vListInitialise   list.o
    0x0800a012   0x0800a012   0x00000006   Code   RO         5307    i.vListInitialiseItem  list.o
    0x0800a018   0x0800a018   0x00000030   Code   RO         5308    i.vListInsert       list.o
    0x0800a048   0x0800a048   0x00000018   Code   RO         5309    i.vListInsertEnd    list.o
    0x0800a060   0x0800a060   0x00000040   Code   RO         6447    i.vPortEnterCritical  port.o
    0x0800a0a0   0x0800a0a0   0x0000002c   Code   RO         6448    i.vPortExitCritical  port.o
    0x0800a0cc   0x0800a0cc   0x00000064   Code   RO         6378    i.vPortFree         heap_4.o
    0x0800a130   0x0800a130   0x00000024   Code   RO         6449    i.vPortSetupTimerInterrupt  port.o
    0x0800a154   0x0800a154   0x00000054   Code   RO         6450    i.vPortValidateInterruptPriority  port.o
    0x0800a1a8   0x0800a1a8   0x00000050   Code   RO         5695    i.vTaskDelay        tasks.o
    0x0800a1f8   0x0800a1f8   0x00000080   Code   RO         5706    i.vTaskResume       tasks.o
    0x0800a278   0x0800a278   0x00000088   Code   RO         5708    i.vTaskStartScheduler  tasks.o
    0x0800a300   0x0800a300   0x000000bc   Code   RO         5709    i.vTaskSuspend      tasks.o
    0x0800a3bc   0x0800a3bc   0x00000010   Code   RO         5710    i.vTaskSuspendAll   tasks.o
    0x0800a3cc   0x0800a3cc   0x00000060   Code   RO         5711    i.vTaskSwitchContext  tasks.o
    0x0800a42c   0x0800a42c   0x000000f4   Code   RO         6451    i.xPortStartScheduler  port.o
    0x0800a520   0x0800a520   0x00000064   Code   RO         5714    i.xTaskCreate       tasks.o
    0x0800a584   0x0800a584   0x0000005c   Code   RO         5715    i.xTaskCreateStatic  tasks.o
    0x0800a5e0   0x0800a5e0   0x0000000c   Code   RO         5720    i.xTaskGetTickCount  tasks.o
    0x0800a5ec   0x0800a5ec   0x000000d0   Code   RO         5722    i.xTaskIncrementTick  tasks.o
    0x0800a6bc   0x0800a6bc   0x000000cc   Code   RO         5728    i.xTaskResumeAll    tasks.o
    0x0800a788   0x0800a788   0x00000090   Code   RO         5729    i.xTaskResumeFromISR  tasks.o
    0x0800a818   0x0800a818   0x0000014c   Code   RO         1468    i.yaw_calibrate     chassis_task.o
    0x0800a964   0x0800a964   0x000000c4   Data   RO          679    .constdata          freertos.o
    0x0800aa28   0x0800aa28   0x00000010   Data   RO         1212    .constdata          system_stm32f4xx.o
    0x0800aa38   0x0800aa38   0x00000008   Data   RO         1213    .constdata          system_stm32f4xx.o
    0x0800aa40   0x0800aa40   0x00000006   Data   RO         1355    .constdata          detect_task.o
    0x0800aa46   0x0800aa46   0x00000002   PAD
    0x0800aa48   0x0800aa48   0x00000010   Data   RO         1470    .constdata          chassis_task.o
    0x0800aa58   0x0800aa58   0x00000008   Data   RO         2843    .constdata          stm32f4xx_hal_dma.o
    0x0800aa60   0x0800aa60   0x00000088   Data   RO         6578    .constdata          m_wm.l(pow.o)
    0x0800aae8   0x0800aae8   0x00000098   Data   RO         6926    .constdata          m_wm.l(atan.o)
    0x0800ab80   0x0800ab80   0x00000030   Data   RO         6938    .constdata          m_wm.l(cos_i.o)
    0x0800abb0   0x0800abb0   0x00000008   Data   RO         6974    .constdata          m_wm.l(qnan.o)
    0x0800abb8   0x0800abb8   0x000000c8   Data   RO         6977    .constdata          m_wm.l(rred.o)
    0x0800ac80   0x0800ac80   0x00000020   Data   RO         6981    .constdata          m_wm.l(rredf.o)
    0x0800aca0   0x0800aca0   0x00000028   Data   RO         6984    .constdata          m_wm.l(sin_i.o)
    0x0800acc8   0x0800acc8   0x0000005d   Data   RO          680    .conststring        freertos.o
    0x0800ad25   0x0800ad25   0x00000003   PAD
    0x0800ad28   0x0800ad28   0x00000020   Data   RO         7035    Region$$Table       anon$$obj.o


    Execution Region RW_IRAM1 (Exec base: 0x20000000, Load base: 0x0800ad48, Size: 0x00005b70, Max: 0x00030000, ABSOLUTE, COMPRESSED[0x00000044])

    Exec Addr    Load Addr    Size         Type   Attr      Idx    E Section Name        Object

    0x20000000   COMPRESSED   0x00000046   Data   RW          230    .data               can_recive.o
    0x20000046   COMPRESSED   0x00000002   PAD
    0x20000048   COMPRESSED   0x0000001c   Data   RW          681    .data               freertos.o
    0x20000064   COMPRESSED   0x00000004   Data   RW          775    .data               can.o
    0x20000068   COMPRESSED   0x00000004   Data   RW         1214    .data               system_stm32f4xx.o
    0x2000006c   COMPRESSED   0x0000000c   Data   RW         1258    .data               remote_task.o
    0x20000078   COMPRESSED   0x00000008   Data   RW         1356    .data               detect_task.o
    0x20000080   COMPRESSED   0x0000008c   Data   RW         1471    .data               chassis_task.o
    0x2000010c   COMPRESSED   0x00000004   PAD
    0x20000110   COMPRESSED   0x00000030   Data   RW         1794    .data               lift_task.o
    0x20000140   COMPRESSED   0x0000000c   Data   RW         3290    .data               stm32f4xx_hal.o
    0x2000014c   COMPRESSED   0x0000003c   Data   RW         5731    .data               tasks.o
    0x20000188   COMPRESSED   0x00000020   Data   RW         6384    .data               heap_4.o
    0x200001a8   COMPRESSED   0x0000000c   Data   RW         6452    .data               port.o
    0x200001b4   COMPRESSED   0x00000004   Data   RW         7014    .data               mc_w.l(errno.o)
    0x200001b8        -       0x000000a2   Zero   RW          229    .bss                can_recive.o
    0x2000025a   COMPRESSED   0x00000002   PAD
    0x2000025c        -       0x00000254   Zero   RW          678    .bss                freertos.o
    0x200004b0        -       0x00000050   Zero   RW          774    .bss                can.o
    0x20000500        -       0x00000058   Zero   RW          846    .bss                spi.o
    0x20000558        -       0x00000120   Zero   RW          892    .bss                tim.o
    0x20000678        -       0x00000290   Zero   RW          957    .bss                usart.o
    0x20000908        -       0x00000048   Zero   RW         1174    .bss                stm32f4xx_hal_timebase_tim.o
    0x20000950        -       0x0000005e   Zero   RW         1257    .bss                remote_task.o
    0x200009ae        -       0x00000048   Zero   RW         1354    .bss                detect_task.o
    0x200009f6   COMPRESSED   0x00000002   PAD
    0x200009f8        -       0x00000690   Zero   RW         1469    .bss                chassis_task.o
    0x20001088        -       0x00000098   Zero   RW         1793    .bss                lift_task.o
    0x20001120        -       0x00000190   Zero   RW         1839    .bss                waypoint_task.o
    0x200012b0        -       0x000007d0   Zero   RW         1934    .bss                base_usart.o
    0x20001a80        -       0x000000f0   Zero   RW         5730    .bss                tasks.o
    0x20001b70        -       0x00003c00   Zero   RW         6383    .bss                heap_4.o
    0x20005770        -       0x00000400   Zero   RW            1    STACK               startup_stm32f427xx.o


==============================================================================

Image component sizes


      Code (inc. data)   RO Data    RW Data    ZI Data      Debug   Object Name

        80         18          0          0       2000       1938   base_usart.o
       168         22          0          0          0     760323   bsp_rc.o
       424         40          0          4         80       2506   can.o
      1320        150          0         70        162      45510   can_recive.o
      9410        672         16        140       1680      35034   chassis_task.o
       204          6          0          0          0      29966   cmsis_os.o
       524         44          6          8         72       3096   detect_task.o
       108          4          0          0          0        818   dma.o
         0          0          0          0          0      16868   event_groups.o
       126          0          0          0          0       2226   filter.o
       200         14        289         28        596       7602   freertos.o
       252         22          0          0          0       1115   gpio.o
       480         26          0         32      15360       7507   heap_4.o
        56          4          0          0          0        616   led_flow_task.o
       412         50          0         48        152       2633   lift_task.o
       138          0          0          0          0       3534   list.o
       272         22          0          0          0       5827   main.o
      1428         40          0          0          0       5362   pid.o
       786         84          0         12          0      11869   port.o
       602         56          0         12         94       9232   remote_task.o
       180         24          0          0         88       1669   spi.o
        36          8        428          0       1024        828   startup_stm32f427xx.o
        80         14          0         12          0       8186   stm32f4xx_hal.o
      1770          6          0          0          0      14527   stm32f4xx_hal_can.o
       158         14          0          0          0      33214   stm32f4xx_hal_cortex.o
      1170         14          8          0          0       7454   stm32f4xx_hal_dma.o
       520         52          0          0          0       2991   stm32f4xx_hal_gpio.o
        56          4          0          0          0        842   stm32f4xx_hal_msp.o
      1536         88          0          0          0       6933   stm32f4xx_hal_rcc.o
       190          0          0          0          0       1191   stm32f4xx_hal_spi.o
      2084        140          0          0          0      16784   stm32f4xx_hal_tim.o
       232         30          0          0          0       3341   stm32f4xx_hal_tim_ex.o
       152         20          0          0         72       1539   stm32f4xx_hal_timebase_tim.o
      2234         30          0          0          0      17072   stm32f4xx_hal_uart.o
       176         76          0          0          0       8863   stm32f4xx_it.o
         0          0          0          0          0        392   stream_buffer.o
        16          4         24          4          0       1111   system_stm32f4xx.o
      2144        170          0         60        240      24959   tasks.o
      1040         70          0          0        288       4887   tim.o
       856         86          0          0        656       4126   usart.o
       648        136          0          0        400       5336   waypoint_task.o

    ----------------------------------------------------------------------
     32330       2260        808        436      22968    1119827   Object Totals
         0          0         32          0          0          0   (incl. Generated)
        62          0          5          6          4          0   (incl. Padding)

    ----------------------------------------------------------------------

      Code (inc. data)   RO Data    RW Data    ZI Data      Debug   Library Member Name

       744        106        152          0          0        352   atan.o
       496         64          0          0          0        192   atan2.o
       200         20          0          0          0        164   cos.o
       368         46         48          0          0        200   cos_i.o
       336         56          0          0          0        136   cosf.o
       184         44          0          0          0        744   dunder.o
        44          0          0          0          0        248   fabs.o
        48          0          0          0          0        124   fpclassify.o
        38          0          0          0          0        116   fpclassifyf.o
        38         12          0          0          0        348   funder.o
       248          0          0          0          0        152   poly.o
      3152        296        136          0          0        352   pow.o
         0          0          8          0          0          0   qnan.o
      1080        142        200          0          0        188   rred.o
       340         24         32          0          0        160   rredf.o
       200         20          0          0          0        164   sin.o
       304         24         40          0          0        208   sin_i.o
       400         56          0          0          0        212   sinf.o
       232          0          0          0          0        296   sqrt.o
        86          0          0          0          0          0   __dczerorl2.o
         0          0          0          0          0          0   entry.o
         0          0          0          0          0          0   entry10a.o
         0          0          0          0          0          0   entry11a.o
         8          4          0          0          0          0   entry2.o
         4          0          0          0          0          0   entry5.o
         0          0          0          0          0          0   entry7b.o
         0          0          0          0          0          0   entry8b.o
         8          4          0          0          0          0   entry9a.o
        12          6          0          4          0         68   errno.o
        30          0          0          0          0          0   handlers.o
        36          8          0          0          0         68   init.o
         0          0          0          0          0          0   iusefp.o
        30          0          0          0          0         68   llshl.o
        36          0          0          0          0         68   llsshr.o
        32          0          0          0          0         68   llushr.o
        36          0          0          0          0         68   memcpya.o
        36          0          0          0          0        108   memseta.o
        98          0          0          0          0         92   uldiv.o
        48          0          0          0          0         68   cdcmple.o
        48          0          0          0          0         68   cdrcmple.o
        56          0          0          0          0         88   d2f.o
       334          0          0          0          0        148   dadd.o
       222          0          0          0          0        100   ddiv.o
       186          0          0          0          0        176   depilogue.o
        62          0          0          0          0         80   dfixi.o
        34          0          0          0          0         76   dflti.o
        40          0          0          0          0         80   dfltl.o
        26          0          0          0          0         76   dfltui.o
       228          0          0          0          0         96   dmul.o
        46          0          0          0          0         80   dscalb.o
       162          0          0          0          0        100   dsqrt.o
        38          0          0          0          0         68   f2d.o
       110          0          0          0          0        168   fepilogue.o
        44          0          0          0          0         92   ffltl.o

    ----------------------------------------------------------------------
     10606        932        616          4          0       6528   Library Totals
        18          0          0          0          0          0   (incl. Padding)

    ----------------------------------------------------------------------

      Code (inc. data)   RO Data    RW Data    ZI Data      Debug   Library Name

      8452        910        616          0          0       4356   m_wm.l
       452         22          0          4          0        608   mc_w.l
      1684          0          0          0          0       1564   mf_w.l

    ----------------------------------------------------------------------
     10606        932        616          4          0       6528   Library Totals

    ----------------------------------------------------------------------

==============================================================================


      Code (inc. data)   RO Data    RW Data    ZI Data      Debug   

     42936       3192       1424        440      22968    1096747   Grand Totals
     42936       3192       1424         68      22968    1096747   ELF Image Totals (compressed)
     42936       3192       1424         68          0          0   ROM Totals

==============================================================================

    Total RO  Size (Code + RO Data)                44360 (  43.32kB)
    Total RW  Size (RW Data + ZI Data)             23408 (  22.86kB)
    Total ROM Size (Code + RO Data + RW Data)      44428 (  43.39kB)

==============================================================================

